<!doctype html public "-//w3c//dtd html 4.0 transitional//en">
<html><head>
<title>Static Call Graph - [.\HT32\52367\Obj\HT32.axf]</title></head>
<body><HR>
<H1>Static Call Graph for image .\HT32\52367\Obj\HT32.axf</H1><HR>
<BR><P>#&#060CALLGRAPH&#062# ARM Linker, 6190004: Last Updated: Wed Jul 26 14:03:29 2023
<BR><P>
<H3>Maximum Stack Usage =        584 bytes + Unknown(Cycles, Untraceable Function Pointers)</H3><H3>
Call chain for Maximum Stack Depth:</H3>
task_1 &rArr; Get_GPS_Data &rArr; Parse_GPS_String &rArr; Calculate_Speed &rArr; Calculate_Distance &rArr; sin &rArr; __ieee754_rem_pio2 &rArr; __aeabi_dmul &rArr; _double_epilogue &rArr; _double_round
<P>
<H3>
Mutually Recursive functions
</H3> <LI><a href="#[1]">NMI_Handler</a>&nbsp;&nbsp;&nbsp;&rArr;&nbsp;&nbsp;&nbsp;<a href="#[1]">NMI_Handler</a><BR>
 <LI><a href="#[2]">HardFault_Handler</a>&nbsp;&nbsp;&nbsp;&rArr;&nbsp;&nbsp;&nbsp;<a href="#[2]">HardFault_Handler</a><BR>
 <LI><a href="#[e]">ADC_IRQHandler</a>&nbsp;&nbsp;&nbsp;&rArr;&nbsp;&nbsp;&nbsp;<a href="#[e]">ADC_IRQHandler</a><BR>
 <LI><a href="#[a8]">I2C_TargetAddressConfig</a>&nbsp;&nbsp;&nbsp;&rArr;&nbsp;&nbsp;&nbsp;<a href="#[a8]">I2C_TargetAddressConfig</a><BR>
 <LI><a href="#[6a]">Error_Blinking_LED_1</a>&nbsp;&nbsp;&nbsp;&rArr;&nbsp;&nbsp;&nbsp;<a href="#[6a]">Error_Blinking_LED_1</a><BR>
</UL>
<P>
<H3>
Function Pointers
</H3><UL>
 <LI><a href="#[e]">ADC_IRQHandler</a> from startup_ht32f5xxxx_03.o(RESET) referenced from startup_ht32f5xxxx_03.o(RESET)
 <LI><a href="#[f]">AES_IRQHandler</a> from startup_ht32f5xxxx_03.o(RESET) referenced from startup_ht32f5xxxx_03.o(RESET)
 <LI><a href="#[17]">BFTM0_IRQHandler</a> from startup_ht32f5xxxx_03.o(RESET) referenced from startup_ht32f5xxxx_03.o(RESET)
 <LI><a href="#[18]">BFTM1_IRQHandler</a> from startup_ht32f5xxxx_03.o(RESET) referenced from startup_ht32f5xxxx_03.o(RESET)
 <LI><a href="#[26]">BootProcess</a> from startup_ht32f5xxxx_03.o(RESET) referenced from startup_ht32f5xxxx_03.o(RESET)
 <LI><a href="#[d]">COMP_DAC_IRQHandler</a> from startup_ht32f5xxxx_03.o(RESET) referenced from startup_ht32f5xxxx_03.o(RESET)
 <LI><a href="#[9]">EVWUP_IRQHandler</a> from startup_ht32f5xxxx_03.o(RESET) referenced from startup_ht32f5xxxx_03.o(RESET)
 <LI><a href="#[a]">EXTI0_1_IRQHandler</a> from startup_ht32f5xxxx_03.o(RESET) referenced from startup_ht32f5xxxx_03.o(RESET)
 <LI><a href="#[b]">EXTI2_3_IRQHandler</a> from startup_ht32f5xxxx_03.o(RESET) referenced from startup_ht32f5xxxx_03.o(RESET)
 <LI><a href="#[c]">EXTI4_15_IRQHandler</a> from startup_ht32f5xxxx_03.o(RESET) referenced from startup_ht32f5xxxx_03.o(RESET)
 <LI><a href="#[8]">FLASH_IRQHandler</a> from startup_ht32f5xxxx_03.o(RESET) referenced from startup_ht32f5xxxx_03.o(RESET)
 <LI><a href="#[12]">GPTM0_IRQHandler</a> from startup_ht32f5xxxx_03.o(RESET) referenced from startup_ht32f5xxxx_03.o(RESET)
 <LI><a href="#[2]">HardFault_Handler</a> from startup_ht32f5xxxx_03.o(RESET) referenced from startup_ht32f5xxxx_03.o(RESET)
 <LI><a href="#[19]">I2C0_IRQHandler</a> from startup_ht32f5xxxx_03.o(RESET) referenced from startup_ht32f5xxxx_03.o(RESET)
 <LI><a href="#[1a]">I2C1_IRQHandler</a> from startup_ht32f5xxxx_03.o(RESET) referenced from startup_ht32f5xxxx_03.o(RESET)
 <LI><a href="#[22]">I2S_IRQHandler</a> from startup_ht32f5xxxx_03.o(RESET) referenced from startup_ht32f5xxxx_03.o(RESET)
 <LI><a href="#[6]">LVD_BOD_IRQHandler</a> from startup_ht32f5xxxx_03.o(RESET) referenced from startup_ht32f5xxxx_03.o(RESET)
 <LI><a href="#[10]">MCTM0_IRQHandler</a> from startup_ht32f5xxxx_03.o(RESET) referenced from startup_ht32f5xxxx_03.o(RESET)
 <LI><a href="#[1]">NMI_Handler</a> from startup_ht32f5xxxx_03.o(RESET) referenced from startup_ht32f5xxxx_03.o(RESET)
 <LI><a href="#[24]">PDMA_CH0_1_IRQHandler</a> from startup_ht32f5xxxx_03.o(RESET) referenced from startup_ht32f5xxxx_03.o(RESET)
 <LI><a href="#[25]">PDMA_CH2_5_IRQHandler</a> from startup_ht32f5xxxx_03.o(RESET) referenced from startup_ht32f5xxxx_03.o(RESET)
 <LI><a href="#[15]">PWM0_IRQHandler</a> from startup_ht32f5xxxx_03.o(RESET) referenced from startup_ht32f5xxxx_03.o(RESET)
 <LI><a href="#[16]">PWM1_IRQHandler</a> from startup_ht32f5xxxx_03.o(RESET) referenced from startup_ht32f5xxxx_03.o(RESET)
 <LI><a href="#[4]">PendSV_Handler</a> from port.o(.text.PendSV_Handler) referenced from startup_ht32f5xxxx_03.o(RESET)
 <LI><a href="#[11]">QSPI_IRQHandler</a> from startup_ht32f5xxxx_03.o(RESET) referenced from startup_ht32f5xxxx_03.o(RESET)
 <LI><a href="#[7]">RTC_IRQHandler</a> from startup_ht32f5xxxx_03.o(RESET) referenced from startup_ht32f5xxxx_03.o(RESET)
 <LI><a href="#[0]">Reset_Handler</a> from startup_ht32f5xxxx_03.o(RESET) referenced from startup_ht32f5xxxx_03.o(RESET)
 <LI><a href="#[21]">SCI_IRQHandler</a> from startup_ht32f5xxxx_03.o(RESET) referenced from startup_ht32f5xxxx_03.o(RESET)
 <LI><a href="#[13]">SCTM0_IRQHandler</a> from startup_ht32f5xxxx_03.o(RESET) referenced from startup_ht32f5xxxx_03.o(RESET)
 <LI><a href="#[14]">SCTM1_IRQHandler</a> from startup_ht32f5xxxx_03.o(RESET) referenced from startup_ht32f5xxxx_03.o(RESET)
 <LI><a href="#[1b]">SPI0_IRQHandler</a> from startup_ht32f5xxxx_03.o(RESET) referenced from startup_ht32f5xxxx_03.o(RESET)
 <LI><a href="#[1c]">SPI1_IRQHandler</a> from startup_ht32f5xxxx_03.o(RESET) referenced from startup_ht32f5xxxx_03.o(RESET)
 <LI><a href="#[3]">SVC_Handler</a> from port.o(.text.SVC_Handler) referenced from startup_ht32f5xxxx_03.o(RESET)
 <LI><a href="#[5]">SysTick_Handler</a> from port.o(.text.SysTick_Handler) referenced from startup_ht32f5xxxx_03.o(RESET)
 <LI><a href="#[27]">SystemInit</a> from system_ht32f5xxxx_03.o(.text.SystemInit) referenced from startup_ht32f5xxxx_03.o(RESET)
 <LI><a href="#[1f]">UART0_UART2_IRQHandler</a> from startup_ht32f5xxxx_03.o(RESET) referenced from startup_ht32f5xxxx_03.o(RESET)
 <LI><a href="#[20]">UART1_UART3_IRQHandler</a> from startup_ht32f5xxxx_03.o(RESET) referenced from startup_ht32f5xxxx_03.o(RESET)
 <LI><a href="#[1d]">USART0_IRQHandler</a> from startup_ht32f5xxxx_03.o(RESET) referenced from startup_ht32f5xxxx_03.o(RESET)
 <LI><a href="#[1e]">USART1_IRQHandler</a> from startup_ht32f5xxxx_03.o(RESET) referenced from startup_ht32f5xxxx_03.o(RESET)
 <LI><a href="#[23]">USB_IRQHandler</a> from startup_ht32f5xxxx_03.o(RESET) referenced from startup_ht32f5xxxx_03.o(RESET)
 <LI><a href="#[28]">__main</a> from entry.o(.ARM.Collect$$$$00000000) referenced from startup_ht32f5xxxx_03.o(RESET)
 <LI><a href="#[31]">_sputc</a> from printfa.o(i._sputc) referenced from printfa.o(i.__0sprintf)
 <LI><a href="#[29]">main</a> from main.o(.text.main) referenced from entry9a.o(.ARM.Collect$$$$0000000B)
 <LI><a href="#[2f]">prvIdleTask</a> from tasks.o(.text.prvIdleTask) referenced from tasks.o(.text.vTaskStartScheduler)
 <LI><a href="#[2e]">prvTaskExitError</a> from port.o(.text.prvTaskExitError) referenced from port.o(.text.pxPortInitialiseStack)
 <LI><a href="#[30]">prvTimerTask</a> from timers.o(.text.prvTimerTask) referenced from timers.o(.text.xTimerCreateTimerTask)
 <LI><a href="#[2a]">task_1</a> from main.o(.text.task_1) referenced from main.o(.text.main)
 <LI><a href="#[2b]">task_2</a> from main.o(.text.task_2) referenced from main.o(.text.main)
 <LI><a href="#[2c]">task_3</a> from main.o(.text.task_3) referenced from main.o(.text.main)
 <LI><a href="#[2d]">task_4</a> from main.o(.text.task_4) referenced from main.o(.text.main)
</UL>
<P>
<H3>
Global Symbols
</H3>
<P><STRONG><a name="[0]"></a>Reset_Handler</STRONG> (Thumb, 12 bytes, Stack size 0 bytes, startup_ht32f5xxxx_03.o(RESET))
<BR>[Address Reference Count : 1]<UL><LI> startup_ht32f5xxxx_03.o(RESET)
</UL>
<P><STRONG><a name="[1]"></a>NMI_Handler</STRONG> (Thumb, 2 bytes, Stack size 0 bytes, startup_ht32f5xxxx_03.o(RESET))
<BR><BR>[Calls]<UL><LI><a href="#[1]">&gt;&gt;</a>&nbsp;&nbsp;&nbsp;NMI_Handler
</UL>
<BR>[Called By]<UL><LI><a href="#[1]">&gt;&gt;</a>&nbsp;&nbsp;&nbsp;NMI_Handler
</UL>
<BR>[Address Reference Count : 1]<UL><LI> startup_ht32f5xxxx_03.o(RESET)
</UL>
<P><STRONG><a name="[2]"></a>HardFault_Handler</STRONG> (Thumb, 2 bytes, Stack size 0 bytes, startup_ht32f5xxxx_03.o(RESET))
<BR><BR>[Calls]<UL><LI><a href="#[2]">&gt;&gt;</a>&nbsp;&nbsp;&nbsp;HardFault_Handler
</UL>
<BR>[Called By]<UL><LI><a href="#[2]">&gt;&gt;</a>&nbsp;&nbsp;&nbsp;HardFault_Handler
</UL>
<BR>[Address Reference Count : 1]<UL><LI> startup_ht32f5xxxx_03.o(RESET)
</UL>
<P><STRONG><a name="[e]"></a>ADC_IRQHandler</STRONG> (Thumb, 0 bytes, Stack size 0 bytes, startup_ht32f5xxxx_03.o(RESET))
<BR><BR>[Calls]<UL><LI><a href="#[e]">&gt;&gt;</a>&nbsp;&nbsp;&nbsp;ADC_IRQHandler
</UL>
<BR>[Called By]<UL><LI><a href="#[e]">&gt;&gt;</a>&nbsp;&nbsp;&nbsp;ADC_IRQHandler
</UL>
<BR>[Address Reference Count : 1]<UL><LI> startup_ht32f5xxxx_03.o(RESET)
</UL>
<P><STRONG><a name="[f]"></a>AES_IRQHandler</STRONG> (Thumb, 0 bytes, Stack size 0 bytes, startup_ht32f5xxxx_03.o(RESET))
<BR>[Address Reference Count : 1]<UL><LI> startup_ht32f5xxxx_03.o(RESET)
</UL>
<P><STRONG><a name="[17]"></a>BFTM0_IRQHandler</STRONG> (Thumb, 0 bytes, Stack size 0 bytes, startup_ht32f5xxxx_03.o(RESET))
<BR>[Address Reference Count : 1]<UL><LI> startup_ht32f5xxxx_03.o(RESET)
</UL>
<P><STRONG><a name="[18]"></a>BFTM1_IRQHandler</STRONG> (Thumb, 0 bytes, Stack size 0 bytes, startup_ht32f5xxxx_03.o(RESET))
<BR>[Address Reference Count : 1]<UL><LI> startup_ht32f5xxxx_03.o(RESET)
</UL>
<P><STRONG><a name="[d]"></a>COMP_DAC_IRQHandler</STRONG> (Thumb, 0 bytes, Stack size 0 bytes, startup_ht32f5xxxx_03.o(RESET))
<BR>[Address Reference Count : 1]<UL><LI> startup_ht32f5xxxx_03.o(RESET)
</UL>
<P><STRONG><a name="[32]"></a>COMP_IRQHandler</STRONG> (Thumb, 0 bytes, Stack size 0 bytes, startup_ht32f5xxxx_03.o(RESET), UNUSED, KEPT)

<P><STRONG><a name="[9]"></a>EVWUP_IRQHandler</STRONG> (Thumb, 0 bytes, Stack size 0 bytes, startup_ht32f5xxxx_03.o(RESET))
<BR>[Address Reference Count : 1]<UL><LI> startup_ht32f5xxxx_03.o(RESET)
</UL>
<P><STRONG><a name="[a]"></a>EXTI0_1_IRQHandler</STRONG> (Thumb, 0 bytes, Stack size 0 bytes, startup_ht32f5xxxx_03.o(RESET))
<BR>[Address Reference Count : 1]<UL><LI> startup_ht32f5xxxx_03.o(RESET)
</UL>
<P><STRONG><a name="[b]"></a>EXTI2_3_IRQHandler</STRONG> (Thumb, 0 bytes, Stack size 0 bytes, startup_ht32f5xxxx_03.o(RESET))
<BR>[Address Reference Count : 1]<UL><LI> startup_ht32f5xxxx_03.o(RESET)
</UL>
<P><STRONG><a name="[c]"></a>EXTI4_15_IRQHandler</STRONG> (Thumb, 0 bytes, Stack size 0 bytes, startup_ht32f5xxxx_03.o(RESET))
<BR>[Address Reference Count : 1]<UL><LI> startup_ht32f5xxxx_03.o(RESET)
</UL>
<P><STRONG><a name="[8]"></a>FLASH_IRQHandler</STRONG> (Thumb, 0 bytes, Stack size 0 bytes, startup_ht32f5xxxx_03.o(RESET))
<BR>[Address Reference Count : 1]<UL><LI> startup_ht32f5xxxx_03.o(RESET)
</UL>
<P><STRONG><a name="[12]"></a>GPTM0_IRQHandler</STRONG> (Thumb, 0 bytes, Stack size 0 bytes, startup_ht32f5xxxx_03.o(RESET))
<BR>[Address Reference Count : 1]<UL><LI> startup_ht32f5xxxx_03.o(RESET)
</UL>
<P><STRONG><a name="[19]"></a>I2C0_IRQHandler</STRONG> (Thumb, 0 bytes, Stack size 0 bytes, startup_ht32f5xxxx_03.o(RESET))
<BR>[Address Reference Count : 1]<UL><LI> startup_ht32f5xxxx_03.o(RESET)
</UL>
<P><STRONG><a name="[1a]"></a>I2C1_IRQHandler</STRONG> (Thumb, 0 bytes, Stack size 0 bytes, startup_ht32f5xxxx_03.o(RESET))
<BR>[Address Reference Count : 1]<UL><LI> startup_ht32f5xxxx_03.o(RESET)
</UL>
<P><STRONG><a name="[22]"></a>I2S_IRQHandler</STRONG> (Thumb, 0 bytes, Stack size 0 bytes, startup_ht32f5xxxx_03.o(RESET))
<BR>[Address Reference Count : 1]<UL><LI> startup_ht32f5xxxx_03.o(RESET)
</UL>
<P><STRONG><a name="[6]"></a>LVD_BOD_IRQHandler</STRONG> (Thumb, 0 bytes, Stack size 0 bytes, startup_ht32f5xxxx_03.o(RESET))
<BR>[Address Reference Count : 1]<UL><LI> startup_ht32f5xxxx_03.o(RESET)
</UL>
<P><STRONG><a name="[10]"></a>MCTM0_IRQHandler</STRONG> (Thumb, 0 bytes, Stack size 0 bytes, startup_ht32f5xxxx_03.o(RESET))
<BR>[Address Reference Count : 1]<UL><LI> startup_ht32f5xxxx_03.o(RESET)
</UL>
<P><STRONG><a name="[24]"></a>PDMA_CH0_1_IRQHandler</STRONG> (Thumb, 0 bytes, Stack size 0 bytes, startup_ht32f5xxxx_03.o(RESET))
<BR>[Address Reference Count : 1]<UL><LI> startup_ht32f5xxxx_03.o(RESET)
</UL>
<P><STRONG><a name="[25]"></a>PDMA_CH2_5_IRQHandler</STRONG> (Thumb, 0 bytes, Stack size 0 bytes, startup_ht32f5xxxx_03.o(RESET))
<BR>[Address Reference Count : 1]<UL><LI> startup_ht32f5xxxx_03.o(RESET)
</UL>
<P><STRONG><a name="[15]"></a>PWM0_IRQHandler</STRONG> (Thumb, 0 bytes, Stack size 0 bytes, startup_ht32f5xxxx_03.o(RESET))
<BR>[Address Reference Count : 1]<UL><LI> startup_ht32f5xxxx_03.o(RESET)
</UL>
<P><STRONG><a name="[16]"></a>PWM1_IRQHandler</STRONG> (Thumb, 0 bytes, Stack size 0 bytes, startup_ht32f5xxxx_03.o(RESET))
<BR>[Address Reference Count : 1]<UL><LI> startup_ht32f5xxxx_03.o(RESET)
</UL>
<P><STRONG><a name="[11]"></a>QSPI_IRQHandler</STRONG> (Thumb, 0 bytes, Stack size 0 bytes, startup_ht32f5xxxx_03.o(RESET))
<BR>[Address Reference Count : 1]<UL><LI> startup_ht32f5xxxx_03.o(RESET)
</UL>
<P><STRONG><a name="[7]"></a>RTC_IRQHandler</STRONG> (Thumb, 0 bytes, Stack size 0 bytes, startup_ht32f5xxxx_03.o(RESET))
<BR>[Address Reference Count : 1]<UL><LI> startup_ht32f5xxxx_03.o(RESET)
</UL>
<P><STRONG><a name="[21]"></a>SCI_IRQHandler</STRONG> (Thumb, 0 bytes, Stack size 0 bytes, startup_ht32f5xxxx_03.o(RESET))
<BR>[Address Reference Count : 1]<UL><LI> startup_ht32f5xxxx_03.o(RESET)
</UL>
<P><STRONG><a name="[13]"></a>SCTM0_IRQHandler</STRONG> (Thumb, 0 bytes, Stack size 0 bytes, startup_ht32f5xxxx_03.o(RESET))
<BR>[Address Reference Count : 1]<UL><LI> startup_ht32f5xxxx_03.o(RESET)
</UL>
<P><STRONG><a name="[14]"></a>SCTM1_IRQHandler</STRONG> (Thumb, 0 bytes, Stack size 0 bytes, startup_ht32f5xxxx_03.o(RESET))
<BR>[Address Reference Count : 1]<UL><LI> startup_ht32f5xxxx_03.o(RESET)
</UL>
<P><STRONG><a name="[1b]"></a>SPI0_IRQHandler</STRONG> (Thumb, 0 bytes, Stack size 0 bytes, startup_ht32f5xxxx_03.o(RESET))
<BR>[Address Reference Count : 1]<UL><LI> startup_ht32f5xxxx_03.o(RESET)
</UL>
<P><STRONG><a name="[1c]"></a>SPI1_IRQHandler</STRONG> (Thumb, 0 bytes, Stack size 0 bytes, startup_ht32f5xxxx_03.o(RESET))
<BR>[Address Reference Count : 1]<UL><LI> startup_ht32f5xxxx_03.o(RESET)
</UL>
<P><STRONG><a name="[33]"></a>UART0_IRQHandler</STRONG> (Thumb, 0 bytes, Stack size 0 bytes, startup_ht32f5xxxx_03.o(RESET), UNUSED, KEPT)

<P><STRONG><a name="[1f]"></a>UART0_UART2_IRQHandler</STRONG> (Thumb, 0 bytes, Stack size 0 bytes, startup_ht32f5xxxx_03.o(RESET))
<BR>[Address Reference Count : 1]<UL><LI> startup_ht32f5xxxx_03.o(RESET)
</UL>
<P><STRONG><a name="[34]"></a>UART1_IRQHandler</STRONG> (Thumb, 0 bytes, Stack size 0 bytes, startup_ht32f5xxxx_03.o(RESET), UNUSED, KEPT)

<P><STRONG><a name="[20]"></a>UART1_UART3_IRQHandler</STRONG> (Thumb, 0 bytes, Stack size 0 bytes, startup_ht32f5xxxx_03.o(RESET))
<BR>[Address Reference Count : 1]<UL><LI> startup_ht32f5xxxx_03.o(RESET)
</UL>
<P><STRONG><a name="[1d]"></a>USART0_IRQHandler</STRONG> (Thumb, 0 bytes, Stack size 0 bytes, startup_ht32f5xxxx_03.o(RESET))
<BR>[Address Reference Count : 1]<UL><LI> startup_ht32f5xxxx_03.o(RESET)
</UL>
<P><STRONG><a name="[1e]"></a>USART1_IRQHandler</STRONG> (Thumb, 0 bytes, Stack size 0 bytes, startup_ht32f5xxxx_03.o(RESET))
<BR>[Address Reference Count : 1]<UL><LI> startup_ht32f5xxxx_03.o(RESET)
</UL>
<P><STRONG><a name="[23]"></a>USB_IRQHandler</STRONG> (Thumb, 0 bytes, Stack size 0 bytes, startup_ht32f5xxxx_03.o(RESET))
<BR>[Address Reference Count : 1]<UL><LI> startup_ht32f5xxxx_03.o(RESET)
</UL>
<P><STRONG><a name="[28]"></a>__main</STRONG> (Thumb, 0 bytes, Stack size unknown bytes, entry.o(.ARM.Collect$$$$00000000))
<BR>[Address Reference Count : 1]<UL><LI> startup_ht32f5xxxx_03.o(RESET)
</UL>
<P><STRONG><a name="[f9]"></a>_main_stk</STRONG> (Thumb, 0 bytes, Stack size unknown bytes, entry2.o(.ARM.Collect$$$$00000001))

<P><STRONG><a name="[36]"></a>_main_scatterload</STRONG> (Thumb, 0 bytes, Stack size unknown bytes, entry5.o(.ARM.Collect$$$$00000004))
<BR><BR>[Calls]<UL><LI><a href="#[37]">&gt;&gt;</a>&nbsp;&nbsp;&nbsp;__scatterload
</UL>

<P><STRONG><a name="[5c]"></a>__main_after_scatterload</STRONG> (Thumb, 0 bytes, Stack size unknown bytes, entry5.o(.ARM.Collect$$$$00000004))
<BR><BR>[Called By]<UL><LI><a href="#[37]">&gt;&gt;</a>&nbsp;&nbsp;&nbsp;__scatterload
</UL>

<P><STRONG><a name="[fa]"></a>_main_clock</STRONG> (Thumb, 0 bytes, Stack size unknown bytes, entry7b.o(.ARM.Collect$$$$00000008))

<P><STRONG><a name="[fb]"></a>_main_cpp_init</STRONG> (Thumb, 0 bytes, Stack size unknown bytes, entry8b.o(.ARM.Collect$$$$0000000A))

<P><STRONG><a name="[fc]"></a>_main_init</STRONG> (Thumb, 0 bytes, Stack size unknown bytes, entry9a.o(.ARM.Collect$$$$0000000B))

<P><STRONG><a name="[fd]"></a>__rt_final_cpp</STRONG> (Thumb, 0 bytes, Stack size unknown bytes, entry10a.o(.ARM.Collect$$$$0000000D))

<P><STRONG><a name="[fe]"></a>__rt_final_exit</STRONG> (Thumb, 0 bytes, Stack size unknown bytes, entry11a.o(.ARM.Collect$$$$0000000F))

<P><STRONG><a name="[dd]"></a>__aeabi_lmul</STRONG> (Thumb, 48 bytes, Stack size 12 bytes, llmul.o(.text))
<BR><BR>[Stack]<UL><LI>Max Depth = 12<LI>Call Chain = __aeabi_lmul
</UL>
<BR>[Called By]<UL><LI><a href="#[dc]">&gt;&gt;</a>&nbsp;&nbsp;&nbsp;xQueueGenericCreate
</UL>

<P><STRONG><a name="[ff]"></a>_ll_mul</STRONG> (Thumb, 0 bytes, Stack size 12 bytes, llmul.o(.text), UNUSED)

<P><STRONG><a name="[38]"></a>mktime</STRONG> (Thumb, 124 bytes, Stack size 16 bytes, mktime.o(.text))
<BR><BR>[Stack]<UL><LI>Max Depth = 48<LI>Call Chain = mktime &rArr; _localtime &rArr; __aeabi_uidivmod
</UL>
<BR>[Calls]<UL><LI><a href="#[3a]">&gt;&gt;</a>&nbsp;&nbsp;&nbsp;_localtime
<LI><a href="#[39]">&gt;&gt;</a>&nbsp;&nbsp;&nbsp;__aeabi_idivmod
</UL>
<BR>[Called By]<UL><LI><a href="#[7f]">&gt;&gt;</a>&nbsp;&nbsp;&nbsp;Calculate_Speed
</UL>

<P><STRONG><a name="[100]"></a>___aeabi_memcpy4$move</STRONG> (Thumb, 0 bytes, Stack size 8 bytes, memmovea.o(.text), UNUSED)

<P><STRONG><a name="[101]"></a>___aeabi_memcpy8$move</STRONG> (Thumb, 0 bytes, Stack size 8 bytes, memmovea.o(.text), UNUSED)

<P><STRONG><a name="[6b]"></a>__aeabi_memcpy</STRONG> (Thumb, 64 bytes, Stack size 8 bytes, memmovea.o(.text))
<BR><BR>[Stack]<UL><LI>Max Depth = 8<LI>Call Chain = __aeabi_memcpy
</UL>
<BR>[Called By]<UL><LI><a href="#[6c]">&gt;&gt;</a>&nbsp;&nbsp;&nbsp;BC660K_Send_Command
<LI><a href="#[96]">&gt;&gt;</a>&nbsp;&nbsp;&nbsp;enableNBIoTRelatedEventReport
<LI><a href="#[94]">&gt;&gt;</a>&nbsp;&nbsp;&nbsp;publishMessage_AT_QMTPUB
<LI><a href="#[92]">&gt;&gt;</a>&nbsp;&nbsp;&nbsp;subscribeMessage_AT_QMTSUB
<LI><a href="#[91]">&gt;&gt;</a>&nbsp;&nbsp;&nbsp;closeMQTT_AT_QMTCLOSE
<LI><a href="#[90]">&gt;&gt;</a>&nbsp;&nbsp;&nbsp;connectClient_AT_QMTCONN
<LI><a href="#[8f]">&gt;&gt;</a>&nbsp;&nbsp;&nbsp;openMQTT_AT_QMTOPEN
<LI><a href="#[8d]">&gt;&gt;</a>&nbsp;&nbsp;&nbsp;checkNetworkRegister_AT_CEREG
<LI><a href="#[8c]">&gt;&gt;</a>&nbsp;&nbsp;&nbsp;getNetworkStatus_AT_QENG
<LI><a href="#[8b]">&gt;&gt;</a>&nbsp;&nbsp;&nbsp;checkMQTT_AT_QMTOPEN
<LI><a href="#[8a]">&gt;&gt;</a>&nbsp;&nbsp;&nbsp;configureEDRX_AT_QEDRXCFG
<LI><a href="#[89]">&gt;&gt;</a>&nbsp;&nbsp;&nbsp;enableSSL_AT_QMTCFG
<LI><a href="#[88]">&gt;&gt;</a>&nbsp;&nbsp;&nbsp;setClientPrivateKey_AT_QSSLCFG
<LI><a href="#[87]">&gt;&gt;</a>&nbsp;&nbsp;&nbsp;setClientCert_AT_QSSLCFG
<LI><a href="#[86]">&gt;&gt;</a>&nbsp;&nbsp;&nbsp;setCACert_AT_QSSLCFG
<LI><a href="#[85]">&gt;&gt;</a>&nbsp;&nbsp;&nbsp;setAuthentication_AT_QSSLCFG
<LI><a href="#[84]">&gt;&gt;</a>&nbsp;&nbsp;&nbsp;powerSavingModeSetting_AT_CPSMS
<LI><a href="#[82]">&gt;&gt;</a>&nbsp;&nbsp;&nbsp;offEcho_ATE0
<LI><a href="#[9f]">&gt;&gt;</a>&nbsp;&nbsp;&nbsp;Parse_GPS_String
<LI><a href="#[9e]">&gt;&gt;</a>&nbsp;&nbsp;&nbsp;Get_GPS_String
<LI><a href="#[b5]">&gt;&gt;</a>&nbsp;&nbsp;&nbsp;Validate_Node
<LI><a href="#[93]">&gt;&gt;</a>&nbsp;&nbsp;&nbsp;Pack_Node_Data
<LI><a href="#[63]">&gt;&gt;</a>&nbsp;&nbsp;&nbsp;BC660K_Initialize
<LI><a href="#[75]">&gt;&gt;</a>&nbsp;&nbsp;&nbsp;Board871_Initialize
<LI><a href="#[ce]">&gt;&gt;</a>&nbsp;&nbsp;&nbsp;xQueueReceive
<LI><a href="#[c7]">&gt;&gt;</a>&nbsp;&nbsp;&nbsp;prvNotifyQueueSetContainer
</UL>

<P><STRONG><a name="[102]"></a>__aeabi_memmove</STRONG> (Thumb, 0 bytes, Stack size 8 bytes, memmovea.o(.text), UNUSED)

<P><STRONG><a name="[103]"></a>__aeabi_memmove4</STRONG> (Thumb, 0 bytes, Stack size 8 bytes, memmovea.o(.text), UNUSED)

<P><STRONG><a name="[104]"></a>__aeabi_memmove8</STRONG> (Thumb, 0 bytes, Stack size 8 bytes, memmovea.o(.text), UNUSED)

<P><STRONG><a name="[3c]"></a>__aeabi_memset</STRONG> (Thumb, 14 bytes, Stack size 0 bytes, memseta.o(.text))
<BR><BR>[Called By]<UL><LI><a href="#[3d]">&gt;&gt;</a>&nbsp;&nbsp;&nbsp;_memset$wrapper
<LI><a href="#[3b]">&gt;&gt;</a>&nbsp;&nbsp;&nbsp;__aeabi_memclr
</UL>

<P><STRONG><a name="[e2]"></a>__aeabi_memset4</STRONG> (Thumb, 0 bytes, Stack size 0 bytes, memseta.o(.text))
<BR><BR>[Called By]<UL><LI><a href="#[bc]">&gt;&gt;</a>&nbsp;&nbsp;&nbsp;xTaskCreate
</UL>

<P><STRONG><a name="[105]"></a>__aeabi_memset8</STRONG> (Thumb, 0 bytes, Stack size 0 bytes, memseta.o(.text), UNUSED)

<P><STRONG><a name="[3b]"></a>__aeabi_memclr</STRONG> (Thumb, 4 bytes, Stack size 0 bytes, memseta.o(.text))
<BR><BR>[Calls]<UL><LI><a href="#[3c]">&gt;&gt;</a>&nbsp;&nbsp;&nbsp;__aeabi_memset
</UL>
<BR>[Called By]<UL><LI><a href="#[bc]">&gt;&gt;</a>&nbsp;&nbsp;&nbsp;xTaskCreate
</UL>

<P><STRONG><a name="[106]"></a>__aeabi_memclr4</STRONG> (Thumb, 0 bytes, Stack size 0 bytes, memseta.o(.text), UNUSED)

<P><STRONG><a name="[107]"></a>__aeabi_memclr8</STRONG> (Thumb, 0 bytes, Stack size 0 bytes, memseta.o(.text), UNUSED)

<P><STRONG><a name="[3d]"></a>_memset$wrapper</STRONG> (Thumb, 18 bytes, Stack size 8 bytes, memseta.o(.text), UNUSED)
<BR><BR>[Calls]<UL><LI><a href="#[3c]">&gt;&gt;</a>&nbsp;&nbsp;&nbsp;__aeabi_memset
</UL>

<P><STRONG><a name="[af]"></a>strcat</STRONG> (Thumb, 24 bytes, Stack size 0 bytes, strcat.o(.text))
<BR><BR>[Called By]<UL><LI><a href="#[93]">&gt;&gt;</a>&nbsp;&nbsp;&nbsp;Pack_Node_Data
</UL>

<P><STRONG><a name="[74]"></a>strstr</STRONG> (Thumb, 40 bytes, Stack size 12 bytes, strstr.o(.text))
<BR><BR>[Stack]<UL><LI>Max Depth = 12<LI>Call Chain = strstr
</UL>
<BR>[Called By]<UL><LI><a href="#[71]">&gt;&gt;</a>&nbsp;&nbsp;&nbsp;BC660K_USART0_Receive
<LI><a href="#[94]">&gt;&gt;</a>&nbsp;&nbsp;&nbsp;publishMessage_AT_QMTPUB
<LI><a href="#[90]">&gt;&gt;</a>&nbsp;&nbsp;&nbsp;connectClient_AT_QMTCONN
<LI><a href="#[8f]">&gt;&gt;</a>&nbsp;&nbsp;&nbsp;openMQTT_AT_QMTOPEN
<LI><a href="#[8d]">&gt;&gt;</a>&nbsp;&nbsp;&nbsp;checkNetworkRegister_AT_CEREG
<LI><a href="#[8c]">&gt;&gt;</a>&nbsp;&nbsp;&nbsp;getNetworkStatus_AT_QENG
<LI><a href="#[8b]">&gt;&gt;</a>&nbsp;&nbsp;&nbsp;checkMQTT_AT_QMTOPEN
<LI><a href="#[9e]">&gt;&gt;</a>&nbsp;&nbsp;&nbsp;Get_GPS_String
</UL>

<P><STRONG><a name="[d2]"></a>strncpy</STRONG> (Thumb, 26 bytes, Stack size 8 bytes, strncpy.o(.text))
<BR><BR>[Stack]<UL><LI>Max Depth = 8<LI>Call Chain = strncpy
</UL>
<BR>[Called By]<UL><LI><a href="#[b1]">&gt;&gt;</a>&nbsp;&nbsp;&nbsp;slice
</UL>

<P><STRONG><a name="[b8]"></a>strchr</STRONG> (Thumb, 20 bytes, Stack size 0 bytes, strchr.o(.text))
<BR><BR>[Called By]<UL><LI><a href="#[8c]">&gt;&gt;</a>&nbsp;&nbsp;&nbsp;getNetworkStatus_AT_QENG
</UL>

<P><STRONG><a name="[6f]"></a>strlen</STRONG> (Thumb, 14 bytes, Stack size 0 bytes, strlen.o(.text))
<BR><BR>[Called By]<UL><LI><a href="#[b9]">&gt;&gt;</a>&nbsp;&nbsp;&nbsp;removeChars
<LI><a href="#[6c]">&gt;&gt;</a>&nbsp;&nbsp;&nbsp;BC660K_Send_Command
<LI><a href="#[94]">&gt;&gt;</a>&nbsp;&nbsp;&nbsp;publishMessage_AT_QMTPUB
<LI><a href="#[8c]">&gt;&gt;</a>&nbsp;&nbsp;&nbsp;getNetworkStatus_AT_QENG
<LI><a href="#[88]">&gt;&gt;</a>&nbsp;&nbsp;&nbsp;setClientPrivateKey_AT_QSSLCFG
<LI><a href="#[87]">&gt;&gt;</a>&nbsp;&nbsp;&nbsp;setClientCert_AT_QSSLCFG
<LI><a href="#[86]">&gt;&gt;</a>&nbsp;&nbsp;&nbsp;setCACert_AT_QSSLCFG
<LI><a href="#[61]">&gt;&gt;</a>&nbsp;&nbsp;&nbsp;Write_String_Log
<LI><a href="#[93]">&gt;&gt;</a>&nbsp;&nbsp;&nbsp;Pack_Node_Data
</UL>

<P><STRONG><a name="[a1]"></a>strcmp</STRONG> (Thumb, 28 bytes, Stack size 8 bytes, strcmp.o(.text))
<BR><BR>[Stack]<UL><LI>Max Depth = 8<LI>Call Chain = strcmp
</UL>
<BR>[Called By]<UL><LI><a href="#[9e]">&gt;&gt;</a>&nbsp;&nbsp;&nbsp;Get_GPS_String
</UL>

<P><STRONG><a name="[72]"></a>strcpy</STRONG> (Thumb, 18 bytes, Stack size 0 bytes, strcpy.o(.text))
<BR><BR>[Called By]<UL><LI><a href="#[6c]">&gt;&gt;</a>&nbsp;&nbsp;&nbsp;BC660K_Send_Command
<LI><a href="#[94]">&gt;&gt;</a>&nbsp;&nbsp;&nbsp;publishMessage_AT_QMTPUB
<LI><a href="#[8c]">&gt;&gt;</a>&nbsp;&nbsp;&nbsp;getNetworkStatus_AT_QENG
<LI><a href="#[88]">&gt;&gt;</a>&nbsp;&nbsp;&nbsp;setClientPrivateKey_AT_QSSLCFG
<LI><a href="#[87]">&gt;&gt;</a>&nbsp;&nbsp;&nbsp;setClientCert_AT_QSSLCFG
<LI><a href="#[86]">&gt;&gt;</a>&nbsp;&nbsp;&nbsp;setCACert_AT_QSSLCFG
<LI><a href="#[80]">&gt;&gt;</a>&nbsp;&nbsp;&nbsp;Connection_Flow
<LI><a href="#[9e]">&gt;&gt;</a>&nbsp;&nbsp;&nbsp;Get_GPS_String
</UL>

<P><STRONG><a name="[a0]"></a>strtok</STRONG> (Thumb, 68 bytes, Stack size 16 bytes, strtok.o(.text))
<BR><BR>[Stack]<UL><LI>Max Depth = 16<LI>Call Chain = strtok
</UL>
<BR>[Called By]<UL><LI><a href="#[b0]">&gt;&gt;</a>&nbsp;&nbsp;&nbsp;Tokenize_String
<LI><a href="#[9e]">&gt;&gt;</a>&nbsp;&nbsp;&nbsp;Get_GPS_String
</UL>

<P><STRONG><a name="[3e]"></a>atoi</STRONG> (Thumb, 26 bytes, Stack size 16 bytes, atoi.o(.text))
<BR><BR>[Stack]<UL><LI>Max Depth = 88<LI>Call Chain = atoi &rArr; strtol &rArr; _strtoul
</UL>
<BR>[Calls]<UL><LI><a href="#[40]">&gt;&gt;</a>&nbsp;&nbsp;&nbsp;strtol
<LI><a href="#[3f]">&gt;&gt;</a>&nbsp;&nbsp;&nbsp;__aeabi_errno_addr
</UL>
<BR>[Called By]<UL><LI><a href="#[8d]">&gt;&gt;</a>&nbsp;&nbsp;&nbsp;checkNetworkRegister_AT_CEREG
<LI><a href="#[8c]">&gt;&gt;</a>&nbsp;&nbsp;&nbsp;getNetworkStatus_AT_QENG
<LI><a href="#[9f]">&gt;&gt;</a>&nbsp;&nbsp;&nbsp;Parse_GPS_String
</UL>

<P><STRONG><a name="[41]"></a>__aeabi_fadd</STRONG> (Thumb, 162 bytes, Stack size 24 bytes, fadd.o(.text))
<BR><BR>[Stack]<UL><LI>Max Depth = 36<LI>Call Chain = __aeabi_fadd &rArr; _float_epilogue
</UL>
<BR>[Calls]<UL><LI><a href="#[43]">&gt;&gt;</a>&nbsp;&nbsp;&nbsp;_float_round
<LI><a href="#[42]">&gt;&gt;</a>&nbsp;&nbsp;&nbsp;_float_epilogue
</UL>
<BR>[Called By]<UL><LI><a href="#[44]">&gt;&gt;</a>&nbsp;&nbsp;&nbsp;__aeabi_fsub
<LI><a href="#[45]">&gt;&gt;</a>&nbsp;&nbsp;&nbsp;__aeabi_frsub
</UL>

<P><STRONG><a name="[44]"></a>__aeabi_fsub</STRONG> (Thumb, 8 bytes, Stack size 0 bytes, fadd.o(.text))
<BR><BR>[Stack]<UL><LI>Max Depth = 36<LI>Call Chain = __aeabi_fsub &rArr; __aeabi_fadd &rArr; _float_epilogue
</UL>
<BR>[Calls]<UL><LI><a href="#[41]">&gt;&gt;</a>&nbsp;&nbsp;&nbsp;__aeabi_fadd
</UL>
<BR>[Called By]<UL><LI><a href="#[78]">&gt;&gt;</a>&nbsp;&nbsp;&nbsp;Calculate_Distance
</UL>

<P><STRONG><a name="[45]"></a>__aeabi_frsub</STRONG> (Thumb, 8 bytes, Stack size 0 bytes, fadd.o(.text), UNUSED)
<BR><BR>[Calls]<UL><LI><a href="#[41]">&gt;&gt;</a>&nbsp;&nbsp;&nbsp;__aeabi_fadd
</UL>

<P><STRONG><a name="[7a]"></a>__aeabi_fmul</STRONG> (Thumb, 122 bytes, Stack size 16 bytes, fmul.o(.text))
<BR><BR>[Stack]<UL><LI>Max Depth = 16<LI>Call Chain = __aeabi_fmul
</UL>
<BR>[Called By]<UL><LI><a href="#[78]">&gt;&gt;</a>&nbsp;&nbsp;&nbsp;Calculate_Distance
</UL>

<P><STRONG><a name="[46]"></a>__aeabi_fdiv</STRONG> (Thumb, 124 bytes, Stack size 16 bytes, fdiv.o(.text))
<BR><BR>[Stack]<UL><LI>Max Depth = 16<LI>Call Chain = __aeabi_fdiv
</UL>
<BR>[Calls]<UL><LI><a href="#[43]">&gt;&gt;</a>&nbsp;&nbsp;&nbsp;_float_round
</UL>
<BR>[Called By]<UL><LI><a href="#[7f]">&gt;&gt;</a>&nbsp;&nbsp;&nbsp;Calculate_Speed
</UL>

<P><STRONG><a name="[47]"></a>__aeabi_dadd</STRONG> (Thumb, 328 bytes, Stack size 48 bytes, dadd.o(.text))
<BR><BR>[Stack]<UL><LI>Max Depth = 104<LI>Call Chain = __aeabi_dadd &rArr; _double_epilogue &rArr; _double_round
</UL>
<BR>[Calls]<UL><LI><a href="#[4b]">&gt;&gt;</a>&nbsp;&nbsp;&nbsp;_double_round
<LI><a href="#[4a]">&gt;&gt;</a>&nbsp;&nbsp;&nbsp;_double_epilogue
<LI><a href="#[49]">&gt;&gt;</a>&nbsp;&nbsp;&nbsp;__aeabi_lasr
<LI><a href="#[48]">&gt;&gt;</a>&nbsp;&nbsp;&nbsp;__aeabi_llsl
</UL>
<BR>[Called By]<UL><LI><a href="#[78]">&gt;&gt;</a>&nbsp;&nbsp;&nbsp;Calculate_Distance
<LI><a href="#[99]">&gt;&gt;</a>&nbsp;&nbsp;&nbsp;DMS_To_Decimal
<LI><a href="#[ec]">&gt;&gt;</a>&nbsp;&nbsp;&nbsp;__kernel_sin
<LI><a href="#[e7]">&gt;&gt;</a>&nbsp;&nbsp;&nbsp;__ieee754_rem_pio2
<LI><a href="#[f0]">&gt;&gt;</a>&nbsp;&nbsp;&nbsp;__mathlib_dbl_infnan2
<LI><a href="#[f6]">&gt;&gt;</a>&nbsp;&nbsp;&nbsp;atan
<LI><a href="#[f2]">&gt;&gt;</a>&nbsp;&nbsp;&nbsp;_fp_digits
<LI><a href="#[4c]">&gt;&gt;</a>&nbsp;&nbsp;&nbsp;__aeabi_dsub
<LI><a href="#[4d]">&gt;&gt;</a>&nbsp;&nbsp;&nbsp;__aeabi_drsub
<LI><a href="#[eb]">&gt;&gt;</a>&nbsp;&nbsp;&nbsp;__kernel_poly
</UL>

<P><STRONG><a name="[4c]"></a>__aeabi_dsub</STRONG> (Thumb, 12 bytes, Stack size 8 bytes, dadd.o(.text))
<BR><BR>[Stack]<UL><LI>Max Depth = 112<LI>Call Chain = __aeabi_dsub &rArr; __aeabi_dadd &rArr; _double_epilogue &rArr; _double_round
</UL>
<BR>[Calls]<UL><LI><a href="#[47]">&gt;&gt;</a>&nbsp;&nbsp;&nbsp;__aeabi_dadd
</UL>
<BR>[Called By]<UL><LI><a href="#[ec]">&gt;&gt;</a>&nbsp;&nbsp;&nbsp;__kernel_sin
<LI><a href="#[e7]">&gt;&gt;</a>&nbsp;&nbsp;&nbsp;__ieee754_rem_pio2
<LI><a href="#[ea]">&gt;&gt;</a>&nbsp;&nbsp;&nbsp;__kernel_cos
<LI><a href="#[f6]">&gt;&gt;</a>&nbsp;&nbsp;&nbsp;atan
<LI><a href="#[7e]">&gt;&gt;</a>&nbsp;&nbsp;&nbsp;atan2
</UL>

<P><STRONG><a name="[4d]"></a>__aeabi_drsub</STRONG> (Thumb, 12 bytes, Stack size 8 bytes, dadd.o(.text))
<BR><BR>[Stack]<UL><LI>Max Depth = 112<LI>Call Chain = __aeabi_drsub &rArr; __aeabi_dadd &rArr; _double_epilogue &rArr; _double_round
</UL>
<BR>[Calls]<UL><LI><a href="#[47]">&gt;&gt;</a>&nbsp;&nbsp;&nbsp;__aeabi_dadd
</UL>
<BR>[Called By]<UL><LI><a href="#[ec]">&gt;&gt;</a>&nbsp;&nbsp;&nbsp;__kernel_sin
<LI><a href="#[e7]">&gt;&gt;</a>&nbsp;&nbsp;&nbsp;__ieee754_rem_pio2
<LI><a href="#[ea]">&gt;&gt;</a>&nbsp;&nbsp;&nbsp;__kernel_cos
<LI><a href="#[f6]">&gt;&gt;</a>&nbsp;&nbsp;&nbsp;atan
<LI><a href="#[7e]">&gt;&gt;</a>&nbsp;&nbsp;&nbsp;atan2
</UL>

<P><STRONG><a name="[4e]"></a>__aeabi_dmul</STRONG> (Thumb, 202 bytes, Stack size 72 bytes, dmul.o(.text))
<BR><BR>[Stack]<UL><LI>Max Depth = 128<LI>Call Chain = __aeabi_dmul &rArr; _double_epilogue &rArr; _double_round
</UL>
<BR>[Calls]<UL><LI><a href="#[4a]">&gt;&gt;</a>&nbsp;&nbsp;&nbsp;_double_epilogue
</UL>
<BR>[Called By]<UL><LI><a href="#[78]">&gt;&gt;</a>&nbsp;&nbsp;&nbsp;Calculate_Distance
<LI><a href="#[b5]">&gt;&gt;</a>&nbsp;&nbsp;&nbsp;Validate_Node
<LI><a href="#[99]">&gt;&gt;</a>&nbsp;&nbsp;&nbsp;DMS_To_Decimal
<LI><a href="#[ec]">&gt;&gt;</a>&nbsp;&nbsp;&nbsp;__kernel_sin
<LI><a href="#[e7]">&gt;&gt;</a>&nbsp;&nbsp;&nbsp;__ieee754_rem_pio2
<LI><a href="#[ea]">&gt;&gt;</a>&nbsp;&nbsp;&nbsp;__kernel_cos
<LI><a href="#[f6]">&gt;&gt;</a>&nbsp;&nbsp;&nbsp;atan
<LI><a href="#[f2]">&gt;&gt;</a>&nbsp;&nbsp;&nbsp;_fp_digits
<LI><a href="#[eb]">&gt;&gt;</a>&nbsp;&nbsp;&nbsp;__kernel_poly
</UL>

<P><STRONG><a name="[4f]"></a>__aeabi_ddiv</STRONG> (Thumb, 234 bytes, Stack size 40 bytes, ddiv.o(.text))
<BR><BR>[Stack]<UL><LI>Max Depth = 48<LI>Call Chain = __aeabi_ddiv &rArr; _double_round
</UL>
<BR>[Calls]<UL><LI><a href="#[4b]">&gt;&gt;</a>&nbsp;&nbsp;&nbsp;_double_round
</UL>
<BR>[Called By]<UL><LI><a href="#[78]">&gt;&gt;</a>&nbsp;&nbsp;&nbsp;Calculate_Distance
<LI><a href="#[99]">&gt;&gt;</a>&nbsp;&nbsp;&nbsp;DMS_To_Decimal
<LI><a href="#[f1]">&gt;&gt;</a>&nbsp;&nbsp;&nbsp;__mathlib_dbl_invalid
<LI><a href="#[f6]">&gt;&gt;</a>&nbsp;&nbsp;&nbsp;atan
<LI><a href="#[f2]">&gt;&gt;</a>&nbsp;&nbsp;&nbsp;_fp_digits
<LI><a href="#[7e]">&gt;&gt;</a>&nbsp;&nbsp;&nbsp;atan2
</UL>

<P><STRONG><a name="[b6]"></a>__aeabi_fcmpge</STRONG> (Thumb, 28 bytes, Stack size 0 bytes, fcmpge.o(.text))
<BR><BR>[Called By]<UL><LI><a href="#[b5]">&gt;&gt;</a>&nbsp;&nbsp;&nbsp;Validate_Node
</UL>

<P><STRONG><a name="[b7]"></a>__aeabi_dcmple</STRONG> (Thumb, 44 bytes, Stack size 8 bytes, dcmple.o(.text))
<BR><BR>[Stack]<UL><LI>Max Depth = 8<LI>Call Chain = __aeabi_dcmple
</UL>
<BR>[Called By]<UL><LI><a href="#[b5]">&gt;&gt;</a>&nbsp;&nbsp;&nbsp;Validate_Node
</UL>

<P><STRONG><a name="[50]"></a>__aeabi_ui2f</STRONG> (Thumb, 14 bytes, Stack size 8 bytes, ffltui.o(.text))
<BR><BR>[Stack]<UL><LI>Max Depth = 20<LI>Call Chain = __aeabi_ui2f &rArr; _float_epilogue
</UL>
<BR>[Calls]<UL><LI><a href="#[42]">&gt;&gt;</a>&nbsp;&nbsp;&nbsp;_float_epilogue
</UL>
<BR>[Called By]<UL><LI><a href="#[7f]">&gt;&gt;</a>&nbsp;&nbsp;&nbsp;Calculate_Speed
</UL>

<P><STRONG><a name="[51]"></a>__aeabi_i2d</STRONG> (Thumb, 34 bytes, Stack size 16 bytes, dflti.o(.text))
<BR><BR>[Stack]<UL><LI>Max Depth = 72<LI>Call Chain = __aeabi_i2d &rArr; _double_epilogue &rArr; _double_round
</UL>
<BR>[Calls]<UL><LI><a href="#[4a]">&gt;&gt;</a>&nbsp;&nbsp;&nbsp;_double_epilogue
</UL>
<BR>[Called By]<UL><LI><a href="#[78]">&gt;&gt;</a>&nbsp;&nbsp;&nbsp;Calculate_Distance
<LI><a href="#[99]">&gt;&gt;</a>&nbsp;&nbsp;&nbsp;DMS_To_Decimal
<LI><a href="#[e7]">&gt;&gt;</a>&nbsp;&nbsp;&nbsp;__ieee754_rem_pio2
</UL>

<P><STRONG><a name="[52]"></a>__aeabi_ui2d</STRONG> (Thumb, 24 bytes, Stack size 16 bytes, dfltui.o(.text))
<BR><BR>[Stack]<UL><LI>Max Depth = 72<LI>Call Chain = __aeabi_ui2d &rArr; _double_epilogue &rArr; _double_round
</UL>
<BR>[Calls]<UL><LI><a href="#[4a]">&gt;&gt;</a>&nbsp;&nbsp;&nbsp;_double_epilogue
</UL>
<BR>[Called By]<UL><LI><a href="#[78]">&gt;&gt;</a>&nbsp;&nbsp;&nbsp;Calculate_Distance
<LI><a href="#[99]">&gt;&gt;</a>&nbsp;&nbsp;&nbsp;DMS_To_Decimal
<LI><a href="#[e7]">&gt;&gt;</a>&nbsp;&nbsp;&nbsp;__ieee754_rem_pio2
</UL>

<P><STRONG><a name="[79]"></a>__aeabi_f2d</STRONG> (Thumb, 40 bytes, Stack size 0 bytes, f2d.o(.text))
<BR><BR>[Called By]<UL><LI><a href="#[78]">&gt;&gt;</a>&nbsp;&nbsp;&nbsp;Calculate_Distance
<LI><a href="#[7f]">&gt;&gt;</a>&nbsp;&nbsp;&nbsp;Calculate_Speed
<LI><a href="#[b5]">&gt;&gt;</a>&nbsp;&nbsp;&nbsp;Validate_Node
<LI><a href="#[93]">&gt;&gt;</a>&nbsp;&nbsp;&nbsp;Pack_Node_Data
</UL>

<P><STRONG><a name="[53]"></a>__aeabi_d2f</STRONG> (Thumb, 56 bytes, Stack size 8 bytes, d2f.o(.text))
<BR><BR>[Stack]<UL><LI>Max Depth = 8<LI>Call Chain = __aeabi_d2f
</UL>
<BR>[Calls]<UL><LI><a href="#[43]">&gt;&gt;</a>&nbsp;&nbsp;&nbsp;_float_round
</UL>
<BR>[Called By]<UL><LI><a href="#[78]">&gt;&gt;</a>&nbsp;&nbsp;&nbsp;Calculate_Distance
<LI><a href="#[99]">&gt;&gt;</a>&nbsp;&nbsp;&nbsp;DMS_To_Decimal
</UL>

<P><STRONG><a name="[a7]"></a>__aeabi_uidiv</STRONG> (Thumb, 0 bytes, Stack size 16 bytes, uidiv_div0.o(.text))
<BR><BR>[Stack]<UL><LI>Max Depth = 16<LI>Call Chain = __aeabi_uidiv
</UL>
<BR>[Called By]<UL><LI><a href="#[a5]">&gt;&gt;</a>&nbsp;&nbsp;&nbsp;I2C_Init
<LI><a href="#[67]">&gt;&gt;</a>&nbsp;&nbsp;&nbsp;USART_Init
<LI><a href="#[c5]">&gt;&gt;</a>&nbsp;&nbsp;&nbsp;vPortSuppressTicksAndSleep
<LI><a href="#[d3]">&gt;&gt;</a>&nbsp;&nbsp;&nbsp;vPortSetupTimerInterrupt
</UL>

<P><STRONG><a name="[54]"></a>__aeabi_uidivmod</STRONG> (Thumb, 62 bytes, Stack size 16 bytes, uidiv_div0.o(.text))
<BR><BR>[Stack]<UL><LI>Max Depth = 16<LI>Call Chain = __aeabi_uidivmod
</UL>
<BR>[Called By]<UL><LI><a href="#[e6]">&gt;&gt;</a>&nbsp;&nbsp;&nbsp;_printf_core
<LI><a href="#[3a]">&gt;&gt;</a>&nbsp;&nbsp;&nbsp;_localtime
<LI><a href="#[39]">&gt;&gt;</a>&nbsp;&nbsp;&nbsp;__aeabi_idivmod
</UL>

<P><STRONG><a name="[108]"></a>__aeabi_idiv$div0</STRONG> (Thumb, 0 bytes, Stack size 16 bytes, idiv_div0.o(.text), UNUSED)

<P><STRONG><a name="[39]"></a>__aeabi_idivmod</STRONG> (Thumb, 74 bytes, Stack size 16 bytes, idiv_div0.o(.text))
<BR><BR>[Stack]<UL><LI>Max Depth = 32<LI>Call Chain = __aeabi_idivmod &rArr; __aeabi_uidivmod
</UL>
<BR>[Calls]<UL><LI><a href="#[54]">&gt;&gt;</a>&nbsp;&nbsp;&nbsp;__aeabi_uidivmod
</UL>
<BR>[Called By]<UL><LI><a href="#[9f]">&gt;&gt;</a>&nbsp;&nbsp;&nbsp;Parse_GPS_String
<LI><a href="#[38]">&gt;&gt;</a>&nbsp;&nbsp;&nbsp;mktime
</UL>

<P><STRONG><a name="[55]"></a>__aeabi_uldivmod</STRONG> (Thumb, 96 bytes, Stack size 48 bytes, uldiv.o(.text), UNUSED)
<BR><BR>[Calls]<UL><LI><a href="#[56]">&gt;&gt;</a>&nbsp;&nbsp;&nbsp;__aeabi_llsr
<LI><a href="#[48]">&gt;&gt;</a>&nbsp;&nbsp;&nbsp;__aeabi_llsl
</UL>
<BR>[Called By]<UL><LI><a href="#[e6]">&gt;&gt;</a>&nbsp;&nbsp;&nbsp;_printf_core
<LI><a href="#[f2]">&gt;&gt;</a>&nbsp;&nbsp;&nbsp;_fp_digits
</UL>

<P><STRONG><a name="[48]"></a>__aeabi_llsl</STRONG> (Thumb, 32 bytes, Stack size 8 bytes, llshl.o(.text))
<BR><BR>[Stack]<UL><LI>Max Depth = 8<LI>Call Chain = __aeabi_llsl
</UL>
<BR>[Called By]<UL><LI><a href="#[47]">&gt;&gt;</a>&nbsp;&nbsp;&nbsp;__aeabi_dadd
<LI><a href="#[4a]">&gt;&gt;</a>&nbsp;&nbsp;&nbsp;_double_epilogue
<LI><a href="#[5b]">&gt;&gt;</a>&nbsp;&nbsp;&nbsp;__aeabi_d2ulz
<LI><a href="#[55]">&gt;&gt;</a>&nbsp;&nbsp;&nbsp;__aeabi_uldivmod
</UL>

<P><STRONG><a name="[109]"></a>_ll_shift_l</STRONG> (Thumb, 0 bytes, Stack size 8 bytes, llshl.o(.text), UNUSED)

<P><STRONG><a name="[49]"></a>__aeabi_lasr</STRONG> (Thumb, 38 bytes, Stack size 8 bytes, llsshr.o(.text))
<BR><BR>[Stack]<UL><LI>Max Depth = 8<LI>Call Chain = __aeabi_lasr
</UL>
<BR>[Called By]<UL><LI><a href="#[47]">&gt;&gt;</a>&nbsp;&nbsp;&nbsp;__aeabi_dadd
</UL>

<P><STRONG><a name="[10a]"></a>_ll_sshift_r</STRONG> (Thumb, 0 bytes, Stack size 8 bytes, llsshr.o(.text), UNUSED)

<P><STRONG><a name="[3a]"></a>_localtime</STRONG> (Thumb, 104 bytes, Stack size 16 bytes, localtime_i.o(.text))
<BR><BR>[Stack]<UL><LI>Max Depth = 32<LI>Call Chain = _localtime &rArr; __aeabi_uidivmod
</UL>
<BR>[Calls]<UL><LI><a href="#[54]">&gt;&gt;</a>&nbsp;&nbsp;&nbsp;__aeabi_uidivmod
</UL>
<BR>[Called By]<UL><LI><a href="#[38]">&gt;&gt;</a>&nbsp;&nbsp;&nbsp;mktime
</UL>

<P><STRONG><a name="[40]"></a>strtol</STRONG> (Thumb, 108 bytes, Stack size 32 bytes, strtol.o(.text))
<BR><BR>[Stack]<UL><LI>Max Depth = 72<LI>Call Chain = strtol &rArr; _strtoul
</UL>
<BR>[Calls]<UL><LI><a href="#[58]">&gt;&gt;</a>&nbsp;&nbsp;&nbsp;_strtoul
<LI><a href="#[57]">&gt;&gt;</a>&nbsp;&nbsp;&nbsp;__rt_ctype_table
<LI><a href="#[3f]">&gt;&gt;</a>&nbsp;&nbsp;&nbsp;__aeabi_errno_addr
</UL>
<BR>[Called By]<UL><LI><a href="#[3e]">&gt;&gt;</a>&nbsp;&nbsp;&nbsp;atoi
</UL>

<P><STRONG><a name="[10b]"></a>__I$use$fp</STRONG> (Thumb, 0 bytes, Stack size 0 bytes, iusefp.o(.text), UNUSED)

<P><STRONG><a name="[43]"></a>_float_round</STRONG> (Thumb, 16 bytes, Stack size 0 bytes, fepilogue.o(.text))
<BR><BR>[Called By]<UL><LI><a href="#[53]">&gt;&gt;</a>&nbsp;&nbsp;&nbsp;__aeabi_d2f
<LI><a href="#[46]">&gt;&gt;</a>&nbsp;&nbsp;&nbsp;__aeabi_fdiv
<LI><a href="#[41]">&gt;&gt;</a>&nbsp;&nbsp;&nbsp;__aeabi_fadd
</UL>

<P><STRONG><a name="[42]"></a>_float_epilogue</STRONG> (Thumb, 114 bytes, Stack size 12 bytes, fepilogue.o(.text))
<BR><BR>[Stack]<UL><LI>Max Depth = 12<LI>Call Chain = _float_epilogue
</UL>
<BR>[Called By]<UL><LI><a href="#[50]">&gt;&gt;</a>&nbsp;&nbsp;&nbsp;__aeabi_ui2f
<LI><a href="#[41]">&gt;&gt;</a>&nbsp;&nbsp;&nbsp;__aeabi_fadd
</UL>

<P><STRONG><a name="[4b]"></a>_double_round</STRONG> (Thumb, 26 bytes, Stack size 8 bytes, depilogue.o(.text))
<BR><BR>[Stack]<UL><LI>Max Depth = 8<LI>Call Chain = _double_round
</UL>
<BR>[Called By]<UL><LI><a href="#[47]">&gt;&gt;</a>&nbsp;&nbsp;&nbsp;__aeabi_dadd
<LI><a href="#[4f]">&gt;&gt;</a>&nbsp;&nbsp;&nbsp;__aeabi_ddiv
<LI><a href="#[4a]">&gt;&gt;</a>&nbsp;&nbsp;&nbsp;_double_epilogue
<LI><a href="#[5a]">&gt;&gt;</a>&nbsp;&nbsp;&nbsp;_dsqrt
</UL>

<P><STRONG><a name="[4a]"></a>_double_epilogue</STRONG> (Thumb, 164 bytes, Stack size 48 bytes, depilogue.o(.text))
<BR><BR>[Stack]<UL><LI>Max Depth = 56<LI>Call Chain = _double_epilogue &rArr; _double_round
</UL>
<BR>[Calls]<UL><LI><a href="#[4b]">&gt;&gt;</a>&nbsp;&nbsp;&nbsp;_double_round
<LI><a href="#[56]">&gt;&gt;</a>&nbsp;&nbsp;&nbsp;__aeabi_llsr
<LI><a href="#[59]">&gt;&gt;</a>&nbsp;&nbsp;&nbsp;__ARM_clz
<LI><a href="#[48]">&gt;&gt;</a>&nbsp;&nbsp;&nbsp;__aeabi_llsl
</UL>
<BR>[Called By]<UL><LI><a href="#[51]">&gt;&gt;</a>&nbsp;&nbsp;&nbsp;__aeabi_i2d
<LI><a href="#[47]">&gt;&gt;</a>&nbsp;&nbsp;&nbsp;__aeabi_dadd
<LI><a href="#[52]">&gt;&gt;</a>&nbsp;&nbsp;&nbsp;__aeabi_ui2d
<LI><a href="#[4e]">&gt;&gt;</a>&nbsp;&nbsp;&nbsp;__aeabi_dmul
</UL>

<P><STRONG><a name="[5a]"></a>_dsqrt</STRONG> (Thumb, 162 bytes, Stack size 32 bytes, dsqrt.o(.text))
<BR><BR>[Stack]<UL><LI>Max Depth = 40<LI>Call Chain = _dsqrt &rArr; _double_round
</UL>
<BR>[Calls]<UL><LI><a href="#[4b]">&gt;&gt;</a>&nbsp;&nbsp;&nbsp;_double_round
<LI><a href="#[56]">&gt;&gt;</a>&nbsp;&nbsp;&nbsp;__aeabi_llsr
</UL>
<BR>[Called By]<UL><LI><a href="#[7d]">&gt;&gt;</a>&nbsp;&nbsp;&nbsp;sqrt
</UL>

<P><STRONG><a name="[5b]"></a>__aeabi_d2ulz</STRONG> (Thumb, 54 bytes, Stack size 8 bytes, dfixul.o(.text), UNUSED)
<BR><BR>[Calls]<UL><LI><a href="#[56]">&gt;&gt;</a>&nbsp;&nbsp;&nbsp;__aeabi_llsr
<LI><a href="#[48]">&gt;&gt;</a>&nbsp;&nbsp;&nbsp;__aeabi_llsl
</UL>
<BR>[Called By]<UL><LI><a href="#[f2]">&gt;&gt;</a>&nbsp;&nbsp;&nbsp;_fp_digits
</UL>

<P><STRONG><a name="[f7]"></a>__aeabi_cdcmpeq</STRONG> (Thumb, 0 bytes, Stack size 0 bytes, cdcmple.o(.text))
<BR><BR>[Called By]<UL><LI><a href="#[7e]">&gt;&gt;</a>&nbsp;&nbsp;&nbsp;atan2
</UL>

<P><STRONG><a name="[10c]"></a>__aeabi_cdcmple</STRONG> (Thumb, 38 bytes, Stack size 0 bytes, cdcmple.o(.text), UNUSED)

<P><STRONG><a name="[f3]"></a>__aeabi_cdrcmple</STRONG> (Thumb, 38 bytes, Stack size 0 bytes, cdrcmple.o(.text), UNUSED)
<BR><BR>[Called By]<UL><LI><a href="#[f2]">&gt;&gt;</a>&nbsp;&nbsp;&nbsp;_fp_digits
</UL>

<P><STRONG><a name="[37]"></a>__scatterload</STRONG> (Thumb, 28 bytes, Stack size 0 bytes, init.o(.text))
<BR><BR>[Calls]<UL><LI><a href="#[5c]">&gt;&gt;</a>&nbsp;&nbsp;&nbsp;__main_after_scatterload
</UL>
<BR>[Called By]<UL><LI><a href="#[36]">&gt;&gt;</a>&nbsp;&nbsp;&nbsp;_main_scatterload
</UL>

<P><STRONG><a name="[10d]"></a>__scatterload_rt2</STRONG> (Thumb, 0 bytes, Stack size 0 bytes, init.o(.text), UNUSED)

<P><STRONG><a name="[56]"></a>__aeabi_llsr</STRONG> (Thumb, 34 bytes, Stack size 8 bytes, llushr.o(.text))
<BR><BR>[Stack]<UL><LI>Max Depth = 8<LI>Call Chain = __aeabi_llsr
</UL>
<BR>[Called By]<UL><LI><a href="#[5e]">&gt;&gt;</a>&nbsp;&nbsp;&nbsp;__aeabi_d2iz
<LI><a href="#[4a]">&gt;&gt;</a>&nbsp;&nbsp;&nbsp;_double_epilogue
<LI><a href="#[5b]">&gt;&gt;</a>&nbsp;&nbsp;&nbsp;__aeabi_d2ulz
<LI><a href="#[5a]">&gt;&gt;</a>&nbsp;&nbsp;&nbsp;_dsqrt
<LI><a href="#[55]">&gt;&gt;</a>&nbsp;&nbsp;&nbsp;__aeabi_uldivmod
</UL>

<P><STRONG><a name="[10e]"></a>_ll_ushift_r</STRONG> (Thumb, 0 bytes, Stack size 8 bytes, llushr.o(.text), UNUSED)

<P><STRONG><a name="[57]"></a>__rt_ctype_table</STRONG> (Thumb, 4 bytes, Stack size 0 bytes, ctype_o.o(.text))
<BR><BR>[Called By]<UL><LI><a href="#[40]">&gt;&gt;</a>&nbsp;&nbsp;&nbsp;strtol
</UL>

<P><STRONG><a name="[58]"></a>_strtoul</STRONG> (Thumb, 166 bytes, Stack size 40 bytes, _strtoul.o(.text))
<BR><BR>[Stack]<UL><LI>Max Depth = 40<LI>Call Chain = _strtoul
</UL>
<BR>[Calls]<UL><LI><a href="#[5d]">&gt;&gt;</a>&nbsp;&nbsp;&nbsp;_chval
<LI><a href="#[3f]">&gt;&gt;</a>&nbsp;&nbsp;&nbsp;__aeabi_errno_addr
</UL>
<BR>[Called By]<UL><LI><a href="#[40]">&gt;&gt;</a>&nbsp;&nbsp;&nbsp;strtol
</UL>

<P><STRONG><a name="[e9]"></a>__ARM_scalbn</STRONG> (Thumb, 44 bytes, Stack size 16 bytes, dscalb.o(.text))
<BR><BR>[Stack]<UL><LI>Max Depth = 16<LI>Call Chain = __ARM_scalbn
</UL>
<BR>[Called By]<UL><LI><a href="#[ec]">&gt;&gt;</a>&nbsp;&nbsp;&nbsp;__kernel_sin
<LI><a href="#[e7]">&gt;&gt;</a>&nbsp;&nbsp;&nbsp;__ieee754_rem_pio2
<LI><a href="#[ee]">&gt;&gt;</a>&nbsp;&nbsp;&nbsp;__mathlib_dbl_underflow
<LI><a href="#[ef]">&gt;&gt;</a>&nbsp;&nbsp;&nbsp;__mathlib_dbl_infnan
<LI><a href="#[ea]">&gt;&gt;</a>&nbsp;&nbsp;&nbsp;__kernel_cos
<LI><a href="#[f6]">&gt;&gt;</a>&nbsp;&nbsp;&nbsp;atan
</UL>

<P><STRONG><a name="[10f]"></a>scalbn</STRONG> (Thumb, 0 bytes, Stack size 16 bytes, dscalb.o(.text), UNUSED)

<P><STRONG><a name="[5e]"></a>__aeabi_d2iz</STRONG> (Thumb, 62 bytes, Stack size 16 bytes, dfixi.o(.text))
<BR><BR>[Stack]<UL><LI>Max Depth = 24<LI>Call Chain = __aeabi_d2iz &rArr; __aeabi_llsr
</UL>
<BR>[Calls]<UL><LI><a href="#[56]">&gt;&gt;</a>&nbsp;&nbsp;&nbsp;__aeabi_llsr
</UL>
<BR>[Called By]<UL><LI><a href="#[e7]">&gt;&gt;</a>&nbsp;&nbsp;&nbsp;__ieee754_rem_pio2
<LI><a href="#[ea]">&gt;&gt;</a>&nbsp;&nbsp;&nbsp;__kernel_cos
</UL>

<P><STRONG><a name="[5d]"></a>_chval</STRONG> (Thumb, 30 bytes, Stack size 0 bytes, _chval.o(.text))
<BR><BR>[Called By]<UL><LI><a href="#[58]">&gt;&gt;</a>&nbsp;&nbsp;&nbsp;_strtoul
</UL>

<P><STRONG><a name="[66]"></a>AFIO_GPxConfig</STRONG> (Thumb, 376 bytes, Stack size 76 bytes, ht32f5xxxx_gpio.o(.text.AFIO_GPxConfig))
<BR><BR>[Stack]<UL><LI>Max Depth = 76<LI>Call Chain = AFIO_GPxConfig
</UL>
<BR>[Called By]<UL><LI><a href="#[29]">&gt;&gt;</a>&nbsp;&nbsp;&nbsp;main
<LI><a href="#[a2]">&gt;&gt;</a>&nbsp;&nbsp;&nbsp;HT32F_DVB_LEDInit
<LI><a href="#[77]">&gt;&gt;</a>&nbsp;&nbsp;&nbsp;MC3416_Initialize
<LI><a href="#[76]">&gt;&gt;</a>&nbsp;&nbsp;&nbsp;LC76F_Initialize
<LI><a href="#[63]">&gt;&gt;</a>&nbsp;&nbsp;&nbsp;BC660K_Initialize
</UL>

<P><STRONG><a name="[5f]"></a>Add_Node</STRONG> (Thumb, 136 bytes, Stack size 16 bytes, board871.o(.text.Add_Node))
<BR><BR>[Stack]<UL><LI>Max Depth = 40<LI>Call Chain = Add_Node &rArr; Write_String_Log
</UL>
<BR>[Calls]<UL><LI><a href="#[61]">&gt;&gt;</a>&nbsp;&nbsp;&nbsp;Write_String_Log
<LI><a href="#[62]">&gt;&gt;</a>&nbsp;&nbsp;&nbsp;free
<LI><a href="#[60]">&gt;&gt;</a>&nbsp;&nbsp;&nbsp;__2sprintf
</UL>
<BR>[Called By]<UL><LI><a href="#[b5]">&gt;&gt;</a>&nbsp;&nbsp;&nbsp;Validate_Node
</UL>

<P><STRONG><a name="[63]"></a>BC660K_Initialize</STRONG> (Thumb, 172 bytes, Stack size 40 bytes, bc660k.o(.text.BC660K_Initialize))
<BR><BR>[Stack]<UL><LI>Max Depth = 116<LI>Call Chain = BC660K_Initialize &rArr; AFIO_GPxConfig
</UL>
<BR>[Calls]<UL><LI><a href="#[68]">&gt;&gt;</a>&nbsp;&nbsp;&nbsp;USART_TxRxCmd
<LI><a href="#[67]">&gt;&gt;</a>&nbsp;&nbsp;&nbsp;USART_Init
<LI><a href="#[66]">&gt;&gt;</a>&nbsp;&nbsp;&nbsp;AFIO_GPxConfig
<LI><a href="#[65]">&gt;&gt;</a>&nbsp;&nbsp;&nbsp;GPIO_PullResistorConfig
<LI><a href="#[64]">&gt;&gt;</a>&nbsp;&nbsp;&nbsp;CKCU_PeripClockConfig
<LI><a href="#[6a]">&gt;&gt;</a>&nbsp;&nbsp;&nbsp;Error_Blinking_LED_1
<LI><a href="#[69]">&gt;&gt;</a>&nbsp;&nbsp;&nbsp;malloc
<LI><a href="#[6b]">&gt;&gt;</a>&nbsp;&nbsp;&nbsp;__aeabi_memcpy
</UL>
<BR>[Called By]<UL><LI><a href="#[75]">&gt;&gt;</a>&nbsp;&nbsp;&nbsp;Board871_Initialize
</UL>

<P><STRONG><a name="[6c]"></a>BC660K_Send_Command</STRONG> (Thumb, 376 bytes, Stack size 56 bytes, bc660k.o(.text.BC660K_Send_Command))
<BR><BR>[Stack]<UL><LI>Max Depth = 84<LI>Call Chain = BC660K_Send_Command &rArr; BC660K_USART0_Receive &rArr; strstr
</UL>
<BR>[Calls]<UL><LI><a href="#[71]">&gt;&gt;</a>&nbsp;&nbsp;&nbsp;BC660K_USART0_Receive
<LI><a href="#[6e]">&gt;&gt;</a>&nbsp;&nbsp;&nbsp;USART_SendData
<LI><a href="#[6d]">&gt;&gt;</a>&nbsp;&nbsp;&nbsp;USART_GetFlagStatus
<LI><a href="#[70]">&gt;&gt;</a>&nbsp;&nbsp;&nbsp;xTaskGetTickCount
<LI><a href="#[61]">&gt;&gt;</a>&nbsp;&nbsp;&nbsp;Write_String_Log
<LI><a href="#[60]">&gt;&gt;</a>&nbsp;&nbsp;&nbsp;__2sprintf
<LI><a href="#[72]">&gt;&gt;</a>&nbsp;&nbsp;&nbsp;strcpy
<LI><a href="#[6f]">&gt;&gt;</a>&nbsp;&nbsp;&nbsp;strlen
<LI><a href="#[6b]">&gt;&gt;</a>&nbsp;&nbsp;&nbsp;__aeabi_memcpy
</UL>
<BR>[Called By]<UL><LI><a href="#[96]">&gt;&gt;</a>&nbsp;&nbsp;&nbsp;enableNBIoTRelatedEventReport
<LI><a href="#[92]">&gt;&gt;</a>&nbsp;&nbsp;&nbsp;subscribeMessage_AT_QMTSUB
<LI><a href="#[91]">&gt;&gt;</a>&nbsp;&nbsp;&nbsp;closeMQTT_AT_QMTCLOSE
<LI><a href="#[90]">&gt;&gt;</a>&nbsp;&nbsp;&nbsp;connectClient_AT_QMTCONN
<LI><a href="#[8f]">&gt;&gt;</a>&nbsp;&nbsp;&nbsp;openMQTT_AT_QMTOPEN
<LI><a href="#[8d]">&gt;&gt;</a>&nbsp;&nbsp;&nbsp;checkNetworkRegister_AT_CEREG
<LI><a href="#[8c]">&gt;&gt;</a>&nbsp;&nbsp;&nbsp;getNetworkStatus_AT_QENG
<LI><a href="#[8b]">&gt;&gt;</a>&nbsp;&nbsp;&nbsp;checkMQTT_AT_QMTOPEN
<LI><a href="#[8a]">&gt;&gt;</a>&nbsp;&nbsp;&nbsp;configureEDRX_AT_QEDRXCFG
<LI><a href="#[89]">&gt;&gt;</a>&nbsp;&nbsp;&nbsp;enableSSL_AT_QMTCFG
<LI><a href="#[85]">&gt;&gt;</a>&nbsp;&nbsp;&nbsp;setAuthentication_AT_QSSLCFG
<LI><a href="#[84]">&gt;&gt;</a>&nbsp;&nbsp;&nbsp;powerSavingModeSetting_AT_CPSMS
<LI><a href="#[83]">&gt;&gt;</a>&nbsp;&nbsp;&nbsp;configureSleepMode_AT_QSCLK
<LI><a href="#[82]">&gt;&gt;</a>&nbsp;&nbsp;&nbsp;offEcho_ATE0
<LI><a href="#[81]">&gt;&gt;</a>&nbsp;&nbsp;&nbsp;checkModule_AT
</UL>

<P><STRONG><a name="[71]"></a>BC660K_USART0_Receive</STRONG> (Thumb, 92 bytes, Stack size 16 bytes, bc660k.o(.text.BC660K_USART0_Receive))
<BR><BR>[Stack]<UL><LI>Max Depth = 28<LI>Call Chain = BC660K_USART0_Receive &rArr; strstr
</UL>
<BR>[Calls]<UL><LI><a href="#[73]">&gt;&gt;</a>&nbsp;&nbsp;&nbsp;USART_ReceiveData
<LI><a href="#[6d]">&gt;&gt;</a>&nbsp;&nbsp;&nbsp;USART_GetFlagStatus
<LI><a href="#[74]">&gt;&gt;</a>&nbsp;&nbsp;&nbsp;strstr
</UL>
<BR>[Called By]<UL><LI><a href="#[6c]">&gt;&gt;</a>&nbsp;&nbsp;&nbsp;BC660K_Send_Command
<LI><a href="#[94]">&gt;&gt;</a>&nbsp;&nbsp;&nbsp;publishMessage_AT_QMTPUB
<LI><a href="#[88]">&gt;&gt;</a>&nbsp;&nbsp;&nbsp;setClientPrivateKey_AT_QSSLCFG
<LI><a href="#[87]">&gt;&gt;</a>&nbsp;&nbsp;&nbsp;setClientCert_AT_QSSLCFG
<LI><a href="#[86]">&gt;&gt;</a>&nbsp;&nbsp;&nbsp;setCACert_AT_QSSLCFG
</UL>

<P><STRONG><a name="[75]"></a>Board871_Initialize</STRONG> (Thumb, 204 bytes, Stack size 24 bytes, board871.o(.text.Board871_Initialize))
<BR><BR>[Stack]<UL><LI>Max Depth = 140<LI>Call Chain = Board871_Initialize &rArr; MC3416_Initialize &rArr; AFIO_GPxConfig
</UL>
<BR>[Calls]<UL><LI><a href="#[77]">&gt;&gt;</a>&nbsp;&nbsp;&nbsp;MC3416_Initialize
<LI><a href="#[76]">&gt;&gt;</a>&nbsp;&nbsp;&nbsp;LC76F_Initialize
<LI><a href="#[63]">&gt;&gt;</a>&nbsp;&nbsp;&nbsp;BC660K_Initialize
<LI><a href="#[6a]">&gt;&gt;</a>&nbsp;&nbsp;&nbsp;Error_Blinking_LED_1
<LI><a href="#[69]">&gt;&gt;</a>&nbsp;&nbsp;&nbsp;malloc
<LI><a href="#[6b]">&gt;&gt;</a>&nbsp;&nbsp;&nbsp;__aeabi_memcpy
</UL>
<BR>[Called By]<UL><LI><a href="#[29]">&gt;&gt;</a>&nbsp;&nbsp;&nbsp;main
</UL>

<P><STRONG><a name="[a6]"></a>CKCU_GetPeripFrequency</STRONG> (Thumb, 148 bytes, Stack size 16 bytes, ht32f5xxxx_ckcu.o(.text.CKCU_GetPeripFrequency))
<BR><BR>[Stack]<UL><LI>Max Depth = 16<LI>Call Chain = CKCU_GetPeripFrequency
</UL>
<BR>[Called By]<UL><LI><a href="#[a5]">&gt;&gt;</a>&nbsp;&nbsp;&nbsp;I2C_Init
<LI><a href="#[67]">&gt;&gt;</a>&nbsp;&nbsp;&nbsp;USART_Init
</UL>

<P><STRONG><a name="[64]"></a>CKCU_PeripClockConfig</STRONG> (Thumb, 52 bytes, Stack size 16 bytes, ht32f5xxxx_ckcu.o(.text.CKCU_PeripClockConfig))
<BR><BR>[Stack]<UL><LI>Max Depth = 16<LI>Call Chain = CKCU_PeripClockConfig
</UL>
<BR>[Called By]<UL><LI><a href="#[29]">&gt;&gt;</a>&nbsp;&nbsp;&nbsp;main
<LI><a href="#[a2]">&gt;&gt;</a>&nbsp;&nbsp;&nbsp;HT32F_DVB_LEDInit
<LI><a href="#[77]">&gt;&gt;</a>&nbsp;&nbsp;&nbsp;MC3416_Initialize
<LI><a href="#[76]">&gt;&gt;</a>&nbsp;&nbsp;&nbsp;LC76F_Initialize
<LI><a href="#[63]">&gt;&gt;</a>&nbsp;&nbsp;&nbsp;BC660K_Initialize
</UL>

<P><STRONG><a name="[78]"></a>Calculate_Distance</STRONG> (Thumb, 748 bytes, Stack size 48 bytes, lc76f.o(.text.Calculate_Distance))
<BR><BR>[Stack]<UL><LI>Max Depth = 328<LI>Call Chain = Calculate_Distance &rArr; sin &rArr; __ieee754_rem_pio2 &rArr; __aeabi_dmul &rArr; _double_epilogue &rArr; _double_round
</UL>
<BR>[Calls]<UL><LI><a href="#[7a]">&gt;&gt;</a>&nbsp;&nbsp;&nbsp;__aeabi_fmul
<LI><a href="#[44]">&gt;&gt;</a>&nbsp;&nbsp;&nbsp;__aeabi_fsub
<LI><a href="#[53]">&gt;&gt;</a>&nbsp;&nbsp;&nbsp;__aeabi_d2f
<LI><a href="#[51]">&gt;&gt;</a>&nbsp;&nbsp;&nbsp;__aeabi_i2d
<LI><a href="#[47]">&gt;&gt;</a>&nbsp;&nbsp;&nbsp;__aeabi_dadd
<LI><a href="#[4f]">&gt;&gt;</a>&nbsp;&nbsp;&nbsp;__aeabi_ddiv
<LI><a href="#[52]">&gt;&gt;</a>&nbsp;&nbsp;&nbsp;__aeabi_ui2d
<LI><a href="#[4e]">&gt;&gt;</a>&nbsp;&nbsp;&nbsp;__aeabi_dmul
<LI><a href="#[79]">&gt;&gt;</a>&nbsp;&nbsp;&nbsp;__aeabi_f2d
<LI><a href="#[7d]">&gt;&gt;</a>&nbsp;&nbsp;&nbsp;sqrt
<LI><a href="#[7b]">&gt;&gt;</a>&nbsp;&nbsp;&nbsp;sin
<LI><a href="#[7c]">&gt;&gt;</a>&nbsp;&nbsp;&nbsp;cos
<LI><a href="#[7e]">&gt;&gt;</a>&nbsp;&nbsp;&nbsp;atan2
</UL>
<BR>[Called By]<UL><LI><a href="#[7f]">&gt;&gt;</a>&nbsp;&nbsp;&nbsp;Calculate_Speed
</UL>

<P><STRONG><a name="[7f]"></a>Calculate_Speed</STRONG> (Thumb, 196 bytes, Stack size 152 bytes, lc76f.o(.text.Calculate_Speed))
<BR><BR>[Stack]<UL><LI>Max Depth = 480<LI>Call Chain = Calculate_Speed &rArr; Calculate_Distance &rArr; sin &rArr; __ieee754_rem_pio2 &rArr; __aeabi_dmul &rArr; _double_epilogue &rArr; _double_round
</UL>
<BR>[Calls]<UL><LI><a href="#[46]">&gt;&gt;</a>&nbsp;&nbsp;&nbsp;__aeabi_fdiv
<LI><a href="#[50]">&gt;&gt;</a>&nbsp;&nbsp;&nbsp;__aeabi_ui2f
<LI><a href="#[78]">&gt;&gt;</a>&nbsp;&nbsp;&nbsp;Calculate_Distance
<LI><a href="#[79]">&gt;&gt;</a>&nbsp;&nbsp;&nbsp;__aeabi_f2d
<LI><a href="#[61]">&gt;&gt;</a>&nbsp;&nbsp;&nbsp;Write_String_Log
<LI><a href="#[60]">&gt;&gt;</a>&nbsp;&nbsp;&nbsp;__2sprintf
<LI><a href="#[38]">&gt;&gt;</a>&nbsp;&nbsp;&nbsp;mktime
</UL>
<BR>[Called By]<UL><LI><a href="#[9f]">&gt;&gt;</a>&nbsp;&nbsp;&nbsp;Parse_GPS_String
</UL>

<P><STRONG><a name="[80]"></a>Connection_Flow</STRONG> (Thumb, 1440 bytes, Stack size 56 bytes, board871.o(.text.Connection_Flow))
<BR><BR>[Stack]<UL><LI>Max Depth = 256<LI>Call Chain = Connection_Flow &rArr; Pack_Node_Data &rArr; DMS_To_Decimal &rArr; __aeabi_dmul &rArr; _double_epilogue &rArr; _double_round
</UL>
<BR>[Calls]<UL><LI><a href="#[96]">&gt;&gt;</a>&nbsp;&nbsp;&nbsp;enableNBIoTRelatedEventReport
<LI><a href="#[95]">&gt;&gt;</a>&nbsp;&nbsp;&nbsp;MC3416_Moving
<LI><a href="#[70]">&gt;&gt;</a>&nbsp;&nbsp;&nbsp;xTaskGetTickCount
<LI><a href="#[94]">&gt;&gt;</a>&nbsp;&nbsp;&nbsp;publishMessage_AT_QMTPUB
<LI><a href="#[92]">&gt;&gt;</a>&nbsp;&nbsp;&nbsp;subscribeMessage_AT_QMTSUB
<LI><a href="#[91]">&gt;&gt;</a>&nbsp;&nbsp;&nbsp;closeMQTT_AT_QMTCLOSE
<LI><a href="#[90]">&gt;&gt;</a>&nbsp;&nbsp;&nbsp;connectClient_AT_QMTCONN
<LI><a href="#[8f]">&gt;&gt;</a>&nbsp;&nbsp;&nbsp;openMQTT_AT_QMTOPEN
<LI><a href="#[8d]">&gt;&gt;</a>&nbsp;&nbsp;&nbsp;checkNetworkRegister_AT_CEREG
<LI><a href="#[8c]">&gt;&gt;</a>&nbsp;&nbsp;&nbsp;getNetworkStatus_AT_QENG
<LI><a href="#[8b]">&gt;&gt;</a>&nbsp;&nbsp;&nbsp;checkMQTT_AT_QMTOPEN
<LI><a href="#[8a]">&gt;&gt;</a>&nbsp;&nbsp;&nbsp;configureEDRX_AT_QEDRXCFG
<LI><a href="#[89]">&gt;&gt;</a>&nbsp;&nbsp;&nbsp;enableSSL_AT_QMTCFG
<LI><a href="#[88]">&gt;&gt;</a>&nbsp;&nbsp;&nbsp;setClientPrivateKey_AT_QSSLCFG
<LI><a href="#[87]">&gt;&gt;</a>&nbsp;&nbsp;&nbsp;setClientCert_AT_QSSLCFG
<LI><a href="#[86]">&gt;&gt;</a>&nbsp;&nbsp;&nbsp;setCACert_AT_QSSLCFG
<LI><a href="#[85]">&gt;&gt;</a>&nbsp;&nbsp;&nbsp;setAuthentication_AT_QSSLCFG
<LI><a href="#[84]">&gt;&gt;</a>&nbsp;&nbsp;&nbsp;powerSavingModeSetting_AT_CPSMS
<LI><a href="#[83]">&gt;&gt;</a>&nbsp;&nbsp;&nbsp;configureSleepMode_AT_QSCLK
<LI><a href="#[82]">&gt;&gt;</a>&nbsp;&nbsp;&nbsp;offEcho_ATE0
<LI><a href="#[81]">&gt;&gt;</a>&nbsp;&nbsp;&nbsp;checkModule_AT
<LI><a href="#[8e]">&gt;&gt;</a>&nbsp;&nbsp;&nbsp;vTaskDelay
<LI><a href="#[61]">&gt;&gt;</a>&nbsp;&nbsp;&nbsp;Write_String_Log
<LI><a href="#[93]">&gt;&gt;</a>&nbsp;&nbsp;&nbsp;Pack_Node_Data
<LI><a href="#[98]">&gt;&gt;</a>&nbsp;&nbsp;&nbsp;vTaskResume
<LI><a href="#[97]">&gt;&gt;</a>&nbsp;&nbsp;&nbsp;vTaskSuspend
<LI><a href="#[62]">&gt;&gt;</a>&nbsp;&nbsp;&nbsp;free
<LI><a href="#[60]">&gt;&gt;</a>&nbsp;&nbsp;&nbsp;__2sprintf
<LI><a href="#[72]">&gt;&gt;</a>&nbsp;&nbsp;&nbsp;strcpy
</UL>
<BR>[Called By]<UL><LI><a href="#[2d]">&gt;&gt;</a>&nbsp;&nbsp;&nbsp;task_4
</UL>

<P><STRONG><a name="[99]"></a>DMS_To_Decimal</STRONG> (Thumb, 104 bytes, Stack size 24 bytes, lc76f.o(.text.DMS_To_Decimal))
<BR><BR>[Stack]<UL><LI>Max Depth = 152<LI>Call Chain = DMS_To_Decimal &rArr; __aeabi_dmul &rArr; _double_epilogue &rArr; _double_round
</UL>
<BR>[Calls]<UL><LI><a href="#[53]">&gt;&gt;</a>&nbsp;&nbsp;&nbsp;__aeabi_d2f
<LI><a href="#[51]">&gt;&gt;</a>&nbsp;&nbsp;&nbsp;__aeabi_i2d
<LI><a href="#[47]">&gt;&gt;</a>&nbsp;&nbsp;&nbsp;__aeabi_dadd
<LI><a href="#[4f]">&gt;&gt;</a>&nbsp;&nbsp;&nbsp;__aeabi_ddiv
<LI><a href="#[52]">&gt;&gt;</a>&nbsp;&nbsp;&nbsp;__aeabi_ui2d
<LI><a href="#[4e]">&gt;&gt;</a>&nbsp;&nbsp;&nbsp;__aeabi_dmul
</UL>
<BR>[Called By]<UL><LI><a href="#[93]">&gt;&gt;</a>&nbsp;&nbsp;&nbsp;Pack_Node_Data
</UL>

<P><STRONG><a name="[6a]"></a>Error_Blinking_LED_1</STRONG> (Thumb, 14 bytes, Stack size 0 bytes, main.o(.text.Error_Blinking_LED_1))
<BR><BR>[Stack]<UL><LI>Max Depth = 68 + In Cycle
<LI>Call Chain = Error_Blinking_LED_1 &rArr;  Error_Blinking_LED_1 (Cycle)
</UL>
<BR>[Calls]<UL><LI><a href="#[9a]">&gt;&gt;</a>&nbsp;&nbsp;&nbsp;HT32F_DVB_LEDToggle
<LI><a href="#[8e]">&gt;&gt;</a>&nbsp;&nbsp;&nbsp;vTaskDelay
<LI><a href="#[6a]">&gt;&gt;</a>&nbsp;&nbsp;&nbsp;Error_Blinking_LED_1
</UL>
<BR>[Called By]<UL><LI><a href="#[b0]">&gt;&gt;</a>&nbsp;&nbsp;&nbsp;Tokenize_String
<LI><a href="#[77]">&gt;&gt;</a>&nbsp;&nbsp;&nbsp;MC3416_Initialize
<LI><a href="#[76]">&gt;&gt;</a>&nbsp;&nbsp;&nbsp;LC76F_Initialize
<LI><a href="#[63]">&gt;&gt;</a>&nbsp;&nbsp;&nbsp;BC660K_Initialize
<LI><a href="#[6a]">&gt;&gt;</a>&nbsp;&nbsp;&nbsp;Error_Blinking_LED_1
<LI><a href="#[75]">&gt;&gt;</a>&nbsp;&nbsp;&nbsp;Board871_Initialize
</UL>

<P><STRONG><a name="[a4]"></a>GPIO_DirectionConfig</STRONG> (Thumb, 20 bytes, Stack size 0 bytes, ht32f5xxxx_gpio.o(.text.GPIO_DirectionConfig))
<BR><BR>[Called By]<UL><LI><a href="#[a2]">&gt;&gt;</a>&nbsp;&nbsp;&nbsp;HT32F_DVB_LEDInit
</UL>

<P><STRONG><a name="[a3]"></a>GPIO_DriveConfig</STRONG> (Thumb, 214 bytes, Stack size 20 bytes, ht32f5xxxx_gpio.o(.text.GPIO_DriveConfig))
<BR><BR>[Stack]<UL><LI>Max Depth = 20<LI>Call Chain = GPIO_DriveConfig
</UL>
<BR>[Called By]<UL><LI><a href="#[a2]">&gt;&gt;</a>&nbsp;&nbsp;&nbsp;HT32F_DVB_LEDInit
</UL>

<P><STRONG><a name="[65]"></a>GPIO_PullResistorConfig</STRONG> (Thumb, 38 bytes, Stack size 16 bytes, ht32f5xxxx_gpio.o(.text.GPIO_PullResistorConfig))
<BR><BR>[Stack]<UL><LI>Max Depth = 16<LI>Call Chain = GPIO_PullResistorConfig
</UL>
<BR>[Called By]<UL><LI><a href="#[29]">&gt;&gt;</a>&nbsp;&nbsp;&nbsp;main
<LI><a href="#[a2]">&gt;&gt;</a>&nbsp;&nbsp;&nbsp;HT32F_DVB_LEDInit
<LI><a href="#[76]">&gt;&gt;</a>&nbsp;&nbsp;&nbsp;LC76F_Initialize
<LI><a href="#[63]">&gt;&gt;</a>&nbsp;&nbsp;&nbsp;BC660K_Initialize
</UL>

<P><STRONG><a name="[9b]"></a>Get_Accel_Data</STRONG> (Thumb, 20 bytes, Stack size 8 bytes, board871.o(.text.Get_Accel_Data))
<BR><BR>[Stack]<UL><LI>Max Depth = 76<LI>Call Chain = Get_Accel_Data &rArr; vTaskDelay &rArr; xTaskResumeAll &rArr; xTaskIncrementTick
</UL>
<BR>[Calls]<UL><LI><a href="#[8e]">&gt;&gt;</a>&nbsp;&nbsp;&nbsp;vTaskDelay
<LI><a href="#[9c]">&gt;&gt;</a>&nbsp;&nbsp;&nbsp;MC3416_Read_Accel
</UL>
<BR>[Called By]<UL><LI><a href="#[2b]">&gt;&gt;</a>&nbsp;&nbsp;&nbsp;task_2
</UL>

<P><STRONG><a name="[9d]"></a>Get_GPS_Data</STRONG> (Thumb, 38 bytes, Stack size 16 bytes, board871.o(.text.Get_GPS_Data))
<BR><BR>[Stack]<UL><LI>Max Depth = 584<LI>Call Chain = Get_GPS_Data &rArr; Parse_GPS_String &rArr; Calculate_Speed &rArr; Calculate_Distance &rArr; sin &rArr; __ieee754_rem_pio2 &rArr; __aeabi_dmul &rArr; _double_epilogue &rArr; _double_round
</UL>
<BR>[Calls]<UL><LI><a href="#[9f]">&gt;&gt;</a>&nbsp;&nbsp;&nbsp;Parse_GPS_String
<LI><a href="#[9e]">&gt;&gt;</a>&nbsp;&nbsp;&nbsp;Get_GPS_String
</UL>
<BR>[Called By]<UL><LI><a href="#[2a]">&gt;&gt;</a>&nbsp;&nbsp;&nbsp;task_1
</UL>

<P><STRONG><a name="[9e]"></a>Get_GPS_String</STRONG> (Thumb, 376 bytes, Stack size 24 bytes, lc76f.o(.text.Get_GPS_String))
<BR><BR>[Stack]<UL><LI>Max Depth = 92<LI>Call Chain = Get_GPS_String &rArr; vTaskDelay &rArr; xTaskResumeAll &rArr; xTaskIncrementTick
</UL>
<BR>[Calls]<UL><LI><a href="#[73]">&gt;&gt;</a>&nbsp;&nbsp;&nbsp;USART_ReceiveData
<LI><a href="#[6d]">&gt;&gt;</a>&nbsp;&nbsp;&nbsp;USART_GetFlagStatus
<LI><a href="#[8e]">&gt;&gt;</a>&nbsp;&nbsp;&nbsp;vTaskDelay
<LI><a href="#[61]">&gt;&gt;</a>&nbsp;&nbsp;&nbsp;Write_String_Log
<LI><a href="#[a0]">&gt;&gt;</a>&nbsp;&nbsp;&nbsp;strtok
<LI><a href="#[72]">&gt;&gt;</a>&nbsp;&nbsp;&nbsp;strcpy
<LI><a href="#[a1]">&gt;&gt;</a>&nbsp;&nbsp;&nbsp;strcmp
<LI><a href="#[74]">&gt;&gt;</a>&nbsp;&nbsp;&nbsp;strstr
<LI><a href="#[6b]">&gt;&gt;</a>&nbsp;&nbsp;&nbsp;__aeabi_memcpy
</UL>
<BR>[Called By]<UL><LI><a href="#[9d]">&gt;&gt;</a>&nbsp;&nbsp;&nbsp;Get_GPS_Data
</UL>

<P><STRONG><a name="[a2]"></a>HT32F_DVB_LEDInit</STRONG> (Thumb, 128 bytes, Stack size 24 bytes, ht32_board.o(.text.HT32F_DVB_LEDInit))
<BR><BR>[Stack]<UL><LI>Max Depth = 100<LI>Call Chain = HT32F_DVB_LEDInit &rArr; AFIO_GPxConfig
</UL>
<BR>[Calls]<UL><LI><a href="#[66]">&gt;&gt;</a>&nbsp;&nbsp;&nbsp;AFIO_GPxConfig
<LI><a href="#[65]">&gt;&gt;</a>&nbsp;&nbsp;&nbsp;GPIO_PullResistorConfig
<LI><a href="#[64]">&gt;&gt;</a>&nbsp;&nbsp;&nbsp;CKCU_PeripClockConfig
<LI><a href="#[a3]">&gt;&gt;</a>&nbsp;&nbsp;&nbsp;GPIO_DriveConfig
<LI><a href="#[a4]">&gt;&gt;</a>&nbsp;&nbsp;&nbsp;GPIO_DirectionConfig
</UL>
<BR>[Called By]<UL><LI><a href="#[29]">&gt;&gt;</a>&nbsp;&nbsp;&nbsp;main
</UL>

<P><STRONG><a name="[bb]"></a>HT32F_DVB_LEDOff</STRONG> (Thumb, 20 bytes, Stack size 0 bytes, ht32_board.o(.text.HT32F_DVB_LEDOff))
<BR><BR>[Called By]<UL><LI><a href="#[29]">&gt;&gt;</a>&nbsp;&nbsp;&nbsp;main
</UL>

<P><STRONG><a name="[9a]"></a>HT32F_DVB_LEDToggle</STRONG> (Thumb, 24 bytes, Stack size 0 bytes, ht32_board.o(.text.HT32F_DVB_LEDToggle))
<BR><BR>[Called By]<UL><LI><a href="#[29]">&gt;&gt;</a>&nbsp;&nbsp;&nbsp;main
<LI><a href="#[6a]">&gt;&gt;</a>&nbsp;&nbsp;&nbsp;Error_Blinking_LED_1
</UL>

<P><STRONG><a name="[a9]"></a>I2C_Cmd</STRONG> (Thumb, 18 bytes, Stack size 0 bytes, ht32f5xxxx_i2c.o(.text.I2C_Cmd))
<BR><BR>[Called By]<UL><LI><a href="#[77]">&gt;&gt;</a>&nbsp;&nbsp;&nbsp;MC3416_Initialize
</UL>

<P><STRONG><a name="[ad]"></a>I2C_GenerateSTOP</STRONG> (Thumb, 10 bytes, Stack size 0 bytes, ht32f5xxxx_i2c.o(.text.I2C_GenerateSTOP))
<BR><BR>[Called By]<UL><LI><a href="#[ab]">&gt;&gt;</a>&nbsp;&nbsp;&nbsp;MC3416_Read_Mem_Slave
<LI><a href="#[aa]">&gt;&gt;</a>&nbsp;&nbsp;&nbsp;MC3416_Write_Mem_Slave
</UL>

<P><STRONG><a name="[a5]"></a>I2C_Init</STRONG> (Thumb, 156 bytes, Stack size 24 bytes, ht32f5xxxx_i2c.o(.text.I2C_Init))
<BR><BR>[Stack]<UL><LI>Max Depth = 40<LI>Call Chain = I2C_Init &rArr; CKCU_GetPeripFrequency
</UL>
<BR>[Calls]<UL><LI><a href="#[a6]">&gt;&gt;</a>&nbsp;&nbsp;&nbsp;CKCU_GetPeripFrequency
<LI><a href="#[a7]">&gt;&gt;</a>&nbsp;&nbsp;&nbsp;__aeabi_uidiv
</UL>
<BR>[Called By]<UL><LI><a href="#[77]">&gt;&gt;</a>&nbsp;&nbsp;&nbsp;MC3416_Initialize
</UL>

<P><STRONG><a name="[ae]"></a>I2C_ReadRegister</STRONG> (Thumb, 22 bytes, Stack size 4 bytes, ht32f5xxxx_i2c.o(.text.I2C_ReadRegister))
<BR><BR>[Stack]<UL><LI>Max Depth = 4<LI>Call Chain = I2C_ReadRegister
</UL>
<BR>[Called By]<UL><LI><a href="#[ab]">&gt;&gt;</a>&nbsp;&nbsp;&nbsp;MC3416_Read_Mem_Slave
<LI><a href="#[aa]">&gt;&gt;</a>&nbsp;&nbsp;&nbsp;MC3416_Write_Mem_Slave
</UL>

<P><STRONG><a name="[ac]"></a>I2C_SendData</STRONG> (Thumb, 4 bytes, Stack size 0 bytes, ht32f5xxxx_i2c.o(.text.I2C_SendData))
<BR><BR>[Called By]<UL><LI><a href="#[ab]">&gt;&gt;</a>&nbsp;&nbsp;&nbsp;MC3416_Read_Mem_Slave
<LI><a href="#[aa]">&gt;&gt;</a>&nbsp;&nbsp;&nbsp;MC3416_Write_Mem_Slave
</UL>

<P><STRONG><a name="[a8]"></a>I2C_TargetAddressConfig</STRONG> (Thumb, 38 bytes, Stack size 0 bytes, ht32f5xxxx_i2c.o(.text.I2C_TargetAddressConfig))
<BR><BR>[Calls]<UL><LI><a href="#[a8]">&gt;&gt;</a>&nbsp;&nbsp;&nbsp;I2C_TargetAddressConfig
</UL>
<BR>[Called By]<UL><LI><a href="#[a8]">&gt;&gt;</a>&nbsp;&nbsp;&nbsp;I2C_TargetAddressConfig
<LI><a href="#[ab]">&gt;&gt;</a>&nbsp;&nbsp;&nbsp;MC3416_Read_Mem_Slave
<LI><a href="#[aa]">&gt;&gt;</a>&nbsp;&nbsp;&nbsp;MC3416_Write_Mem_Slave
</UL>

<P><STRONG><a name="[76]"></a>LC76F_Initialize</STRONG> (Thumb, 172 bytes, Stack size 40 bytes, lc76f.o(.text.LC76F_Initialize))
<BR><BR>[Stack]<UL><LI>Max Depth = 116<LI>Call Chain = LC76F_Initialize &rArr; AFIO_GPxConfig
</UL>
<BR>[Calls]<UL><LI><a href="#[68]">&gt;&gt;</a>&nbsp;&nbsp;&nbsp;USART_TxRxCmd
<LI><a href="#[67]">&gt;&gt;</a>&nbsp;&nbsp;&nbsp;USART_Init
<LI><a href="#[66]">&gt;&gt;</a>&nbsp;&nbsp;&nbsp;AFIO_GPxConfig
<LI><a href="#[65]">&gt;&gt;</a>&nbsp;&nbsp;&nbsp;GPIO_PullResistorConfig
<LI><a href="#[64]">&gt;&gt;</a>&nbsp;&nbsp;&nbsp;CKCU_PeripClockConfig
<LI><a href="#[6a]">&gt;&gt;</a>&nbsp;&nbsp;&nbsp;Error_Blinking_LED_1
<LI><a href="#[69]">&gt;&gt;</a>&nbsp;&nbsp;&nbsp;malloc
</UL>
<BR>[Called By]<UL><LI><a href="#[75]">&gt;&gt;</a>&nbsp;&nbsp;&nbsp;Board871_Initialize
</UL>

<P><STRONG><a name="[77]"></a>MC3416_Initialize</STRONG> (Thumb, 148 bytes, Stack size 40 bytes, mc3416.o(.text.MC3416_Initialize))
<BR><BR>[Stack]<UL><LI>Max Depth = 116<LI>Call Chain = MC3416_Initialize &rArr; AFIO_GPxConfig
</UL>
<BR>[Calls]<UL><LI><a href="#[ab]">&gt;&gt;</a>&nbsp;&nbsp;&nbsp;MC3416_Read_Mem_Slave
<LI><a href="#[aa]">&gt;&gt;</a>&nbsp;&nbsp;&nbsp;MC3416_Write_Mem_Slave
<LI><a href="#[a9]">&gt;&gt;</a>&nbsp;&nbsp;&nbsp;I2C_Cmd
<LI><a href="#[a5]">&gt;&gt;</a>&nbsp;&nbsp;&nbsp;I2C_Init
<LI><a href="#[66]">&gt;&gt;</a>&nbsp;&nbsp;&nbsp;AFIO_GPxConfig
<LI><a href="#[64]">&gt;&gt;</a>&nbsp;&nbsp;&nbsp;CKCU_PeripClockConfig
<LI><a href="#[6a]">&gt;&gt;</a>&nbsp;&nbsp;&nbsp;Error_Blinking_LED_1
<LI><a href="#[69]">&gt;&gt;</a>&nbsp;&nbsp;&nbsp;malloc
</UL>
<BR>[Called By]<UL><LI><a href="#[75]">&gt;&gt;</a>&nbsp;&nbsp;&nbsp;Board871_Initialize
</UL>

<P><STRONG><a name="[95]"></a>MC3416_Moving</STRONG> (Thumb, 296 bytes, Stack size 64 bytes, mc3416.o(.text.MC3416_Moving))
<BR><BR>[Stack]<UL><LI>Max Depth = 132<LI>Call Chain = MC3416_Moving &rArr; vTaskDelay &rArr; xTaskResumeAll &rArr; xTaskIncrementTick
</UL>
<BR>[Calls]<UL><LI><a href="#[ab]">&gt;&gt;</a>&nbsp;&nbsp;&nbsp;MC3416_Read_Mem_Slave
<LI><a href="#[8e]">&gt;&gt;</a>&nbsp;&nbsp;&nbsp;vTaskDelay
<LI><a href="#[61]">&gt;&gt;</a>&nbsp;&nbsp;&nbsp;Write_String_Log
</UL>
<BR>[Called By]<UL><LI><a href="#[80]">&gt;&gt;</a>&nbsp;&nbsp;&nbsp;Connection_Flow
</UL>

<P><STRONG><a name="[9c]"></a>MC3416_Read_Accel</STRONG> (Thumb, 160 bytes, Stack size 24 bytes, mc3416.o(.text.MC3416_Read_Accel))
<BR><BR>[Stack]<UL><LI>Max Depth = 60<LI>Call Chain = MC3416_Read_Accel &rArr; MC3416_Read_Mem_Slave &rArr; I2C_ReadRegister
</UL>
<BR>[Calls]<UL><LI><a href="#[ab]">&gt;&gt;</a>&nbsp;&nbsp;&nbsp;MC3416_Read_Mem_Slave
</UL>
<BR>[Called By]<UL><LI><a href="#[9b]">&gt;&gt;</a>&nbsp;&nbsp;&nbsp;Get_Accel_Data
</UL>

<P><STRONG><a name="[ab]"></a>MC3416_Read_Mem_Slave</STRONG> (Thumb, 260 bytes, Stack size 32 bytes, mc3416.o(.text.MC3416_Read_Mem_Slave))
<BR><BR>[Stack]<UL><LI>Max Depth = 36<LI>Call Chain = MC3416_Read_Mem_Slave &rArr; I2C_ReadRegister
</UL>
<BR>[Calls]<UL><LI><a href="#[ae]">&gt;&gt;</a>&nbsp;&nbsp;&nbsp;I2C_ReadRegister
<LI><a href="#[ad]">&gt;&gt;</a>&nbsp;&nbsp;&nbsp;I2C_GenerateSTOP
<LI><a href="#[ac]">&gt;&gt;</a>&nbsp;&nbsp;&nbsp;I2C_SendData
<LI><a href="#[a8]">&gt;&gt;</a>&nbsp;&nbsp;&nbsp;I2C_TargetAddressConfig
</UL>
<BR>[Called By]<UL><LI><a href="#[95]">&gt;&gt;</a>&nbsp;&nbsp;&nbsp;MC3416_Moving
<LI><a href="#[9c]">&gt;&gt;</a>&nbsp;&nbsp;&nbsp;MC3416_Read_Accel
<LI><a href="#[77]">&gt;&gt;</a>&nbsp;&nbsp;&nbsp;MC3416_Initialize
</UL>

<P><STRONG><a name="[aa]"></a>MC3416_Write_Mem_Slave</STRONG> (Thumb, 168 bytes, Stack size 24 bytes, mc3416.o(.text.MC3416_Write_Mem_Slave))
<BR><BR>[Stack]<UL><LI>Max Depth = 28<LI>Call Chain = MC3416_Write_Mem_Slave &rArr; I2C_ReadRegister
</UL>
<BR>[Calls]<UL><LI><a href="#[ae]">&gt;&gt;</a>&nbsp;&nbsp;&nbsp;I2C_ReadRegister
<LI><a href="#[ad]">&gt;&gt;</a>&nbsp;&nbsp;&nbsp;I2C_GenerateSTOP
<LI><a href="#[ac]">&gt;&gt;</a>&nbsp;&nbsp;&nbsp;I2C_SendData
<LI><a href="#[a8]">&gt;&gt;</a>&nbsp;&nbsp;&nbsp;I2C_TargetAddressConfig
</UL>
<BR>[Called By]<UL><LI><a href="#[77]">&gt;&gt;</a>&nbsp;&nbsp;&nbsp;MC3416_Initialize
</UL>

<P><STRONG><a name="[93]"></a>Pack_Node_Data</STRONG> (Thumb, 656 bytes, Stack size 48 bytes, board871.o(.text.Pack_Node_Data))
<BR><BR>[Stack]<UL><LI>Max Depth = 200<LI>Call Chain = Pack_Node_Data &rArr; DMS_To_Decimal &rArr; __aeabi_dmul &rArr; _double_epilogue &rArr; _double_round
</UL>
<BR>[Calls]<UL><LI><a href="#[79]">&gt;&gt;</a>&nbsp;&nbsp;&nbsp;__aeabi_f2d
<LI><a href="#[99]">&gt;&gt;</a>&nbsp;&nbsp;&nbsp;DMS_To_Decimal
<LI><a href="#[61]">&gt;&gt;</a>&nbsp;&nbsp;&nbsp;Write_String_Log
<LI><a href="#[60]">&gt;&gt;</a>&nbsp;&nbsp;&nbsp;__2sprintf
<LI><a href="#[6f]">&gt;&gt;</a>&nbsp;&nbsp;&nbsp;strlen
<LI><a href="#[af]">&gt;&gt;</a>&nbsp;&nbsp;&nbsp;strcat
<LI><a href="#[6b]">&gt;&gt;</a>&nbsp;&nbsp;&nbsp;__aeabi_memcpy
</UL>
<BR>[Called By]<UL><LI><a href="#[80]">&gt;&gt;</a>&nbsp;&nbsp;&nbsp;Connection_Flow
</UL>

<P><STRONG><a name="[9f]"></a>Parse_GPS_String</STRONG> (Thumb, 1092 bytes, Stack size 88 bytes, lc76f.o(.text.Parse_GPS_String))
<BR><BR>[Stack]<UL><LI>Max Depth = 568<LI>Call Chain = Parse_GPS_String &rArr; Calculate_Speed &rArr; Calculate_Distance &rArr; sin &rArr; __ieee754_rem_pio2 &rArr; __aeabi_dmul &rArr; _double_epilogue &rArr; _double_round
</UL>
<BR>[Calls]<UL><LI><a href="#[7f]">&gt;&gt;</a>&nbsp;&nbsp;&nbsp;Calculate_Speed
<LI><a href="#[b1]">&gt;&gt;</a>&nbsp;&nbsp;&nbsp;slice
<LI><a href="#[b0]">&gt;&gt;</a>&nbsp;&nbsp;&nbsp;Tokenize_String
<LI><a href="#[61]">&gt;&gt;</a>&nbsp;&nbsp;&nbsp;Write_String_Log
<LI><a href="#[3e]">&gt;&gt;</a>&nbsp;&nbsp;&nbsp;atoi
<LI><a href="#[62]">&gt;&gt;</a>&nbsp;&nbsp;&nbsp;free
<LI><a href="#[6b]">&gt;&gt;</a>&nbsp;&nbsp;&nbsp;__aeabi_memcpy
<LI><a href="#[39]">&gt;&gt;</a>&nbsp;&nbsp;&nbsp;__aeabi_idivmod
</UL>
<BR>[Called By]<UL><LI><a href="#[9d]">&gt;&gt;</a>&nbsp;&nbsp;&nbsp;Get_GPS_Data
</UL>

<P><STRONG><a name="[4]"></a>PendSV_Handler</STRONG> (Thumb, 68 bytes, Stack size 0 bytes, port.o(.text.PendSV_Handler))
<BR><BR>[Stack]<UL><LI>Max Depth = 16<LI>Call Chain = PendSV_Handler &rArr; vTaskSwitchContext
</UL>
<BR>[Calls]<UL><LI><a href="#[35]">&gt;&gt;</a>&nbsp;&nbsp;&nbsp;vTaskSwitchContext
</UL>
<BR>[Address Reference Count : 1]<UL><LI> startup_ht32f5xxxx_03.o(RESET)
</UL>
<P><STRONG><a name="[3]"></a>SVC_Handler</STRONG> (Thumb, 2 bytes, Stack size 0 bytes, port.o(.text.SVC_Handler))
<BR>[Address Reference Count : 1]<UL><LI> startup_ht32f5xxxx_03.o(RESET)
</UL>
<P><STRONG><a name="[5]"></a>SysTick_Handler</STRONG> (Thumb, 32 bytes, Stack size 8 bytes, port.o(.text.SysTick_Handler))
<BR><BR>[Stack]<UL><LI>Max Depth = 36<LI>Call Chain = SysTick_Handler &rArr; xTaskIncrementTick
</UL>
<BR>[Calls]<UL><LI><a href="#[b3]">&gt;&gt;</a>&nbsp;&nbsp;&nbsp;xTaskIncrementTick
<LI><a href="#[b4]">&gt;&gt;</a>&nbsp;&nbsp;&nbsp;vClearInterruptMaskFromISR
<LI><a href="#[b2]">&gt;&gt;</a>&nbsp;&nbsp;&nbsp;ulSetInterruptMaskFromISR
</UL>
<BR>[Address Reference Count : 1]<UL><LI> startup_ht32f5xxxx_03.o(RESET)
</UL>
<P><STRONG><a name="[ba]"></a>SystemCoreClockUpdate</STRONG> (Thumb, 124 bytes, Stack size 24 bytes, system_ht32f5xxxx_03.o(.text.SystemCoreClockUpdate))
<BR><BR>[Stack]<UL><LI>Max Depth = 24<LI>Call Chain = SystemCoreClockUpdate
</UL>
<BR>[Called By]<UL><LI><a href="#[29]">&gt;&gt;</a>&nbsp;&nbsp;&nbsp;main
</UL>

<P><STRONG><a name="[27]"></a>SystemInit</STRONG> (Thumb, 364 bytes, Stack size 44 bytes, system_ht32f5xxxx_03.o(.text.SystemInit))
<BR><BR>[Stack]<UL><LI>Max Depth = 44<LI>Call Chain = SystemInit
</UL>
<BR>[Address Reference Count : 1]<UL><LI> startup_ht32f5xxxx_03.o(RESET)
</UL>
<P><STRONG><a name="[b0]"></a>Tokenize_String</STRONG> (Thumb, 314 bytes, Stack size 24 bytes, utilities.o(.text.Tokenize_String))
<BR><BR>[Stack]<UL><LI>Max Depth = 92<LI>Call Chain = Tokenize_String &rArr; Error_Blinking_LED_1 &rArr;  Error_Blinking_LED_1 (Cycle)
</UL>
<BR>[Calls]<UL><LI><a href="#[6a]">&gt;&gt;</a>&nbsp;&nbsp;&nbsp;Error_Blinking_LED_1
<LI><a href="#[69]">&gt;&gt;</a>&nbsp;&nbsp;&nbsp;malloc
<LI><a href="#[a0]">&gt;&gt;</a>&nbsp;&nbsp;&nbsp;strtok
</UL>
<BR>[Called By]<UL><LI><a href="#[94]">&gt;&gt;</a>&nbsp;&nbsp;&nbsp;publishMessage_AT_QMTPUB
<LI><a href="#[8d]">&gt;&gt;</a>&nbsp;&nbsp;&nbsp;checkNetworkRegister_AT_CEREG
<LI><a href="#[8c]">&gt;&gt;</a>&nbsp;&nbsp;&nbsp;getNetworkStatus_AT_QENG
<LI><a href="#[9f]">&gt;&gt;</a>&nbsp;&nbsp;&nbsp;Parse_GPS_String
</UL>

<P><STRONG><a name="[6d]"></a>USART_GetFlagStatus</STRONG> (Thumb, 10 bytes, Stack size 0 bytes, ht32f5xxxx_usart.o(.text.USART_GetFlagStatus))
<BR><BR>[Called By]<UL><LI><a href="#[6c]">&gt;&gt;</a>&nbsp;&nbsp;&nbsp;BC660K_Send_Command
<LI><a href="#[71]">&gt;&gt;</a>&nbsp;&nbsp;&nbsp;BC660K_USART0_Receive
<LI><a href="#[94]">&gt;&gt;</a>&nbsp;&nbsp;&nbsp;publishMessage_AT_QMTPUB
<LI><a href="#[88]">&gt;&gt;</a>&nbsp;&nbsp;&nbsp;setClientPrivateKey_AT_QSSLCFG
<LI><a href="#[87]">&gt;&gt;</a>&nbsp;&nbsp;&nbsp;setClientCert_AT_QSSLCFG
<LI><a href="#[86]">&gt;&gt;</a>&nbsp;&nbsp;&nbsp;setCACert_AT_QSSLCFG
<LI><a href="#[9e]">&gt;&gt;</a>&nbsp;&nbsp;&nbsp;Get_GPS_String
<LI><a href="#[61]">&gt;&gt;</a>&nbsp;&nbsp;&nbsp;Write_String_Log
</UL>

<P><STRONG><a name="[67]"></a>USART_Init</STRONG> (Thumb, 112 bytes, Stack size 16 bytes, ht32f5xxxx_usart.o(.text.USART_Init))
<BR><BR>[Stack]<UL><LI>Max Depth = 32<LI>Call Chain = USART_Init &rArr; CKCU_GetPeripFrequency
</UL>
<BR>[Calls]<UL><LI><a href="#[a6]">&gt;&gt;</a>&nbsp;&nbsp;&nbsp;CKCU_GetPeripFrequency
<LI><a href="#[a7]">&gt;&gt;</a>&nbsp;&nbsp;&nbsp;__aeabi_uidiv
</UL>
<BR>[Called By]<UL><LI><a href="#[29]">&gt;&gt;</a>&nbsp;&nbsp;&nbsp;main
<LI><a href="#[76]">&gt;&gt;</a>&nbsp;&nbsp;&nbsp;LC76F_Initialize
<LI><a href="#[63]">&gt;&gt;</a>&nbsp;&nbsp;&nbsp;BC660K_Initialize
</UL>

<P><STRONG><a name="[73]"></a>USART_ReceiveData</STRONG> (Thumb, 6 bytes, Stack size 0 bytes, ht32f5xxxx_usart.o(.text.USART_ReceiveData))
<BR><BR>[Called By]<UL><LI><a href="#[71]">&gt;&gt;</a>&nbsp;&nbsp;&nbsp;BC660K_USART0_Receive
<LI><a href="#[9e]">&gt;&gt;</a>&nbsp;&nbsp;&nbsp;Get_GPS_String
</UL>

<P><STRONG><a name="[6e]"></a>USART_SendData</STRONG> (Thumb, 4 bytes, Stack size 0 bytes, ht32f5xxxx_usart.o(.text.USART_SendData))
<BR><BR>[Called By]<UL><LI><a href="#[6c]">&gt;&gt;</a>&nbsp;&nbsp;&nbsp;BC660K_Send_Command
<LI><a href="#[94]">&gt;&gt;</a>&nbsp;&nbsp;&nbsp;publishMessage_AT_QMTPUB
<LI><a href="#[88]">&gt;&gt;</a>&nbsp;&nbsp;&nbsp;setClientPrivateKey_AT_QSSLCFG
<LI><a href="#[87]">&gt;&gt;</a>&nbsp;&nbsp;&nbsp;setClientCert_AT_QSSLCFG
<LI><a href="#[86]">&gt;&gt;</a>&nbsp;&nbsp;&nbsp;setCACert_AT_QSSLCFG
<LI><a href="#[61]">&gt;&gt;</a>&nbsp;&nbsp;&nbsp;Write_String_Log
</UL>

<P><STRONG><a name="[68]"></a>USART_TxRxCmd</STRONG> (Thumb, 24 bytes, Stack size 0 bytes, ht32f5xxxx_usart.o(.text.USART_TxRxCmd))
<BR><BR>[Called By]<UL><LI><a href="#[29]">&gt;&gt;</a>&nbsp;&nbsp;&nbsp;main
<LI><a href="#[76]">&gt;&gt;</a>&nbsp;&nbsp;&nbsp;LC76F_Initialize
<LI><a href="#[63]">&gt;&gt;</a>&nbsp;&nbsp;&nbsp;BC660K_Initialize
</UL>

<P><STRONG><a name="[b5]"></a>Validate_Node</STRONG> (Thumb, 448 bytes, Stack size 24 bytes, board871.o(.text.Validate_Node))
<BR><BR>[Stack]<UL><LI>Max Depth = 152<LI>Call Chain = Validate_Node &rArr; __aeabi_dmul &rArr; _double_epilogue &rArr; _double_round
</UL>
<BR>[Calls]<UL><LI><a href="#[5f]">&gt;&gt;</a>&nbsp;&nbsp;&nbsp;Add_Node
<LI><a href="#[b7]">&gt;&gt;</a>&nbsp;&nbsp;&nbsp;__aeabi_dcmple
<LI><a href="#[4e]">&gt;&gt;</a>&nbsp;&nbsp;&nbsp;__aeabi_dmul
<LI><a href="#[b6]">&gt;&gt;</a>&nbsp;&nbsp;&nbsp;__aeabi_fcmpge
<LI><a href="#[79]">&gt;&gt;</a>&nbsp;&nbsp;&nbsp;__aeabi_f2d
<LI><a href="#[61]">&gt;&gt;</a>&nbsp;&nbsp;&nbsp;Write_String_Log
<LI><a href="#[98]">&gt;&gt;</a>&nbsp;&nbsp;&nbsp;vTaskResume
<LI><a href="#[97]">&gt;&gt;</a>&nbsp;&nbsp;&nbsp;vTaskSuspend
<LI><a href="#[69]">&gt;&gt;</a>&nbsp;&nbsp;&nbsp;malloc
<LI><a href="#[6b]">&gt;&gt;</a>&nbsp;&nbsp;&nbsp;__aeabi_memcpy
</UL>
<BR>[Called By]<UL><LI><a href="#[2c]">&gt;&gt;</a>&nbsp;&nbsp;&nbsp;task_3
</UL>

<P><STRONG><a name="[61]"></a>Write_String_Log</STRONG> (Thumb, 84 bytes, Stack size 24 bytes, main.o(.text.Write_String_Log))
<BR><BR>[Stack]<UL><LI>Max Depth = 24<LI>Call Chain = Write_String_Log
</UL>
<BR>[Calls]<UL><LI><a href="#[6e]">&gt;&gt;</a>&nbsp;&nbsp;&nbsp;USART_SendData
<LI><a href="#[6d]">&gt;&gt;</a>&nbsp;&nbsp;&nbsp;USART_GetFlagStatus
<LI><a href="#[6f]">&gt;&gt;</a>&nbsp;&nbsp;&nbsp;strlen
</UL>
<BR>[Called By]<UL><LI><a href="#[7f]">&gt;&gt;</a>&nbsp;&nbsp;&nbsp;Calculate_Speed
<LI><a href="#[6c]">&gt;&gt;</a>&nbsp;&nbsp;&nbsp;BC660K_Send_Command
<LI><a href="#[95]">&gt;&gt;</a>&nbsp;&nbsp;&nbsp;MC3416_Moving
<LI><a href="#[94]">&gt;&gt;</a>&nbsp;&nbsp;&nbsp;publishMessage_AT_QMTPUB
<LI><a href="#[8c]">&gt;&gt;</a>&nbsp;&nbsp;&nbsp;getNetworkStatus_AT_QENG
<LI><a href="#[88]">&gt;&gt;</a>&nbsp;&nbsp;&nbsp;setClientPrivateKey_AT_QSSLCFG
<LI><a href="#[87]">&gt;&gt;</a>&nbsp;&nbsp;&nbsp;setClientCert_AT_QSSLCFG
<LI><a href="#[86]">&gt;&gt;</a>&nbsp;&nbsp;&nbsp;setCACert_AT_QSSLCFG
<LI><a href="#[80]">&gt;&gt;</a>&nbsp;&nbsp;&nbsp;Connection_Flow
<LI><a href="#[9f]">&gt;&gt;</a>&nbsp;&nbsp;&nbsp;Parse_GPS_String
<LI><a href="#[9e]">&gt;&gt;</a>&nbsp;&nbsp;&nbsp;Get_GPS_String
<LI><a href="#[5f]">&gt;&gt;</a>&nbsp;&nbsp;&nbsp;Add_Node
<LI><a href="#[b5]">&gt;&gt;</a>&nbsp;&nbsp;&nbsp;Validate_Node
<LI><a href="#[93]">&gt;&gt;</a>&nbsp;&nbsp;&nbsp;Pack_Node_Data
</UL>

<P><STRONG><a name="[8b]"></a>checkMQTT_AT_QMTOPEN</STRONG> (Thumb, 60 bytes, Stack size 16 bytes, bc660k.o(.text.checkMQTT_AT_QMTOPEN))
<BR><BR>[Stack]<UL><LI>Max Depth = 100<LI>Call Chain = checkMQTT_AT_QMTOPEN &rArr; BC660K_Send_Command &rArr; BC660K_USART0_Receive &rArr; strstr
</UL>
<BR>[Calls]<UL><LI><a href="#[6c]">&gt;&gt;</a>&nbsp;&nbsp;&nbsp;BC660K_Send_Command
<LI><a href="#[74]">&gt;&gt;</a>&nbsp;&nbsp;&nbsp;strstr
<LI><a href="#[6b]">&gt;&gt;</a>&nbsp;&nbsp;&nbsp;__aeabi_memcpy
</UL>
<BR>[Called By]<UL><LI><a href="#[80]">&gt;&gt;</a>&nbsp;&nbsp;&nbsp;Connection_Flow
</UL>

<P><STRONG><a name="[81]"></a>checkModule_AT</STRONG> (Thumb, 28 bytes, Stack size 8 bytes, bc660k.o(.text.checkModule_AT))
<BR><BR>[Stack]<UL><LI>Max Depth = 92<LI>Call Chain = checkModule_AT &rArr; BC660K_Send_Command &rArr; BC660K_USART0_Receive &rArr; strstr
</UL>
<BR>[Calls]<UL><LI><a href="#[6c]">&gt;&gt;</a>&nbsp;&nbsp;&nbsp;BC660K_Send_Command
</UL>
<BR>[Called By]<UL><LI><a href="#[80]">&gt;&gt;</a>&nbsp;&nbsp;&nbsp;Connection_Flow
</UL>

<P><STRONG><a name="[8d]"></a>checkNetworkRegister_AT_CEREG</STRONG> (Thumb, 84 bytes, Stack size 24 bytes, bc660k.o(.text.checkNetworkRegister_AT_CEREG))
<BR><BR>[Stack]<UL><LI>Max Depth = 116<LI>Call Chain = checkNetworkRegister_AT_CEREG &rArr; Tokenize_String &rArr; Error_Blinking_LED_1 &rArr;  Error_Blinking_LED_1 (Cycle)
</UL>
<BR>[Calls]<UL><LI><a href="#[b0]">&gt;&gt;</a>&nbsp;&nbsp;&nbsp;Tokenize_String
<LI><a href="#[6c]">&gt;&gt;</a>&nbsp;&nbsp;&nbsp;BC660K_Send_Command
<LI><a href="#[3e]">&gt;&gt;</a>&nbsp;&nbsp;&nbsp;atoi
<LI><a href="#[74]">&gt;&gt;</a>&nbsp;&nbsp;&nbsp;strstr
<LI><a href="#[6b]">&gt;&gt;</a>&nbsp;&nbsp;&nbsp;__aeabi_memcpy
</UL>
<BR>[Called By]<UL><LI><a href="#[80]">&gt;&gt;</a>&nbsp;&nbsp;&nbsp;Connection_Flow
</UL>

<P><STRONG><a name="[91]"></a>closeMQTT_AT_QMTCLOSE</STRONG> (Thumb, 28 bytes, Stack size 8 bytes, bc660k.o(.text.closeMQTT_AT_QMTCLOSE))
<BR><BR>[Stack]<UL><LI>Max Depth = 92<LI>Call Chain = closeMQTT_AT_QMTCLOSE &rArr; BC660K_Send_Command &rArr; BC660K_USART0_Receive &rArr; strstr
</UL>
<BR>[Calls]<UL><LI><a href="#[6c]">&gt;&gt;</a>&nbsp;&nbsp;&nbsp;BC660K_Send_Command
<LI><a href="#[6b]">&gt;&gt;</a>&nbsp;&nbsp;&nbsp;__aeabi_memcpy
</UL>
<BR>[Called By]<UL><LI><a href="#[80]">&gt;&gt;</a>&nbsp;&nbsp;&nbsp;Connection_Flow
</UL>

<P><STRONG><a name="[8a]"></a>configureEDRX_AT_QEDRXCFG</STRONG> (Thumb, 60 bytes, Stack size 8 bytes, bc660k.o(.text.configureEDRX_AT_QEDRXCFG))
<BR><BR>[Stack]<UL><LI>Max Depth = 92<LI>Call Chain = configureEDRX_AT_QEDRXCFG &rArr; BC660K_Send_Command &rArr; BC660K_USART0_Receive &rArr; strstr
</UL>
[...]
<LI><a href="#[83]">&gt;&gt;</a>&nbsp;&nbsp;&nbsp;configureSleepMode_AT_QSCLK
<LI><a href="#[80]">&gt;&gt;</a>&nbsp;&nbsp;&nbsp;Connection_Flow
<LI><a href="#[5f]">&gt;&gt;</a>&nbsp;&nbsp;&nbsp;Add_Node
<LI><a href="#[93]">&gt;&gt;</a>&nbsp;&nbsp;&nbsp;Pack_Node_Data
</UL>

<P><STRONG><a name="[111]"></a>__c89sprintf</STRONG> (Thumb, 0 bytes, Stack size 24 bytes, printfa.o(i.__0sprintf), UNUSED)

<P><STRONG><a name="[112]"></a>sprintf</STRONG> (Thumb, 0 bytes, Stack size 24 bytes, printfa.o(i.__0sprintf), UNUSED)

<P><STRONG><a name="[59]"></a>__ARM_clz</STRONG> (Thumb, 46 bytes, Stack size 0 bytes, depilogue.o(i.__ARM_clz))
<BR><BR>[Called By]<UL><LI><a href="#[4a]">&gt;&gt;</a>&nbsp;&nbsp;&nbsp;_double_epilogue
</UL>

<P><STRONG><a name="[e8]"></a>__ARM_common_ll_muluu</STRONG> (Thumb, 50 bytes, Stack size 16 bytes, rred.o(i.__ARM_common_ll_muluu))
<BR><BR>[Stack]<UL><LI>Max Depth = 16<LI>Call Chain = __ARM_common_ll_muluu
</UL>
<BR>[Called By]<UL><LI><a href="#[e7]">&gt;&gt;</a>&nbsp;&nbsp;&nbsp;__ieee754_rem_pio2
</UL>

<P><STRONG><a name="[ed]"></a>__ARM_fpclassify</STRONG> (Thumb, 40 bytes, Stack size 0 bytes, fpclassify.o(i.__ARM_fpclassify))
<BR><BR>[Called By]<UL><LI><a href="#[ec]">&gt;&gt;</a>&nbsp;&nbsp;&nbsp;__kernel_sin
<LI><a href="#[f6]">&gt;&gt;</a>&nbsp;&nbsp;&nbsp;atan
</UL>

<P><STRONG><a name="[3f]"></a>__aeabi_errno_addr</STRONG> (Thumb, 4 bytes, Stack size 0 bytes, errno.o(i.__aeabi_errno_addr))
<BR><BR>[Called By]<UL><LI><a href="#[3e]">&gt;&gt;</a>&nbsp;&nbsp;&nbsp;atoi
<LI><a href="#[58]">&gt;&gt;</a>&nbsp;&nbsp;&nbsp;_strtoul
<LI><a href="#[40]">&gt;&gt;</a>&nbsp;&nbsp;&nbsp;strtol
</UL>

<P><STRONG><a name="[113]"></a>__rt_errno_addr</STRONG> (Thumb, 0 bytes, Stack size 0 bytes, errno.o(i.__aeabi_errno_addr), UNUSED)

<P><STRONG><a name="[e7]"></a>__ieee754_rem_pio2</STRONG> (Thumb, 838 bytes, Stack size 120 bytes, rred.o(i.__ieee754_rem_pio2))
<BR><BR>[Stack]<UL><LI>Max Depth = 248<LI>Call Chain = __ieee754_rem_pio2 &rArr; __aeabi_dmul &rArr; _double_epilogue &rArr; _double_round
</UL>
<BR>[Calls]<UL><LI><a href="#[51]">&gt;&gt;</a>&nbsp;&nbsp;&nbsp;__aeabi_i2d
<LI><a href="#[47]">&gt;&gt;</a>&nbsp;&nbsp;&nbsp;__aeabi_dadd
<LI><a href="#[52]">&gt;&gt;</a>&nbsp;&nbsp;&nbsp;__aeabi_ui2d
<LI><a href="#[4e]">&gt;&gt;</a>&nbsp;&nbsp;&nbsp;__aeabi_dmul
<LI><a href="#[e8]">&gt;&gt;</a>&nbsp;&nbsp;&nbsp;__ARM_common_ll_muluu
<LI><a href="#[5e]">&gt;&gt;</a>&nbsp;&nbsp;&nbsp;__aeabi_d2iz
<LI><a href="#[e9]">&gt;&gt;</a>&nbsp;&nbsp;&nbsp;__ARM_scalbn
<LI><a href="#[4c]">&gt;&gt;</a>&nbsp;&nbsp;&nbsp;__aeabi_dsub
<LI><a href="#[4d]">&gt;&gt;</a>&nbsp;&nbsp;&nbsp;__aeabi_drsub
</UL>
<BR>[Called By]<UL><LI><a href="#[7b]">&gt;&gt;</a>&nbsp;&nbsp;&nbsp;sin
<LI><a href="#[7c]">&gt;&gt;</a>&nbsp;&nbsp;&nbsp;cos
</UL>

<P><STRONG><a name="[ea]"></a>__kernel_cos</STRONG> (Thumb, 224 bytes, Stack size 56 bytes, cos_i.o(i.__kernel_cos))
<BR><BR>[Stack]<UL><LI>Max Depth = 208<LI>Call Chain = __kernel_cos &rArr; __kernel_poly &rArr; __aeabi_dmul &rArr; _double_epilogue &rArr; _double_round
</UL>
<BR>[Calls]<UL><LI><a href="#[4e]">&gt;&gt;</a>&nbsp;&nbsp;&nbsp;__aeabi_dmul
<LI><a href="#[5e]">&gt;&gt;</a>&nbsp;&nbsp;&nbsp;__aeabi_d2iz
<LI><a href="#[e9]">&gt;&gt;</a>&nbsp;&nbsp;&nbsp;__ARM_scalbn
<LI><a href="#[4c]">&gt;&gt;</a>&nbsp;&nbsp;&nbsp;__aeabi_dsub
<LI><a href="#[4d]">&gt;&gt;</a>&nbsp;&nbsp;&nbsp;__aeabi_drsub
<LI><a href="#[eb]">&gt;&gt;</a>&nbsp;&nbsp;&nbsp;__kernel_poly
</UL>
<BR>[Called By]<UL><LI><a href="#[7b]">&gt;&gt;</a>&nbsp;&nbsp;&nbsp;sin
<LI><a href="#[7c]">&gt;&gt;</a>&nbsp;&nbsp;&nbsp;cos
</UL>

<P><STRONG><a name="[eb]"></a>__kernel_poly</STRONG> (Thumb, 172 bytes, Stack size 24 bytes, poly.o(i.__kernel_poly))
<BR><BR>[Stack]<UL><LI>Max Depth = 152<LI>Call Chain = __kernel_poly &rArr; __aeabi_dmul &rArr; _double_epilogue &rArr; _double_round
</UL>
<BR>[Calls]<UL><LI><a href="#[47]">&gt;&gt;</a>&nbsp;&nbsp;&nbsp;__aeabi_dadd
<LI><a href="#[4e]">&gt;&gt;</a>&nbsp;&nbsp;&nbsp;__aeabi_dmul
</UL>
<BR>[Called By]<UL><LI><a href="#[ec]">&gt;&gt;</a>&nbsp;&nbsp;&nbsp;__kernel_sin
<LI><a href="#[ea]">&gt;&gt;</a>&nbsp;&nbsp;&nbsp;__kernel_cos
<LI><a href="#[f6]">&gt;&gt;</a>&nbsp;&nbsp;&nbsp;atan
</UL>

<P><STRONG><a name="[ec]"></a>__kernel_sin</STRONG> (Thumb, 222 bytes, Stack size 64 bytes, sin_i.o(i.__kernel_sin))
<BR><BR>[Stack]<UL><LI>Max Depth = 216<LI>Call Chain = __kernel_sin &rArr; __kernel_poly &rArr; __aeabi_dmul &rArr; _double_epilogue &rArr; _double_round
</UL>
<BR>[Calls]<UL><LI><a href="#[47]">&gt;&gt;</a>&nbsp;&nbsp;&nbsp;__aeabi_dadd
<LI><a href="#[4e]">&gt;&gt;</a>&nbsp;&nbsp;&nbsp;__aeabi_dmul
<LI><a href="#[ee]">&gt;&gt;</a>&nbsp;&nbsp;&nbsp;__mathlib_dbl_underflow
<LI><a href="#[e9]">&gt;&gt;</a>&nbsp;&nbsp;&nbsp;__ARM_scalbn
<LI><a href="#[4c]">&gt;&gt;</a>&nbsp;&nbsp;&nbsp;__aeabi_dsub
<LI><a href="#[4d]">&gt;&gt;</a>&nbsp;&nbsp;&nbsp;__aeabi_drsub
<LI><a href="#[eb]">&gt;&gt;</a>&nbsp;&nbsp;&nbsp;__kernel_poly
<LI><a href="#[ed]">&gt;&gt;</a>&nbsp;&nbsp;&nbsp;__ARM_fpclassify
</UL>
<BR>[Called By]<UL><LI><a href="#[7b]">&gt;&gt;</a>&nbsp;&nbsp;&nbsp;sin
<LI><a href="#[7c]">&gt;&gt;</a>&nbsp;&nbsp;&nbsp;cos
</UL>

<P><STRONG><a name="[ef]"></a>__mathlib_dbl_infnan</STRONG> (Thumb, 10 bytes, Stack size 8 bytes, dunder.o(i.__mathlib_dbl_infnan))
<BR><BR>[Stack]<UL><LI>Max Depth = 24<LI>Call Chain = __mathlib_dbl_infnan &rArr; __ARM_scalbn
</UL>
<BR>[Calls]<UL><LI><a href="#[e9]">&gt;&gt;</a>&nbsp;&nbsp;&nbsp;__ARM_scalbn
</UL>
<BR>[Called By]<UL><LI><a href="#[f6]">&gt;&gt;</a>&nbsp;&nbsp;&nbsp;atan
<LI><a href="#[7b]">&gt;&gt;</a>&nbsp;&nbsp;&nbsp;sin
<LI><a href="#[7c]">&gt;&gt;</a>&nbsp;&nbsp;&nbsp;cos
</UL>

<P><STRONG><a name="[f0]"></a>__mathlib_dbl_infnan2</STRONG> (Thumb, 8 bytes, Stack size 8 bytes, dunder.o(i.__mathlib_dbl_infnan2))
<BR><BR>[Stack]<UL><LI>Max Depth = 112<LI>Call Chain = __mathlib_dbl_infnan2 &rArr; __aeabi_dadd &rArr; _double_epilogue &rArr; _double_round
</UL>
<BR>[Calls]<UL><LI><a href="#[47]">&gt;&gt;</a>&nbsp;&nbsp;&nbsp;__aeabi_dadd
</UL>
<BR>[Called By]<UL><LI><a href="#[7e]">&gt;&gt;</a>&nbsp;&nbsp;&nbsp;atan2
</UL>

<P><STRONG><a name="[f1]"></a>__mathlib_dbl_invalid</STRONG> (Thumb, 16 bytes, Stack size 8 bytes, dunder.o(i.__mathlib_dbl_invalid))
<BR><BR>[Stack]<UL><LI>Max Depth = 56<LI>Call Chain = __mathlib_dbl_invalid &rArr; __aeabi_ddiv &rArr; _double_round
</UL>
<BR>[Calls]<UL><LI><a href="#[4f]">&gt;&gt;</a>&nbsp;&nbsp;&nbsp;__aeabi_ddiv
</UL>
<BR>[Called By]<UL><LI><a href="#[7b]">&gt;&gt;</a>&nbsp;&nbsp;&nbsp;sin
<LI><a href="#[7c]">&gt;&gt;</a>&nbsp;&nbsp;&nbsp;cos
</UL>

<P><STRONG><a name="[ee]"></a>__mathlib_dbl_underflow</STRONG> (Thumb, 14 bytes, Stack size 8 bytes, dunder.o(i.__mathlib_dbl_underflow))
<BR><BR>[Stack]<UL><LI>Max Depth = 24<LI>Call Chain = __mathlib_dbl_underflow &rArr; __ARM_scalbn
</UL>
<BR>[Calls]<UL><LI><a href="#[e9]">&gt;&gt;</a>&nbsp;&nbsp;&nbsp;__ARM_scalbn
</UL>
<BR>[Called By]<UL><LI><a href="#[ec]">&gt;&gt;</a>&nbsp;&nbsp;&nbsp;__kernel_sin
<LI><a href="#[f6]">&gt;&gt;</a>&nbsp;&nbsp;&nbsp;atan
</UL>

<P><STRONG><a name="[114]"></a>__scatterload_copy</STRONG> (Thumb, 14 bytes, Stack size unknown bytes, handlers.o(i.__scatterload_copy), UNUSED)

<P><STRONG><a name="[115]"></a>__scatterload_null</STRONG> (Thumb, 2 bytes, Stack size unknown bytes, handlers.o(i.__scatterload_null), UNUSED)

<P><STRONG><a name="[116]"></a>__scatterload_zeroinit</STRONG> (Thumb, 14 bytes, Stack size unknown bytes, handlers.o(i.__scatterload_zeroinit), UNUSED)

<P><STRONG><a name="[f8]"></a>__set_errno</STRONG> (Thumb, 6 bytes, Stack size 0 bytes, errno.o(i.__set_errno))
<BR><BR>[Called By]<UL><LI><a href="#[7d]">&gt;&gt;</a>&nbsp;&nbsp;&nbsp;sqrt
<LI><a href="#[7b]">&gt;&gt;</a>&nbsp;&nbsp;&nbsp;sin
<LI><a href="#[7c]">&gt;&gt;</a>&nbsp;&nbsp;&nbsp;cos
<LI><a href="#[7e]">&gt;&gt;</a>&nbsp;&nbsp;&nbsp;atan2
</UL>

<P><STRONG><a name="[f6]"></a>atan</STRONG> (Thumb, 472 bytes, Stack size 56 bytes, atan.o(i.atan))
<BR><BR>[Stack]<UL><LI>Max Depth = 208<LI>Call Chain = atan &rArr; __kernel_poly &rArr; __aeabi_dmul &rArr; _double_epilogue &rArr; _double_round
</UL>
<BR>[Calls]<UL><LI><a href="#[47]">&gt;&gt;</a>&nbsp;&nbsp;&nbsp;__aeabi_dadd
<LI><a href="#[4f]">&gt;&gt;</a>&nbsp;&nbsp;&nbsp;__aeabi_ddiv
<LI><a href="#[4e]">&gt;&gt;</a>&nbsp;&nbsp;&nbsp;__aeabi_dmul
<LI><a href="#[ee]">&gt;&gt;</a>&nbsp;&nbsp;&nbsp;__mathlib_dbl_underflow
<LI><a href="#[ef]">&gt;&gt;</a>&nbsp;&nbsp;&nbsp;__mathlib_dbl_infnan
<LI><a href="#[e9]">&gt;&gt;</a>&nbsp;&nbsp;&nbsp;__ARM_scalbn
<LI><a href="#[4c]">&gt;&gt;</a>&nbsp;&nbsp;&nbsp;__aeabi_dsub
<LI><a href="#[4d]">&gt;&gt;</a>&nbsp;&nbsp;&nbsp;__aeabi_drsub
<LI><a href="#[eb]">&gt;&gt;</a>&nbsp;&nbsp;&nbsp;__kernel_poly
<LI><a href="#[ed]">&gt;&gt;</a>&nbsp;&nbsp;&nbsp;__ARM_fpclassify
</UL>
<BR>[Called By]<UL><LI><a href="#[7e]">&gt;&gt;</a>&nbsp;&nbsp;&nbsp;atan2
</UL>

<P><STRONG><a name="[7e]"></a>atan2</STRONG> (Thumb, 372 bytes, Stack size 40 bytes, atan2.o(i.atan2))
<BR><BR>[Stack]<UL><LI>Max Depth = 248<LI>Call Chain = atan2 &rArr; atan &rArr; __kernel_poly &rArr; __aeabi_dmul &rArr; _double_epilogue &rArr; _double_round
</UL>
<BR>[Calls]<UL><LI><a href="#[4f]">&gt;&gt;</a>&nbsp;&nbsp;&nbsp;__aeabi_ddiv
<LI><a href="#[f0]">&gt;&gt;</a>&nbsp;&nbsp;&nbsp;__mathlib_dbl_infnan2
<LI><a href="#[f6]">&gt;&gt;</a>&nbsp;&nbsp;&nbsp;atan
<LI><a href="#[4c]">&gt;&gt;</a>&nbsp;&nbsp;&nbsp;__aeabi_dsub
<LI><a href="#[4d]">&gt;&gt;</a>&nbsp;&nbsp;&nbsp;__aeabi_drsub
<LI><a href="#[f7]">&gt;&gt;</a>&nbsp;&nbsp;&nbsp;__aeabi_cdcmpeq
<LI><a href="#[f8]">&gt;&gt;</a>&nbsp;&nbsp;&nbsp;__set_errno
</UL>
<BR>[Called By]<UL><LI><a href="#[78]">&gt;&gt;</a>&nbsp;&nbsp;&nbsp;Calculate_Distance
</UL>

<P><STRONG><a name="[7c]"></a>cos</STRONG> (Thumb, 142 bytes, Stack size 32 bytes, cos.o(i.cos))
<BR><BR>[Stack]<UL><LI>Max Depth = 280<LI>Call Chain = cos &rArr; __ieee754_rem_pio2 &rArr; __aeabi_dmul &rArr; _double_epilogue &rArr; _double_round
</UL>
<BR>[Calls]<UL><LI><a href="#[ec]">&gt;&gt;</a>&nbsp;&nbsp;&nbsp;__kernel_sin
<LI><a href="#[e7]">&gt;&gt;</a>&nbsp;&nbsp;&nbsp;__ieee754_rem_pio2
<LI><a href="#[f1]">&gt;&gt;</a>&nbsp;&nbsp;&nbsp;__mathlib_dbl_invalid
<LI><a href="#[ef]">&gt;&gt;</a>&nbsp;&nbsp;&nbsp;__mathlib_dbl_infnan
<LI><a href="#[ea]">&gt;&gt;</a>&nbsp;&nbsp;&nbsp;__kernel_cos
<LI><a href="#[f8]">&gt;&gt;</a>&nbsp;&nbsp;&nbsp;__set_errno
</UL>
<BR>[Called By]<UL><LI><a href="#[78]">&gt;&gt;</a>&nbsp;&nbsp;&nbsp;Calculate_Distance
</UL>

<P><STRONG><a name="[62]"></a>free</STRONG> (Thumb, 80 bytes, Stack size 8 bytes, malloc.o(i.free))
<BR><BR>[Stack]<UL><LI>Max Depth = 8<LI>Call Chain = free
</UL>
<BR>[Called By]<UL><LI><a href="#[94]">&gt;&gt;</a>&nbsp;&nbsp;&nbsp;publishMessage_AT_QMTPUB
<LI><a href="#[8c]">&gt;&gt;</a>&nbsp;&nbsp;&nbsp;getNetworkStatus_AT_QENG
<LI><a href="#[80]">&gt;&gt;</a>&nbsp;&nbsp;&nbsp;Connection_Flow
<LI><a href="#[9f]">&gt;&gt;</a>&nbsp;&nbsp;&nbsp;Parse_GPS_String
<LI><a href="#[5f]">&gt;&gt;</a>&nbsp;&nbsp;&nbsp;Add_Node
</UL>

<P><STRONG><a name="[69]"></a>malloc</STRONG> (Thumb, 92 bytes, Stack size 20 bytes, malloc.o(i.malloc))
<BR><BR>[Stack]<UL><LI>Max Depth = 20<LI>Call Chain = malloc
</UL>
<BR>[Called By]<UL><LI><a href="#[b0]">&gt;&gt;</a>&nbsp;&nbsp;&nbsp;Tokenize_String
<LI><a href="#[b5]">&gt;&gt;</a>&nbsp;&nbsp;&nbsp;Validate_Node
<LI><a href="#[77]">&gt;&gt;</a>&nbsp;&nbsp;&nbsp;MC3416_Initialize
<LI><a href="#[76]">&gt;&gt;</a>&nbsp;&nbsp;&nbsp;LC76F_Initialize
<LI><a href="#[63]">&gt;&gt;</a>&nbsp;&nbsp;&nbsp;BC660K_Initialize
<LI><a href="#[75]">&gt;&gt;</a>&nbsp;&nbsp;&nbsp;Board871_Initialize
</UL>

<P><STRONG><a name="[7b]"></a>sin</STRONG> (Thumb, 146 bytes, Stack size 32 bytes, sin.o(i.sin))
<BR><BR>[Stack]<UL><LI>Max Depth = 280<LI>Call Chain = sin &rArr; __ieee754_rem_pio2 &rArr; __aeabi_dmul &rArr; _double_epilogue &rArr; _double_round
</UL>
<BR>[Calls]<UL><LI><a href="#[ec]">&gt;&gt;</a>&nbsp;&nbsp;&nbsp;__kernel_sin
<LI><a href="#[e7]">&gt;&gt;</a>&nbsp;&nbsp;&nbsp;__ieee754_rem_pio2
<LI><a href="#[f1]">&gt;&gt;</a>&nbsp;&nbsp;&nbsp;__mathlib_dbl_invalid
<LI><a href="#[ef]">&gt;&gt;</a>&nbsp;&nbsp;&nbsp;__mathlib_dbl_infnan
<LI><a href="#[ea]">&gt;&gt;</a>&nbsp;&nbsp;&nbsp;__kernel_cos
<LI><a href="#[f8]">&gt;&gt;</a>&nbsp;&nbsp;&nbsp;__set_errno
</UL>
<BR>[Called By]<UL><LI><a href="#[78]">&gt;&gt;</a>&nbsp;&nbsp;&nbsp;Calculate_Distance
</UL>

<P><STRONG><a name="[7d]"></a>sqrt</STRONG> (Thumb, 66 bytes, Stack size 24 bytes, sqrt.o(i.sqrt))
<BR><BR>[Stack]<UL><LI>Max Depth = 64<LI>Call Chain = sqrt &rArr; _dsqrt &rArr; _double_round
</UL>
<BR>[Calls]<UL><LI><a href="#[5a]">&gt;&gt;</a>&nbsp;&nbsp;&nbsp;_dsqrt
<LI><a href="#[f8]">&gt;&gt;</a>&nbsp;&nbsp;&nbsp;__set_errno
</UL>
<BR>[Called By]<UL><LI><a href="#[78]">&gt;&gt;</a>&nbsp;&nbsp;&nbsp;Calculate_Distance
</UL>
<P>
<H3>
Local Symbols
</H3>
<P><STRONG><a name="[26]"></a>BootProcess</STRONG> (Thumb, 94 bytes, Stack size 0 bytes, startup_ht32f5xxxx_03.o(RESET))
<BR>[Address Reference Count : 1]<UL><LI> startup_ht32f5xxxx_03.o(RESET)
</UL>
<P><STRONG><a name="[2e]"></a>prvTaskExitError</STRONG> (Thumb, 48 bytes, Stack size 4 bytes, port.o(.text.prvTaskExitError))
<BR><BR>[Stack]<UL><LI>Max Depth = 4<LI>Call Chain = prvTaskExitError
</UL>
<BR>[Address Reference Count : 1]<UL><LI> port.o(.text.pxPortInitialiseStack)
</UL>
<P><STRONG><a name="[db]"></a>vPortStartFirstTask</STRONG> (Thumb, 52 bytes, Stack size 0 bytes, port.o(.text.vPortStartFirstTask))
<BR><BR>[Called By]<UL><LI><a href="#[d9]">&gt;&gt;</a>&nbsp;&nbsp;&nbsp;xPortStartScheduler
</UL>

<P><STRONG><a name="[cf]"></a>prvUnlockQueue</STRONG> (Thumb, 144 bytes, Stack size 24 bytes, queue.o(.text.prvUnlockQueue))
<BR><BR>[Stack]<UL><LI>Max Depth = 72<LI>Call Chain = prvUnlockQueue &rArr; prvNotifyQueueSetContainer &rArr; xTaskPriorityDisinherit
</UL>
<BR>[Calls]<UL><LI><a href="#[d0]">&gt;&gt;</a>&nbsp;&nbsp;&nbsp;vTaskMissedYield
<LI><a href="#[ca]">&gt;&gt;</a>&nbsp;&nbsp;&nbsp;xTaskRemoveFromEventList
<LI><a href="#[c7]">&gt;&gt;</a>&nbsp;&nbsp;&nbsp;prvNotifyQueueSetContainer
<LI><a href="#[c2]">&gt;&gt;</a>&nbsp;&nbsp;&nbsp;vPortExitCritical
<LI><a href="#[c1]">&gt;&gt;</a>&nbsp;&nbsp;&nbsp;vPortEnterCritical
</UL>
<BR>[Called By]<UL><LI><a href="#[cd]">&gt;&gt;</a>&nbsp;&nbsp;&nbsp;vQueueWaitForMessageRestricted
<LI><a href="#[ce]">&gt;&gt;</a>&nbsp;&nbsp;&nbsp;xQueueReceive
</UL>

<P><STRONG><a name="[c7]"></a>prvNotifyQueueSetContainer</STRONG> (Thumb, 166 bytes, Stack size 32 bytes, queue.o(.text.prvNotifyQueueSetContainer))
<BR><BR>[Stack]<UL><LI>Max Depth = 48<LI>Call Chain = prvNotifyQueueSetContainer &rArr; xTaskPriorityDisinherit
</UL>
<BR>[Calls]<UL><LI><a href="#[c9]">&gt;&gt;</a>&nbsp;&nbsp;&nbsp;uxTaskGetNumberOfTasks
<LI><a href="#[c8]">&gt;&gt;</a>&nbsp;&nbsp;&nbsp;xTaskPriorityDisinherit
<LI><a href="#[ca]">&gt;&gt;</a>&nbsp;&nbsp;&nbsp;xTaskRemoveFromEventList
<LI><a href="#[6b]">&gt;&gt;</a>&nbsp;&nbsp;&nbsp;__aeabi_memcpy
</UL>
<BR>[Called By]<UL><LI><a href="#[cf]">&gt;&gt;</a>&nbsp;&nbsp;&nbsp;prvUnlockQueue
</UL>

<P><STRONG><a name="[be]"></a>prvAddCurrentTaskToDelayedList</STRONG> (Thumb, 132 bytes, Stack size 24 bytes, tasks.o(.text.prvAddCurrentTaskToDelayedList))
<BR><BR>[Stack]<UL><LI>Max Depth = 40<LI>Call Chain = prvAddCurrentTaskToDelayedList &rArr; vListInsert
</UL>
<BR>[Calls]<UL><LI><a href="#[bf]">&gt;&gt;</a>&nbsp;&nbsp;&nbsp;uxListRemove
<LI><a href="#[c0]">&gt;&gt;</a>&nbsp;&nbsp;&nbsp;vListInsert
</UL>
<BR>[Called By]<UL><LI><a href="#[d6]">&gt;&gt;</a>&nbsp;&nbsp;&nbsp;vTaskPlaceOnEventListRestricted
<LI><a href="#[d7]">&gt;&gt;</a>&nbsp;&nbsp;&nbsp;vTaskPlaceOnEventList
</UL>

<P><STRONG><a name="[2f]"></a>prvIdleTask</STRONG> (Thumb, 204 bytes, Stack size 8 bytes, tasks.o(.text.prvIdleTask))
<BR><BR>[Stack]<UL><LI>Max Depth = 76<LI>Call Chain = prvIdleTask &rArr; vPortFree &rArr; xTaskResumeAll &rArr; xTaskIncrementTick
</UL>
<BR>[Calls]<UL><LI><a href="#[c3]">&gt;&gt;</a>&nbsp;&nbsp;&nbsp;vPortFree
<LI><a href="#[c6]">&gt;&gt;</a>&nbsp;&nbsp;&nbsp;xTaskResumeAll
<LI><a href="#[c5]">&gt;&gt;</a>&nbsp;&nbsp;&nbsp;vPortSuppressTicksAndSleep
<LI><a href="#[c2]">&gt;&gt;</a>&nbsp;&nbsp;&nbsp;vPortExitCritical
<LI><a href="#[c1]">&gt;&gt;</a>&nbsp;&nbsp;&nbsp;vPortEnterCritical
<LI><a href="#[c4]">&gt;&gt;</a>&nbsp;&nbsp;&nbsp;vPortYield
<LI><a href="#[bf]">&gt;&gt;</a>&nbsp;&nbsp;&nbsp;uxListRemove
</UL>
<BR>[Address Reference Count : 1]<UL><LI> tasks.o(.text.vTaskStartScheduler)
</UL>
<P><STRONG><a name="[30]"></a>prvTimerTask</STRONG> (Thumb, 500 bytes, Stack size 24 bytes, timers.o(.text.prvTimerTask))
<BR><BR>[Stack]<UL><LI>Max Depth = 136<LI>Call Chain = prvTimerTask &rArr; xQueueReceive &rArr; prvUnlockQueue &rArr; prvNotifyQueueSetContainer &rArr; xTaskPriorityDisinherit
</UL>
<BR>[Calls]<UL><LI><a href="#[cb]">&gt;&gt;</a>&nbsp;&nbsp;&nbsp;prvSampleTimeNow
<LI><a href="#[cd]">&gt;&gt;</a>&nbsp;&nbsp;&nbsp;vQueueWaitForMessageRestricted
<LI><a href="#[ce]">&gt;&gt;</a>&nbsp;&nbsp;&nbsp;xQueueReceive
<LI><a href="#[c3]">&gt;&gt;</a>&nbsp;&nbsp;&nbsp;vPortFree
<LI><a href="#[c6]">&gt;&gt;</a>&nbsp;&nbsp;&nbsp;xTaskResumeAll
<LI><a href="#[cc]">&gt;&gt;</a>&nbsp;&nbsp;&nbsp;vTaskSuspendAll
<LI><a href="#[c4]">&gt;&gt;</a>&nbsp;&nbsp;&nbsp;vPortYield
<LI><a href="#[bf]">&gt;&gt;</a>&nbsp;&nbsp;&nbsp;uxListRemove
<LI><a href="#[c0]">&gt;&gt;</a>&nbsp;&nbsp;&nbsp;vListInsert
</UL>
<BR>[Address Reference Count : 1]<UL><LI> timers.o(.text.xTimerCreateTimerTask)
</UL>
<P><STRONG><a name="[cb]"></a>prvSampleTimeNow</STRONG> (Thumb, 148 bytes, Stack size 32 bytes, timers.o(.text.prvSampleTimeNow))
<BR><BR>[Stack]<UL><LI>Max Depth = 48<LI>Call Chain = prvSampleTimeNow &rArr; vListInsert
</UL>
<BR>[Calls]<UL><LI><a href="#[70]">&gt;&gt;</a>&nbsp;&nbsp;&nbsp;xTaskGetTickCount
<LI><a href="#[bf]">&gt;&gt;</a>&nbsp;&nbsp;&nbsp;uxListRemove
<LI><a href="#[c0]">&gt;&gt;</a>&nbsp;&nbsp;&nbsp;vListInsert
</UL>
<BR>[Called By]<UL><LI><a href="#[30]">&gt;&gt;</a>&nbsp;&nbsp;&nbsp;prvTimerTask
</UL>

<P><STRONG><a name="[f2]"></a>_fp_digits</STRONG> (Thumb, 344 bytes, Stack size 64 bytes, printfa.o(i._fp_digits), UNUSED)
<BR><BR>[Calls]<UL><LI><a href="#[47]">&gt;&gt;</a>&nbsp;&nbsp;&nbsp;__aeabi_dadd
<LI><a href="#[4f]">&gt;&gt;</a>&nbsp;&nbsp;&nbsp;__aeabi_ddiv
<LI><a href="#[4e]">&gt;&gt;</a>&nbsp;&nbsp;&nbsp;__aeabi_dmul
<LI><a href="#[5b]">&gt;&gt;</a>&nbsp;&nbsp;&nbsp;__aeabi_d2ulz
<LI><a href="#[f3]">&gt;&gt;</a>&nbsp;&nbsp;&nbsp;__aeabi_cdrcmple
<LI><a href="#[55]">&gt;&gt;</a>&nbsp;&nbsp;&nbsp;__aeabi_uldivmod
</UL>
<BR>[Called By]<UL><LI><a href="#[e6]">&gt;&gt;</a>&nbsp;&nbsp;&nbsp;_printf_core
</UL>

<P><STRONG><a name="[e6]"></a>_printf_core</STRONG> (Thumb, 1754 bytes, Stack size 128 bytes, printfa.o(i._printf_core), UNUSED)
<BR><BR>[Calls]<UL><LI><a href="#[f4]">&gt;&gt;</a>&nbsp;&nbsp;&nbsp;_printf_pre_padding
<LI><a href="#[f5]">&gt;&gt;</a>&nbsp;&nbsp;&nbsp;_printf_post_padding
<LI><a href="#[f2]">&gt;&gt;</a>&nbsp;&nbsp;&nbsp;_fp_digits
<LI><a href="#[55]">&gt;&gt;</a>&nbsp;&nbsp;&nbsp;__aeabi_uldivmod
<LI><a href="#[54]">&gt;&gt;</a>&nbsp;&nbsp;&nbsp;__aeabi_uidivmod
</UL>
<BR>[Called By]<UL><LI><a href="#[e5]">&gt;&gt;</a>&nbsp;&nbsp;&nbsp;__0sprintf
</UL>

<P><STRONG><a name="[f5]"></a>_printf_post_padding</STRONG> (Thumb, 32 bytes, Stack size 24 bytes, printfa.o(i._printf_post_padding), UNUSED)
<BR><BR>[Called By]<UL><LI><a href="#[e6]">&gt;&gt;</a>&nbsp;&nbsp;&nbsp;_printf_core
</UL>

<P><STRONG><a name="[f4]"></a>_printf_pre_padding</STRONG> (Thumb, 44 bytes, Stack size 40 bytes, printfa.o(i._printf_pre_padding), UNUSED)
<BR><BR>[Called By]<UL><LI><a href="#[e6]">&gt;&gt;</a>&nbsp;&nbsp;&nbsp;_printf_core
</UL>

<P><STRONG><a name="[31]"></a>_sputc</STRONG> (Thumb, 10 bytes, Stack size 0 bytes, printfa.o(i._sputc))
<BR><BR>[Called By]<UL><LI><a href="#[e5]">&gt;&gt;</a>&nbsp;&nbsp;&nbsp;__0sprintf
</UL>
<BR>[Address Reference Count : 1]<UL><LI> printfa.o(i.__0sprintf)
</UL><P>
<H3>
Undefined Global Symbols
</H3><HR></body></html>
