Component: Arm Compiler for Embedded 6.19 Tool: armlink [5e73cb00]

==============================================================================

Section Cross References

    board871.o(.text.Board871_Initialize) refers to malloc.o(i.malloc) for malloc
    board871.o(.text.Board871_Initialize) refers to main.o(.text.Error_Blinking_LED_1) for Error_Blinking_LED_1
    board871.o(.text.Board871_Initialize) refers to bc660k.o(.text.BC660K_Initialize) for BC660K_Initialize
    board871.o(.text.Board871_Initialize) refers to lc76f.o(.text.LC76F_Initialize) for LC76F_Initialize
    board871.o(.text.Board871_Initialize) refers to mc3416.o(.text.MC3416_Initialize) for MC3416_Initialize
    board871.o(.text.Board871_Initialize) refers to memmovea.o(.text) for __aeabi_memcpy
    board871.o(.text.Board871_Initialize) refers to board871.o(.rodata.str1.4) for [Anonymous Symbol]
    board871.o(.ARM.exidx.text.Board871_Initialize) refers to board871.o(.text.Board871_Initialize) for [Anonymous Symbol]
    board871.o(.text.Create_New_Node) refers to malloc.o(i.malloc) for malloc
    board871.o(.text.Create_New_Node) refers to memmovea.o(.text) for __aeabi_memcpy
    board871.o(.text.Create_New_Node) refers to board871.o(.rodata.str1.4) for [Anonymous Symbol]
    board871.o(.ARM.exidx.text.Create_New_Node) refers to board871.o(.text.Create_New_Node) for [Anonymous Symbol]
    board871.o(.text.Suspend_Measuring) refers to tasks.o(.text.vTaskSuspend) for vTaskSuspend
    board871.o(.text.Suspend_Measuring) refers to main.o(.bss.TaskHandle_1) for TaskHandle_1
    board871.o(.text.Suspend_Measuring) refers to main.o(.bss.TaskHandle_2) for TaskHandle_2
    board871.o(.ARM.exidx.text.Suspend_Measuring) refers to board871.o(.text.Suspend_Measuring) for [Anonymous Symbol]
    board871.o(.text.Resume_Measuring) refers to tasks.o(.text.vTaskResume) for vTaskResume
    board871.o(.text.Resume_Measuring) refers to main.o(.bss.TaskHandle_1) for TaskHandle_1
    board871.o(.text.Resume_Measuring) refers to main.o(.bss.TaskHandle_2) for TaskHandle_2
    board871.o(.ARM.exidx.text.Resume_Measuring) refers to board871.o(.text.Resume_Measuring) for [Anonymous Symbol]
    board871.o(.text.Print_Node) refers to board871.o(.text.Pack_Node_Data) for Pack_Node_Data
    board871.o(.text.Print_Node) refers to strcpy.o(.text) for strcpy
    board871.o(.text.Print_Node) refers to main.o(.text.Write_String_Log) for Write_String_Log
    board871.o(.text.Print_Node) refers to board871.o(.rodata.str1.1) for [Anonymous Symbol]
    board871.o(.ARM.exidx.text.Print_Node) refers to board871.o(.text.Print_Node) for [Anonymous Symbol]
    board871.o(.text.Pack_Node_Data) refers to memmovea.o(.text) for __aeabi_memcpy
    board871.o(.text.Pack_Node_Data) refers to main.o(.text.Write_String_Log) for Write_String_Log
    board871.o(.text.Pack_Node_Data) refers to strcat.o(.text) for strcat
    board871.o(.text.Pack_Node_Data) refers to printfa.o(i.__0sprintf) for __2sprintf
    board871.o(.text.Pack_Node_Data) refers to lc76f.o(.text.DMS_To_Decimal) for DMS_To_Decimal
    board871.o(.text.Pack_Node_Data) refers to f2d.o(.text) for __aeabi_f2d
    board871.o(.text.Pack_Node_Data) refers to strlen.o(.text) for strlen
    board871.o(.text.Pack_Node_Data) refers to board871.o(.rodata.str1.1) for [Anonymous Symbol]
    board871.o(.text.Pack_Node_Data) refers to board871.o(.rodata.str1.4) for [Anonymous Symbol]
    board871.o(.ARM.exidx.text.Pack_Node_Data) refers to board871.o(.text.Pack_Node_Data) for [Anonymous Symbol]
    board871.o(.text.Validate_Node) refers to tasks.o(.text.vTaskSuspend) for vTaskSuspend
    board871.o(.text.Validate_Node) refers to fcmpge.o(.text) for __aeabi_fcmpge
    board871.o(.text.Validate_Node) refers to f2d.o(.text) for __aeabi_f2d
    board871.o(.text.Validate_Node) refers to dmul.o(.text) for __aeabi_dmul
    board871.o(.text.Validate_Node) refers to dcmple.o(.text) for __aeabi_dcmple
    board871.o(.text.Validate_Node) refers to main.o(.text.Write_String_Log) for Write_String_Log
    board871.o(.text.Validate_Node) refers to malloc.o(i.malloc) for malloc
    board871.o(.text.Validate_Node) refers to memmovea.o(.text) for __aeabi_memcpy
    board871.o(.text.Validate_Node) refers to tasks.o(.text.vTaskResume) for vTaskResume
    board871.o(.text.Validate_Node) refers to board871.o(.text.Add_Node) for Add_Node
    board871.o(.text.Validate_Node) refers to main.o(.bss.TaskHandle_1) for TaskHandle_1
    board871.o(.text.Validate_Node) refers to main.o(.bss.TaskHandle_2) for TaskHandle_2
    board871.o(.text.Validate_Node) refers to board871.o(.rodata.str1.4) for [Anonymous Symbol]
    board871.o(.ARM.exidx.text.Validate_Node) refers to board871.o(.text.Validate_Node) for [Anonymous Symbol]
    board871.o(.text.Add_Node) refers to printfa.o(i.__0sprintf) for __2sprintf
    board871.o(.text.Add_Node) refers to main.o(.text.Write_String_Log) for Write_String_Log
    board871.o(.text.Add_Node) refers to malloc.o(i.free) for free
[...]
    __arm_cp.32_2                            0x00005f88   Number         4  tasks.o(.text.xTaskRemoveFromEventList)
    __arm_cp.32_3                            0x00005f8c   Number         4  tasks.o(.text.xTaskRemoveFromEventList)
    __arm_cp.32_4                            0x00005f90   Number         4  tasks.o(.text.xTaskRemoveFromEventList)
    __arm_cp.32_6                            0x00005f94   Number         4  tasks.o(.text.xTaskRemoveFromEventList)
    [Anonymous Symbol]                       0x00005f98   Section        0  tasks.o(.text.xTaskResumeAll)
    __arm_cp.5_0                             0x000060b0   Number         4  tasks.o(.text.xTaskResumeAll)
    __arm_cp.5_1                             0x000060b4   Number         4  tasks.o(.text.xTaskResumeAll)
    __arm_cp.5_2                             0x000060b8   Number         4  tasks.o(.text.xTaskResumeAll)
    __arm_cp.5_3                             0x000060bc   Number         4  tasks.o(.text.xTaskResumeAll)
    __arm_cp.5_4                             0x000060c0   Number         4  tasks.o(.text.xTaskResumeAll)
    __arm_cp.5_5                             0x000060c4   Number         4  tasks.o(.text.xTaskResumeAll)
    __arm_cp.5_6                             0x000060c8   Number         4  tasks.o(.text.xTaskResumeAll)
    __arm_cp.5_7                             0x000060cc   Number         4  tasks.o(.text.xTaskResumeAll)
    __arm_cp.5_8                             0x000060d0   Number         4  tasks.o(.text.xTaskResumeAll)
    __arm_cp.5_9                             0x000060d4   Number         4  tasks.o(.text.xTaskResumeAll)
    [Anonymous Symbol]                       0x000060d8   Section        0  timers.o(.text.xTimerCreateTimerTask)
    __arm_cp.0_0                             0x00006138   Number         4  timers.o(.text.xTimerCreateTimerTask)
    __arm_cp.0_1                             0x0000613c   Number         4  timers.o(.text.xTimerCreateTimerTask)
    __arm_cp.0_2                             0x00006140   Number         4  timers.o(.text.xTimerCreateTimerTask)
    __arm_cp.0_3                             0x00006144   Number         4  timers.o(.text.xTimerCreateTimerTask)
    __arm_cp.0_4                             0x00006148   Number         4  timers.o(.text.xTimerCreateTimerTask)
    __arm_cp.0_5                             0x0000614c   Number         4  timers.o(.text.xTimerCreateTimerTask)
    __arm_cp.0_6                             0x00006150   Number         4  timers.o(.text.xTimerCreateTimerTask)
    i.__0sprintf                             0x0000615c   Section        0  printfa.o(i.__0sprintf)
    i.__ARM_clz                              0x00006184   Section        0  depilogue.o(i.__ARM_clz)
    i.__ARM_common_ll_muluu                  0x000061b2   Section        0  rred.o(i.__ARM_common_ll_muluu)
    i.__ARM_fpclassify                       0x000061e4   Section        0  fpclassify.o(i.__ARM_fpclassify)
    i.__aeabi_errno_addr                     0x00006210   Section        0  errno.o(i.__aeabi_errno_addr)
    i.__ieee754_rem_pio2                     0x00006218   Section        0  rred.o(i.__ieee754_rem_pio2)
    i.__kernel_cos                           0x000065b4   Section        0  cos_i.o(i.__kernel_cos)
    i.__kernel_poly                          0x000066a8   Section        0  poly.o(i.__kernel_poly)
    i.__kernel_sin                           0x00006754   Section        0  sin_i.o(i.__kernel_sin)
    i.__mathlib_dbl_infnan                   0x00006840   Section        0  dunder.o(i.__mathlib_dbl_infnan)
    i.__mathlib_dbl_infnan2                  0x0000684a   Section        0  dunder.o(i.__mathlib_dbl_infnan2)
    i.__mathlib_dbl_invalid                  0x00006852   Section        0  dunder.o(i.__mathlib_dbl_invalid)
    i.__mathlib_dbl_underflow                0x00006864   Section        0  dunder.o(i.__mathlib_dbl_underflow)
    i.__scatterload_copy                     0x00006878   Section       14  handlers.o(i.__scatterload_copy)
    i.__scatterload_null                     0x00006886   Section        2  handlers.o(i.__scatterload_null)
    i.__scatterload_zeroinit                 0x00006888   Section       14  handlers.o(i.__scatterload_zeroinit)
    i.__set_errno                            0x00006898   Section        0  errno.o(i.__set_errno)
    _fp_digits                               0x000068a5   Thumb Code   344  printfa.o(i._fp_digits)
    i._fp_digits                             0x000068a4   Section        0  printfa.o(i._fp_digits)
    _printf_core                             0x00006a19   Thumb Code  1754  printfa.o(i._printf_core)
    i._printf_core                           0x00006a18   Section        0  printfa.o(i._printf_core)
    _printf_post_padding                     0x00007105   Thumb Code    32  printfa.o(i._printf_post_padding)
    i._printf_post_padding                   0x00007104   Section        0  printfa.o(i._printf_post_padding)
    _printf_pre_padding                      0x00007125   Thumb Code    44  printfa.o(i._printf_pre_padding)
    i._printf_pre_padding                    0x00007124   Section        0  printfa.o(i._printf_pre_padding)
    _sputc                                   0x00007151   Thumb Code    10  printfa.o(i._sputc)
    i._sputc                                 0x00007150   Section        0  printfa.o(i._sputc)
    i.atan                                   0x0000715c   Section        0  atan.o(i.atan)
    i.atan2                                  0x00007378   Section        0  atan2.o(i.atan2)
    i.cos                                    0x00007514   Section        0  cos.o(i.cos)
    i.free                                   0x000075ac   Section        0  malloc.o(i.free)
    i.malloc                                 0x00007600   Section        0  malloc.o(i.malloc)
    i.sin                                    0x0000766c   Section        0  sin.o(i.sin)
    i.sqrt                                   0x00007708   Section        0  sqrt.o(i.sqrt)
    monlen                                   0x00007750   Data          12  mktime.o(.constdata)
    .constdata                               0x00007750   Section       12  mktime.o(.constdata)
    atanhi                                   0x00007760   Data          32  atan.o(.constdata)
    .constdata                               0x00007760   Section      152  atan.o(.constdata)
    atanlo                                   0x00007780   Data          32  atan.o(.constdata)
    aTodd                                    0x000077a0   Data          40  atan.o(.constdata)
    aTeven                                   0x000077c8   Data          48  atan.o(.constdata)
    C                                        0x000077f8   Data          48  cos_i.o(.constdata)
    .constdata                               0x000077f8   Section       48  cos_i.o(.constdata)
    .constdata                               0x00007828   Section        8  qnan.o(.constdata)
    pio2s                                    0x00007830   Data          48  rred.o(.constdata)
    .constdata                               0x00007830   Section      204  rred.o(.constdata)
    twooverpi                                0x00007860   Data         156  rred.o(.constdata)
    S                                        0x00007900   Data          40  sin_i.o(.constdata)
    .constdata                               0x00007900   Section       40  sin_i.o(.constdata)
    monlen                                   0x00007928   Data          12  localtime_i.o(.constdata)
    .constdata                               0x00007928   Section       12  localtime_i.o(.constdata)
    .constdata                               0x00007934   Section      129  ctype_o.o(.constdata)
    table                                    0x000079b8   Data           4  ctype_o.o(.constdata)
    .constdata                               0x000079b8   Section        4  ctype_o.o(.constdata)
    [Anonymous Symbol]                       0x000079bc   Section        0  bc660k.o(.rodata..Lswitch.table.setClientPrivateKey_AT_QSSLCFG)
    [Anonymous Symbol]                       0x000079f4   Section        0  board871.o(.rodata.str1.1)
    [Anonymous Symbol]                       0x00007bef   Section        0  bc660k.o(.rodata.str1.1)
    [Anonymous Symbol]                       0x00007c67   Section        0  lc76f.o(.rodata.str1.1)
    [Anonymous Symbol]                       0x00007c74   Section        0  board871.o(.rodata.str1.4)
    [Anonymous Symbol]                       0x00007d20   Section        0  bc660k.o(.rodata.str1.4)
    state                                    0x20000000   Data           4  strtok.o(.data)
    .data                                    0x20000000   Section        4  strtok.o(.data)
    .data                                    0x20000004   Section        4  mvars.o(.data)
    .data                                    0x20000008   Section        4  mvars.o(.data)
    _errno                                   0x2000000c   Data           4  errno.o(.data)
    .data                                    0x2000000c   Section        4  errno.o(.data)
    uxCriticalNesting                        0x20000014   Data           4  port.o(.data.uxCriticalNesting)
    [Anonymous Symbol]                       0x20000014   Section        0  port.o(.data.uxCriticalNesting)
    MC3416_Moving.previous_accel.0           0x20000018   Data           2  mc3416.o(.bss.MC3416_Moving.previous_accel.0)
    [Anonymous Symbol]                       0x20000018   Section        0  mc3416.o(.bss.MC3416_Moving.previous_accel.0)
    MC3416_Moving.previous_accel.1           0x2000001a   Data           2  mc3416.o(.bss.MC3416_Moving.previous_accel.1)
    [Anonymous Symbol]                       0x2000001a   Section        0  mc3416.o(.bss.MC3416_Moving.previous_accel.1)
    MC3416_Moving.previous_accel.2           0x2000001c   Data           2  mc3416.o(.bss.MC3416_Moving.previous_accel.2)
    [Anonymous Symbol]                       0x2000001c   Section        0  mc3416.o(.bss.MC3416_Moving.previous_accel.2)
    MC3416_Read_Accel.Rec_Data               0x2000001e   Data           6  mc3416.o(.bss.MC3416_Read_Accel.Rec_Data)
    [Anonymous Symbol]                       0x2000001e   Section        0  mc3416.o(.bss.MC3416_Read_Accel.Rec_Data)
    prvSampleTimeNow.xLastTime               0x200000d4   Data           4  timers.o(.bss.prvSampleTimeNow.xLastTime)
    [Anonymous Symbol]                       0x200000d4   Section        0  timers.o(.bss.prvSampleTimeNow.xLastTime)
    __tagsym$$used.1                         0x200000d8   Number         0  tasks.o(.bss.pxCurrentTCB)
    pxCurrentTimerList                       0x200000dc   Data           4  timers.o(.bss.pxCurrentTimerList)
    [Anonymous Symbol]                       0x200000dc   Section        0  timers.o(.bss.pxCurrentTimerList)
    pxDelayedTaskList                        0x200000e0   Data           4  tasks.o(.bss.pxDelayedTaskList)
    [Anonymous Symbol]                       0x200000e0   Section        0  tasks.o(.bss.pxDelayedTaskList)
    pxEnd                                    0x200000e4   Data           4  heap_4.o(.bss.pxEnd)
    [Anonymous Symbol]                       0x200000e4   Section        0  heap_4.o(.bss.pxEnd)
    pxOverflowDelayedTaskList                0x200000e8   Data           4  tasks.o(.bss.pxOverflowDelayedTaskList)
    [Anonymous Symbol]                       0x200000e8   Section        0  tasks.o(.bss.pxOverflowDelayedTaskList)
    pxOverflowTimerList                      0x200000ec   Data           4  timers.o(.bss.pxOverflowTimerList)
    [Anonymous Symbol]                       0x200000ec   Section        0  timers.o(.bss.pxOverflowTimerList)
    pxReadyTasksLists                        0x200000f0   Data         100  tasks.o(.bss.pxReadyTasksLists)
    [Anonymous Symbol]                       0x200000f0   Section        0  tasks.o(.bss.pxReadyTasksLists)
    ucHeap                                   0x20000154   Data       16384  heap_4.o(.bss.ucHeap)
    [Anonymous Symbol]                       0x20000154   Section        0  heap_4.o(.bss.ucHeap)
    ulStoppedTimerCompensation               0x20004154   Data           1  port.o(.bss.ulStoppedTimerCompensation)
    [Anonymous Symbol]                       0x20004154   Section        0  port.o(.bss.ulStoppedTimerCompensation)
    ulTimerCountsForOneTick                  0x20004158   Data           4  port.o(.bss.ulTimerCountsForOneTick)
    [Anonymous Symbol]                       0x20004158   Section        0  port.o(.bss.ulTimerCountsForOneTick)
    uxCurrentNumberOfTasks                   0x2000415c   Data           4  tasks.o(.bss.uxCurrentNumberOfTasks)
    [Anonymous Symbol]                       0x2000415c   Section        0  tasks.o(.bss.uxCurrentNumberOfTasks)
    uxDeletedTasksWaitingCleanUp             0x20004160   Data           4  tasks.o(.bss.uxDeletedTasksWaitingCleanUp)
    [Anonymous Symbol]                       0x20004160   Section        0  tasks.o(.bss.uxDeletedTasksWaitingCleanUp)
    uxSchedulerSuspended                     0x20004164   Data           4  tasks.o(.bss.uxSchedulerSuspended)
    [Anonymous Symbol]                       0x20004164   Section        0  tasks.o(.bss.uxSchedulerSuspended)
    uxTaskNumber                             0x20004168   Data           4  tasks.o(.bss.uxTaskNumber)
    [Anonymous Symbol]                       0x20004168   Section        0  tasks.o(.bss.uxTaskNumber)
    uxTopReadyPriority                       0x2000416c   Data           4  tasks.o(.bss.uxTopReadyPriority)
    [Anonymous Symbol]                       0x2000416c   Section        0  tasks.o(.bss.uxTopReadyPriority)
    xActiveTimerList1                        0x20004170   Data          20  timers.o(.bss.xActiveTimerList1)
    [Anonymous Symbol]                       0x20004170   Section        0  timers.o(.bss.xActiveTimerList1)
    xActiveTimerList2                        0x20004184   Data          20  timers.o(.bss.xActiveTimerList2)
    [Anonymous Symbol]                       0x20004184   Section        0  timers.o(.bss.xActiveTimerList2)
    xDelayedTaskList1                        0x20004198   Data          20  tasks.o(.bss.xDelayedTaskList1)
    [Anonymous Symbol]                       0x20004198   Section        0  tasks.o(.bss.xDelayedTaskList1)
    xDelayedTaskList2                        0x200041ac   Data          20  tasks.o(.bss.xDelayedTaskList2)
    [Anonymous Symbol]                       0x200041ac   Section        0  tasks.o(.bss.xDelayedTaskList2)
    xFreeBytesRemaining                      0x200041c0   Data           4  heap_4.o(.bss.xFreeBytesRemaining)
    [Anonymous Symbol]                       0x200041c0   Section        0  heap_4.o(.bss.xFreeBytesRemaining)
    xIdleTaskHandle                          0x200041c4   Data           4  tasks.o(.bss.xIdleTaskHandle)
    [Anonymous Symbol]                       0x200041c4   Section        0  tasks.o(.bss.xIdleTaskHandle)
    xMaximumPossibleSuppressedTicks          0x200041c8   Data           4  port.o(.bss.xMaximumPossibleSuppressedTicks)
    [Anonymous Symbol]                       0x200041c8   Section        0  port.o(.bss.xMaximumPossibleSuppressedTicks)
    xMinimumEverFreeBytesRemaining           0x200041cc   Data           4  heap_4.o(.bss.xMinimumEverFreeBytesRemaining)
    [Anonymous Symbol]                       0x200041cc   Section        0  heap_4.o(.bss.xMinimumEverFreeBytesRemaining)
    xNextTaskUnblockTime                     0x200041d0   Data           4  tasks.o(.bss.xNextTaskUnblockTime)
    [Anonymous Symbol]                       0x200041d0   Section        0  tasks.o(.bss.xNextTaskUnblockTime)
    xNumOfOverflows                          0x200041d4   Data           4  tasks.o(.bss.xNumOfOverflows)
    [Anonymous Symbol]                       0x200041d4   Section        0  tasks.o(.bss.xNumOfOverflows)
    xNumberOfSuccessfulAllocations           0x200041d8   Data           4  heap_4.o(.bss.xNumberOfSuccessfulAllocations)
    [Anonymous Symbol]                       0x200041d8   Section        0  heap_4.o(.bss.xNumberOfSuccessfulAllocations)
    xNumberOfSuccessfulFrees                 0x200041dc   Data           4  heap_4.o(.bss.xNumberOfSuccessfulFrees)
    [Anonymous Symbol]                       0x200041dc   Section        0  heap_4.o(.bss.xNumberOfSuccessfulFrees)
    xPendedTicks                             0x200041e0   Data           4  tasks.o(.bss.xPendedTicks)
    [Anonymous Symbol]                       0x200041e0   Section        0  tasks.o(.bss.xPendedTicks)
    xPendingReadyList                        0x200041e4   Data          20  tasks.o(.bss.xPendingReadyList)
    [Anonymous Symbol]                       0x200041e4   Section        0  tasks.o(.bss.xPendingReadyList)
    xSchedulerRunning                        0x200041f8   Data           4  tasks.o(.bss.xSchedulerRunning)
    [Anonymous Symbol]                       0x200041f8   Section        0  tasks.o(.bss.xSchedulerRunning)
    xStart                                   0x200041fc   Data           8  heap_4.o(.bss.xStart)
    [Anonymous Symbol]                       0x200041fc   Section        0  heap_4.o(.bss.xStart)
    xSuspendedTaskList                       0x20004204   Data          20  tasks.o(.bss.xSuspendedTaskList)
    [Anonymous Symbol]                       0x20004204   Section        0  tasks.o(.bss.xSuspendedTaskList)
    xTasksWaitingTermination                 0x20004218   Data          20  tasks.o(.bss.xTasksWaitingTermination)
    [Anonymous Symbol]                       0x20004218   Section        0  tasks.o(.bss.xTasksWaitingTermination)
    xTickCount                               0x2000422c   Data           4  tasks.o(.bss.xTickCount)
    [Anonymous Symbol]                       0x2000422c   Section        0  tasks.o(.bss.xTickCount)
    xTimerQueue                              0x20004230   Data           4  timers.o(.bss.xTimerQueue)
    [Anonymous Symbol]                       0x20004230   Section        0  timers.o(.bss.xTimerQueue)
    xTimerTaskHandle                         0x20004234   Data           4  timers.o(.bss.xTimerTaskHandle)
    [Anonymous Symbol]                       0x20004234   Section        0  timers.o(.bss.xTimerTaskHandle)
    xYieldPending                            0x20004238   Data           4  tasks.o(.bss.xYieldPending)
    [Anonymous Symbol]                       0x20004238   Section        0  tasks.o(.bss.xYieldPending)
    HEAP                                     0x20004240   Section        0  startup_ht32f5xxxx_03.o(HEAP)
    STACK                                    0x20004240   Section      512  startup_ht32f5xxxx_03.o(STACK)

    Global Symbols

    Symbol Name                              Value     Ov Type        Size  Object(Section)

    BuildAttributes$$THM_ISAv3M$S$PE$A:L22$X:L11$S22$IEEE1$IW$~IW$USESV6$~STKCKD$USESV7$~SHL$OTIME$ROPI$IEEEX$EBA8$MICROLIB$REQ8$PRES8$EABIv2 0x00000000   Number         0  anon$$obj.o ABSOLUTE
    __Vectors                                0x00000000   Data           0  startup_ht32f5xxxx_03.o(RESET)
    _printf_a                                0x00000000   Number         0  printfstubs.o ABSOLUTE
    _printf_c                                0x00000000   Number         0  printfstubs.o ABSOLUTE
    _printf_charcount                        0x00000000   Number         0  printfstubs.o ABSOLUTE
    _printf_d                                0x00000000   Number         0  printfstubs.o ABSOLUTE
    _printf_e                                0x00000000   Number         0  printfstubs.o ABSOLUTE
    _printf_f                                0x00000000   Number         0  printfstubs.o ABSOLUTE
    _printf_flags                            0x00000000   Number         0  printfstubs.o ABSOLUTE
    _printf_fp_dec                           0x00000000   Number         0  printfstubs.o ABSOLUTE
    _printf_fp_hex                           0x00000000   Number         0  printfstubs.o ABSOLUTE
    _printf_g                                0x00000000   Number         0  printfstubs.o ABSOLUTE
    _printf_i                                0x00000000   Number         0  printfstubs.o ABSOLUTE
    _printf_int_dec                          0x00000000   Number         0  printfstubs.o ABSOLUTE
    _printf_l                                0x00000000   Number         0  printfstubs.o ABSOLUTE
    _printf_lc                               0x00000000   Number         0  printfstubs.o ABSOLUTE
    _printf_ll                               0x00000000   Number         0  printfstubs.o ABSOLUTE
    _printf_lld                              0x00000000   Number         0  printfstubs.o ABSOLUTE
    _printf_lli                              0x00000000   Number         0  printfstubs.o ABSOLUTE
    _printf_llo                              0x00000000   Number         0  printfstubs.o ABSOLUTE
    _printf_llu                              0x00000000   Number         0  printfstubs.o ABSOLUTE
    _printf_llx                              0x00000000   Number         0  printfstubs.o ABSOLUTE
    _printf_longlong_dec                     0x00000000   Number         0  printfstubs.o ABSOLUTE
    _printf_longlong_hex                     0x00000000   Number         0  printfstubs.o ABSOLUTE
    _printf_longlong_oct                     0x00000000   Number         0  printfstubs.o ABSOLUTE
    _printf_ls                               0x00000000   Number         0  printfstubs.o ABSOLUTE
    _printf_mbtowc                           0x00000000   Number         0  printfstubs.o ABSOLUTE
    _printf_n                                0x00000000   Number         0  printfstubs.o ABSOLUTE
    _printf_o                                0x00000000   Number         0  printfstubs.o ABSOLUTE
    _printf_p                                0x00000000   Number         0  printfstubs.o ABSOLUTE
    _printf_percent                          0x00000000   Number         0  printfstubs.o ABSOLUTE
    _printf_pre_padding                      0x00000000   Number         0  printfstubs.o ABSOLUTE
    _printf_return_value                     0x00000000   Number         0  printfstubs.o ABSOLUTE
    _printf_s                                0x00000000   Number         0  printfstubs.o ABSOLUTE
    _printf_sizespec                         0x00000000   Number         0  printfstubs.o ABSOLUTE
    _printf_str                              0x00000000   Number         0  printfstubs.o ABSOLUTE
    _printf_truncate_signed                  0x00000000   Number         0  printfstubs.o ABSOLUTE
    _printf_truncate_unsigned                0x00000000   Number         0  printfstubs.o ABSOLUTE
    _printf_u                                0x00000000   Number         0  printfstubs.o ABSOLUTE
    _printf_wc                               0x00000000   Number         0  printfstubs.o ABSOLUTE
    _printf_wctomb                           0x00000000   Number         0  printfstubs.o ABSOLUTE
    _printf_widthprec                        0x00000000   Number         0  printfstubs.o ABSOLUTE
    _printf_x                                0x00000000   Number         0  printfstubs.o ABSOLUTE
    __cpp_initialize__aeabi_                  - Undefined Weak Reference
    __cxa_finalize                            - Undefined Weak Reference
    __decompress                              - Undefined Weak Reference
    _clock_init                               - Undefined Weak Reference
    _microlib_exit                            - Undefined Weak Reference
    Reset_Handler                            0x000000c1   Thumb Code    12  startup_ht32f5xxxx_03.o(RESET)
    NMI_Handler                              0x0000012b   Thumb Code     2  startup_ht32f5xxxx_03.o(RESET)
    HardFault_Handler                        0x0000012d   Thumb Code     2  startup_ht32f5xxxx_03.o(RESET)
    ADC_IRQHandler                           0x00000135   Thumb Code     0  startup_ht32f5xxxx_03.o(RESET)
    AES_IRQHandler                           0x00000135   Thumb Code     0  startup_ht32f5xxxx_03.o(RESET)
    BFTM0_IRQHandler                         0x00000135   Thumb Code     0  startup_ht32f5xxxx_03.o(RESET)
    BFTM1_IRQHandler                         0x00000135   Thumb Code     0  startup_ht32f5xxxx_03.o(RESET)
    COMP_DAC_IRQHandler                      0x00000135   Thumb Code     0  startup_ht32f5xxxx_03.o(RESET)
    COMP_IRQHandler                          0x00000135   Thumb Code     0  startup_ht32f5xxxx_03.o(RESET)
    EVWUP_IRQHandler                         0x00000135   Thumb Code     0  startup_ht32f5xxxx_03.o(RESET)
    EXTI0_1_IRQHandler                       0x00000135   Thumb Code     0  startup_ht32f5xxxx_03.o(RESET)
    EXTI2_3_IRQHandler                       0x00000135   Thumb Code     0  startup_ht32f5xxxx_03.o(RESET)
    EXTI4_15_IRQHandler                      0x00000135   Thumb Code     0  startup_ht32f5xxxx_03.o(RESET)
    FLASH_IRQHandler                         0x00000135   Thumb Code     0  startup_ht32f5xxxx_03.o(RESET)
    GPTM0_IRQHandler                         0x00000135   Thumb Code     0  startup_ht32f5xxxx_03.o(RESET)
    I2C0_IRQHandler                          0x00000135   Thumb Code     0  startup_ht32f5xxxx_03.o(RESET)
    I2C1_IRQHandler                          0x00000135   Thumb Code     0  startup_ht32f5xxxx_03.o(RESET)
    I2S_IRQHandler                           0x00000135   Thumb Code     0  startup_ht32f5xxxx_03.o(RESET)
    LVD_BOD_IRQHandler                       0x00000135   Thumb Code     0  startup_ht32f5xxxx_03.o(RESET)
    MCTM0_IRQHandler                         0x00000135   Thumb Code     0  startup_ht32f5xxxx_03.o(RESET)
    PDMA_CH0_1_IRQHandler                    0x00000135   Thumb Code     0  startup_ht32f5xxxx_03.o(RESET)
    PDMA_CH2_5_IRQHandler                    0x00000135   Thumb Code     0  startup_ht32f5xxxx_03.o(RESET)
    PWM0_IRQHandler                          0x00000135   Thumb Code     0  startup_ht32f5xxxx_03.o(RESET)
    PWM1_IRQHandler                          0x00000135   Thumb Code     0  startup_ht32f5xxxx_03.o(RESET)
    QSPI_IRQHandler                          0x00000135   Thumb Code     0  startup_ht32f5xxxx_03.o(RESET)
    RTC_IRQHandler                           0x00000135   Thumb Code     0  startup_ht32f5xxxx_03.o(RESET)
    SCI_IRQHandler                           0x00000135   Thumb Code     0  startup_ht32f5xxxx_03.o(RESET)
    SCTM0_IRQHandler                         0x00000135   Thumb Code     0  startup_ht32f5xxxx_03.o(RESET)
    SCTM1_IRQHandler                         0x00000135   Thumb Code     0  startup_ht32f5xxxx_03.o(RESET)
    SPI0_IRQHandler                          0x00000135   Thumb Code     0  startup_ht32f5xxxx_03.o(RESET)
    SPI1_IRQHandler                          0x00000135   Thumb Code     0  startup_ht32f5xxxx_03.o(RESET)
    UART0_IRQHandler                         0x00000135   Thumb Code     0  startup_ht32f5xxxx_03.o(RESET)
    UART0_UART2_IRQHandler                   0x00000135   Thumb Code     0  startup_ht32f5xxxx_03.o(RESET)
    UART1_IRQHandler                         0x00000135   Thumb Code     0  startup_ht32f5xxxx_03.o(RESET)
    UART1_UART3_IRQHandler                   0x00000135   Thumb Code     0  startup_ht32f5xxxx_03.o(RESET)
    USART0_IRQHandler                        0x00000135   Thumb Code     0  startup_ht32f5xxxx_03.o(RESET)
    USART1_IRQHandler                        0x00000135   Thumb Code     0  startup_ht32f5xxxx_03.o(RESET)
    USB_IRQHandler                           0x00000135   Thumb Code     0  startup_ht32f5xxxx_03.o(RESET)
    __main                                   0x00000165   Thumb Code     0  entry.o(.ARM.Collect$$$$00000000)
    _main_stk                                0x00000165   Thumb Code     0  entry2.o(.ARM.Collect$$$$00000001)
    _main_scatterload                        0x00000169   Thumb Code     0  entry5.o(.ARM.Collect$$$$00000004)
    __main_after_scatterload                 0x0000016d   Thumb Code     0  entry5.o(.ARM.Collect$$$$00000004)
    _main_clock                              0x0000016d   Thumb Code     0  entry7b.o(.ARM.Collect$$$$00000008)
    _main_cpp_init                           0x0000016d   Thumb Code     0  entry8b.o(.ARM.Collect$$$$0000000A)
    _main_init                               0x0000016d   Thumb Code     0  entry9a.o(.ARM.Collect$$$$0000000B)
    __rt_final_cpp                           0x00000175   Thumb Code     0  entry10a.o(.ARM.Collect$$$$0000000D)
    __rt_final_exit                          0x00000175   Thumb Code     0  entry11a.o(.ARM.Collect$$$$0000000F)
    __aeabi_lmul                             0x00000179   Thumb Code    48  llmul.o(.text)
    _ll_mul                                  0x00000179   Thumb Code     0  llmul.o(.text)
    mktime                                   0x000001a9   Thumb Code   124  mktime.o(.text)
    ___aeabi_memcpy4$move                    0x00000235   Thumb Code     0  memmovea.o(.text)
    ___aeabi_memcpy8$move                    0x00000235   Thumb Code     0  memmovea.o(.text)
    __aeabi_memcpy                           0x00000235   Thumb Code    64  memmovea.o(.text)
    __aeabi_memmove                          0x00000235   Thumb Code     0  memmovea.o(.text)
    __aeabi_memmove4                         0x00000235   Thumb Code     0  memmovea.o(.text)
    __aeabi_memmove8                         0x00000235   Thumb Code     0  memmovea.o(.text)
    __aeabi_memset                           0x00000275   Thumb Code    14  memseta.o(.text)
    __aeabi_memset4                          0x00000275   Thumb Code     0  memseta.o(.text)
    __aeabi_memset8                          0x00000275   Thumb Code     0  memseta.o(.text)
    __aeabi_memclr                           0x00000283   Thumb Code     4  memseta.o(.text)
    __aeabi_memclr4                          0x00000283   Thumb Code     0  memseta.o(.text)
    __aeabi_memclr8                          0x00000283   Thumb Code     0  memseta.o(.text)
    _memset$wrapper                          0x00000287   Thumb Code    18  memseta.o(.text)
    strcat                                   0x00000299   Thumb Code    24  strcat.o(.text)
    strstr                                   0x000002b1   Thumb Code    40  strstr.o(.text)
    strncpy                                  0x000002d9   Thumb Code    26  strncpy.o(.text)
    strchr                                   0x000002f3   Thumb Code    20  strchr.o(.text)
    strlen                                   0x00000307   Thumb Code    14  strlen.o(.text)
    strcmp                                   0x00000315   Thumb Code    28  strcmp.o(.text)
    strcpy                                   0x00000331   Thumb Code    18  strcpy.o(.text)
    strtok                                   0x00000345   Thumb Code    68  strtok.o(.text)
    atoi                                     0x0000038d   Thumb Code    26  atoi.o(.text)
    __aeabi_fadd                             0x000003a7   Thumb Code   162  fadd.o(.text)
    __aeabi_fsub                             0x00000449   Thumb Code     8  fadd.o(.text)
    __aeabi_frsub                            0x00000451   Thumb Code     8  fadd.o(.text)
    __aeabi_fmul                             0x00000459   Thumb Code   122  fmul.o(.text)
    __aeabi_fdiv                             0x000004d3   Thumb Code   124  fdiv.o(.text)
    __aeabi_dadd                             0x00000551   Thumb Code   328  dadd.o(.text)
    __aeabi_dsub                             0x00000699   Thumb Code    12  dadd.o(.text)
    __aeabi_drsub                            0x000006a5   Thumb Code    12  dadd.o(.text)
    __aeabi_dmul                             0x000006b5   Thumb Code   202  dmul.o(.text)
    __aeabi_ddiv                             0x00000785   Thumb Code   234  ddiv.o(.text)
    __aeabi_fcmpge                           0x00000875   Thumb Code    28  fcmpge.o(.text)
    __aeabi_dcmple                           0x00000891   Thumb Code    44  dcmple.o(.text)
    __aeabi_ui2f                             0x000008bd   Thumb Code    14  ffltui.o(.text)
    __aeabi_i2d                              0x000008cd   Thumb Code    34  dflti.o(.text)
    __aeabi_ui2d                             0x000008f5   Thumb Code    24  dfltui.o(.text)
    __aeabi_f2d                              0x00000911   Thumb Code    40  f2d.o(.text)
    __aeabi_d2f                              0x00000939   Thumb Code    56  d2f.o(.text)
    __aeabi_uidiv                            0x00000971   Thumb Code     0  uidiv_div0.o(.text)
    __aeabi_uidivmod                         0x00000971   Thumb Code    62  uidiv_div0.o(.text)
    __aeabi_idiv$div0                        0x000009b1   Thumb Code     0  idiv_div0.o(.text)
    __aeabi_idivmod                          0x000009b1   Thumb Code    74  idiv_div0.o(.text)
    __aeabi_uldivmod                         0x00000a01   Thumb Code    96  uldiv.o(.text)
    __aeabi_llsl                             0x00000a61   Thumb Code    32  llshl.o(.text)
    _ll_shift_l                              0x00000a61   Thumb Code     0  llshl.o(.text)
    __aeabi_lasr                             0x00000a81   Thumb Code    38  llsshr.o(.text)
    _ll_sshift_r                             0x00000a81   Thumb Code     0  llsshr.o(.text)
    _localtime                               0x00000aa9   Thumb Code   104  localtime_i.o(.text)
    strtol                                   0x00000b1d   Thumb Code   108  strtol.o(.text)
    __I$use$fp                               0x00000b8d   Thumb Code     0  iusefp.o(.text)
    _float_round                             0x00000b8d   Thumb Code    16  fepilogue.o(.text)
    _float_epilogue                          0x00000b9d   Thumb Code   114  fepilogue.o(.text)
    _double_round                            0x00000c0f   Thumb Code    26  depilogue.o(.text)
    _double_epilogue                         0x00000c29   Thumb Code   164  depilogue.o(.text)
    _dsqrt                                   0x00000ccd   Thumb Code   162  dsqrt.o(.text)
    __aeabi_d2ulz                            0x00000d71   Thumb Code    54  dfixul.o(.text)
    __aeabi_cdcmpeq                          0x00000db1   Thumb Code     0  cdcmple.o(.text)
    __aeabi_cdcmple                          0x00000db1   Thumb Code    38  cdcmple.o(.text)
    __aeabi_cdrcmple                         0x00000dd9   Thumb Code    38  cdrcmple.o(.text)
    __scatterload                            0x00000e01   Thumb Code    28  init.o(.text)
    __scatterload_rt2                        0x00000e01   Thumb Code     0  init.o(.text)
    __aeabi_llsr                             0x00000e25   Thumb Code    34  llushr.o(.text)
    _ll_ushift_r                             0x00000e25   Thumb Code     0  llushr.o(.text)
    __rt_ctype_table                         0x00000e49   Thumb Code     4  ctype_o.o(.text)
    _strtoul                                 0x00000e51   Thumb Code   166  _strtoul.o(.text)
    __ARM_scalbn                             0x00000ef7   Thumb Code    44  dscalb.o(.text)
    scalbn                                   0x00000ef7   Thumb Code     0  dscalb.o(.text)
    __aeabi_d2iz                             0x00000f25   Thumb Code    62  dfixi.o(.text)
    _chval                                   0x00000f6d   Thumb Code    30  _chval.o(.text)
    AFIO_GPxConfig                           0x00000f8d   Thumb Code   376  ht32f5xxxx_gpio.o(.text.AFIO_GPxConfig)
    Add_Node                                 0x00001109   Thumb Code   136  board871.o(.text.Add_Node)
    BC660K_Initialize                        0x000011a9   Thumb Code   172  bc660k.o(.text.BC660K_Initialize)
    BC660K_Send_Command                      0x00001265   Thumb Code   376  bc660k.o(.text.BC660K_Send_Command)
    BC660K_USART0_Receive                    0x0000142d   Thumb Code    92  bc660k.o(.text.BC660K_USART0_Receive)
    Board871_Initialize                      0x0000149d   Thumb Code   204  board871.o(.text.Board871_Initialize)
    CKCU_GetPeripFrequency                   0x00001575   Thumb Code   148  ht32f5xxxx_ckcu.o(.text.CKCU_GetPeripFrequency)
    CKCU_PeripClockConfig                    0x00001611   Thumb Code    52  ht32f5xxxx_ckcu.o(.text.CKCU_PeripClockConfig)
    Calculate_Distance                       0x00001649   Thumb Code   748  lc76f.o(.text.Calculate_Distance)
    Calculate_Speed                          0x0000194d   Thumb Code   196  lc76f.o(.text.Calculate_Speed)
    Connection_Flow                          0x00001a41   Thumb Code  1428  board871.o(.text.Connection_Flow)
    DMS_To_Decimal                           0x00002065   Thumb Code   104  lc76f.o(.text.DMS_To_Decimal)
    Error_Blinking_LED_1                     0x000020d5   Thumb Code    14  main.o(.text.Error_Blinking_LED_1)
    GPIO_DirectionConfig                     0x000020e3   Thumb Code    20  ht32f5xxxx_gpio.o(.text.GPIO_DirectionConfig)
    GPIO_DriveConfig                         0x000020f7   Thumb Code   214  ht32f5xxxx_gpio.o(.text.GPIO_DriveConfig)
    GPIO_PullResistorConfig                  0x000021cd   Thumb Code    38  ht32f5xxxx_gpio.o(.text.GPIO_PullResistorConfig)
    Get_Accel_Data                           0x000021f3   Thumb Code    20  board871.o(.text.Get_Accel_Data)
    Get_GPS_Data                             0x00002207   Thumb Code    38  board871.o(.text.Get_GPS_Data)
    Get_GPS_String                           0x0000222d   Thumb Code   360  lc76f.o(.text.Get_GPS_String)
    HT32F_DVB_LEDInit                        0x000023a9   Thumb Code   128  ht32_board.o(.text.HT32F_DVB_LEDInit)
    HT32F_DVB_LEDOff                         0x0000242d   Thumb Code    20  ht32_board.o(.text.HT32F_DVB_LEDOff)
    HT32F_DVB_LEDToggle                      0x00002441   Thumb Code    24  ht32_board.o(.text.HT32F_DVB_LEDToggle)
    I2C_Cmd                                  0x00002465   Thumb Code    18  ht32f5xxxx_i2c.o(.text.I2C_Cmd)
    I2C_GenerateSTOP                         0x00002477   Thumb Code    10  ht32f5xxxx_i2c.o(.text.I2C_GenerateSTOP)
    I2C_Init                                 0x00002481   Thumb Code   156  ht32f5xxxx_i2c.o(.text.I2C_Init)
    I2C_ReadRegister                         0x00002521   Thumb Code    22  ht32f5xxxx_i2c.o(.text.I2C_ReadRegister)
    I2C_SendData                             0x00002537   Thumb Code     4  ht32f5xxxx_i2c.o(.text.I2C_SendData)
    I2C_TargetAddressConfig                  0x0000253b   Thumb Code    38  ht32f5xxxx_i2c.o(.text.I2C_TargetAddressConfig)
    LC76F_Initialize                         0x00002561   Thumb Code   172  lc76f.o(.text.LC76F_Initialize)
    MC3416_Initialize                        0x00002615   Thumb Code   148  mc3416.o(.text.MC3416_Initialize)
    MC3416_Moving                            0x000026b5   Thumb Code   296  mc3416.o(.text.MC3416_Moving)
    MC3416_Read_Accel                        0x00002801   Thumb Code   160  mc3416.o(.text.MC3416_Read_Accel)
    MC3416_Read_Mem_Slave                    0x000028a9   Thumb Code   260  mc3416.o(.text.MC3416_Read_Mem_Slave)
    MC3416_Write_Mem_Slave                   0x000029ad   Thumb Code   168  mc3416.o(.text.MC3416_Write_Mem_Slave)
    Pack_Node_Data                           0x00002a5d   Thumb Code   656  board871.o(.text.Pack_Node_Data)
    Parse_GPS_String                         0x00002db1   Thumb Code  1092  lc76f.o(.text.Parse_GPS_String)
    PendSV_Handler                           0x00003221   Thumb Code    68  port.o(.text.PendSV_Handler)
    SVC_Handler                              0x00003265   Thumb Code     2  port.o(.text.SVC_Handler)
    SysTick_Handler                          0x00003269   Thumb Code    32  port.o(.text.SysTick_Handler)
    SystemCoreClockUpdate                    0x0000328d   Thumb Code   124  system_ht32f5xxxx_03.o(.text.SystemCoreClockUpdate)
    SystemInit                               0x00003315   Thumb Code   364  system_ht32f5xxxx_03.o(.text.SystemInit)
    Tokenize_String                          0x00003491   Thumb Code   314  utilities.o(.text.Tokenize_String)
    USART_GetFlagStatus                      0x000035cb   Thumb Code    10  ht32f5xxxx_usart.o(.text.USART_GetFlagStatus)
    USART_Init                               0x000035d5   Thumb Code   112  ht32f5xxxx_usart.o(.text.USART_Init)
    USART_ReceiveData                        0x0000365d   Thumb Code     6  ht32f5xxxx_usart.o(.text.USART_ReceiveData)
    USART_SendData                           0x00003663   Thumb Code     4  ht32f5xxxx_usart.o(.text.USART_SendData)
    USART_TxRxCmd                            0x00003667   Thumb Code    24  ht32f5xxxx_usart.o(.text.USART_TxRxCmd)
    Validate_Node                            0x00003681   Thumb Code   448  board871.o(.text.Validate_Node)
    Write_String_Log                         0x00003895   Thumb Code    84  main.o(.text.Write_String_Log)
    checkMQTT_AT_QMTOPEN                     0x000038ed   Thumb Code    60  bc660k.o(.text.checkMQTT_AT_QMTOPEN)
    checkModule_AT                           0x00003939   Thumb Code    28  bc660k.o(.text.checkModule_AT)
    checkNetworkRegister_AT_CEREG            0x00003955   Thumb Code    84  bc660k.o(.text.checkNetworkRegister_AT_CEREG)
    closeMQTT_AT_QMTCLOSE                    0x000039c1   Thumb Code    28  bc660k.o(.text.closeMQTT_AT_QMTCLOSE)
    configureSleepMode_AT_QSCLK              0x000039ed   Thumb Code    36  bc660k.o(.text.configureSleepMode_AT_QSCLK)
    connectClient_AT_QMTCONN                 0x00003a1d   Thumb Code    48  bc660k.o(.text.connectClient_AT_QMTCONN)
    eTaskConfirmSleepModeStatus              0x00003a71   Thumb Code    52  tasks.o(.text.eTaskConfirmSleepModeStatus)
    enableNBIoTRelatedEventReport            0x00003ab5   Thumb Code    28  bc660k.o(.text.enableNBIoTRelatedEventReport)
    enableSSL_AT_QMTCFG                      0x00003ae5   Thumb Code    28  bc660k.o(.text.enableSSL_AT_QMTCFG)
    getNetworkStatus_AT_QENG                 0x00003b19   Thumb Code   136  bc660k.o(.text.getNetworkStatus_AT_QENG)
    main                                     0x00003bb5   Thumb Code   240  main.o(.text.main)
    offEcho_ATE0                             0x00003cf1   Thumb Code    28  bc660k.o(.text.offEcho_ATE0)
    openMQTT_AT_QMTOPEN                      0x00003d15   Thumb Code    56  bc660k.o(.text.openMQTT_AT_QMTOPEN)
    powerSavingModeSetting_AT_CPSMS          0x00003d59   Thumb Code    60  bc660k.o(.text.powerSavingModeSetting_AT_CPSMS)
    publishMessage_AT_QMTPUB                 0x00004355   Thumb Code   584  bc660k.o(.text.publishMessage_AT_QMTPUB)
    pvPortMalloc                             0x000045e9   Thumb Code   348  heap_4.o(.text.pvPortMalloc)
    pxPortInitialiseStack                    0x0000475d   Thumb Code    32  port.o(.text.pxPortInitialiseStack)
    removeChars                              0x00004781   Thumb Code   146  utilities.o(.text.removeChars)
    setAuthentication_AT_QSSLCFG             0x00004815   Thumb Code    28  bc660k.o(.text.setAuthentication_AT_QSSLCFG)
    setCACert_AT_QSSLCFG                     0x0000484d   Thumb Code   636  bc660k.o(.text.setCACert_AT_QSSLCFG)
    setClientCert_AT_QSSLCFG                 0x00004ae5   Thumb Code   640  bc660k.o(.text.setClientCert_AT_QSSLCFG)
    setClientPrivateKey_AT_QSSLCFG           0x00004d99   Thumb Code   636  bc660k.o(.text.setClientPrivateKey_AT_QSSLCFG)
    slice                                    0x0000504d   Thumb Code    16  utilities.o(.text.slice)
    task_1                                   0x0000505d   Thumb Code    24  main.o(.text.task_1)
    task_2                                   0x00005075   Thumb Code    20  main.o(.text.task_2)
    task_3                                   0x00005089   Thumb Code    28  main.o(.text.task_3)
    task_4                                   0x000050a9   Thumb Code    20  main.o(.text.task_4)
    ulSetInterruptMaskFromISR                0x000050c1   Thumb Code     8  port.o(.text.ulSetInterruptMaskFromISR)
    uxListRemove                             0x000050c9   Thumb Code    34  list.o(.text.uxListRemove)
    uxTaskGetNumberOfTasks                   0x000050ed   Thumb Code     8  tasks.o(.text.uxTaskGetNumberOfTasks)
    vClearInterruptMaskFromISR               0x000050f9   Thumb Code     6  port.o(.text.vClearInterruptMaskFromISR)
    vListInitialise                          0x000050ff   Thumb Code    20  list.o(.text.vListInitialise)
    vListInitialiseItem                      0x00005113   Thumb Code     6  list.o(.text.vListInitialiseItem)
    vListInsert                              0x00005119   Thumb Code    60  list.o(.text.vListInsert)
    vListInsertEnd                           0x00005155   Thumb Code    24  list.o(.text.vListInsertEnd)
    vPortEnterCritical                       0x0000516d   Thumb Code    20  port.o(.text.vPortEnterCritical)
    vPortExitCritical                        0x00005181   Thumb Code    24  port.o(.text.vPortExitCritical)
    vPortFree                                0x0000519d   Thumb Code   136  heap_4.o(.text.vPortFree)
    vPortSetupTimerInterrupt                 0x00005235   Thumb Code    64  port.o(.text.vPortSetupTimerInterrupt)
    vPortSuppressTicksAndSleep               0x000052b5   Thumb Code   244  port.o(.text.vPortSuppressTicksAndSleep)
    vPortYield                               0x000053b9   Thumb Code    20  port.o(.text.vPortYield)
    vQueueWaitForMessageRestricted           0x000053d1   Thumb Code    68  queue.o(.text.vQueueWaitForMessageRestricted)
    vTaskDelay                               0x00005415   Thumb Code   108  tasks.o(.text.vTaskDelay)
    vTaskInternalSetTimeOutState             0x00005485   Thumb Code    16  tasks.o(.text.vTaskInternalSetTimeOutState)
    vTaskMissedYield                         0x00005499   Thumb Code     8  tasks.o(.text.vTaskMissedYield)
    vTaskPlaceOnEventList                    0x000054a1   Thumb Code    32  tasks.o(.text.vTaskPlaceOnEventList)
    vTaskPlaceOnEventListRestricted          0x000054c1   Thumb Code    72  tasks.o(.text.vTaskPlaceOnEventListRestricted)
    vTaskResume                              0x00005509   Thumb Code   108  tasks.o(.text.vTaskResume)
    vTaskStartScheduler                      0x00005575   Thumb Code    76  tasks.o(.text.vTaskStartScheduler)
    vTaskStepTick                            0x000055d5   Thumb Code    80  tasks.o(.text.vTaskStepTick)
    vTaskSuspend                             0x0000562d   Thumb Code   300  tasks.o(.text.vTaskSuspend)
    vTaskSuspendAll                          0x00005771   Thumb Code    12  tasks.o(.text.vTaskSuspendAll)
    vTaskSwitchContext                       0x00005781   Thumb Code   144  tasks.o(.text.vTaskSwitchContext)
    xPortStartScheduler                      0x00005825   Thumb Code    84  port.o(.text.xPortStartScheduler)
    xQueueGenericCreate                      0x00005881   Thumb Code   152  queue.o(.text.xQueueGenericCreate)
    xQueueReceive                            0x00005919   Thumb Code   302  queue.o(.text.xQueueReceive)
    xTaskCheckForTimeOut                     0x00005a49   Thumb Code   132  tasks.o(.text.xTaskCheckForTimeOut)
    xTaskCreate                              0x00005ad1   Thumb Code   476  tasks.o(.text.xTaskCreate)
    xTaskGetSchedulerState                   0x00005cc9   Thumb Code    24  tasks.o(.text.xTaskGetSchedulerState)
    xTaskGetTickCount                        0x00005ce5   Thumb Code     8  tasks.o(.text.xTaskGetTickCount)
    xTaskIncrementTick                       0x00005cf1   Thumb Code   324  tasks.o(.text.xTaskIncrementTick)
    xTaskPriorityDisinherit                  0x00005e45   Thumb Code   112  tasks.o(.text.xTaskPriorityDisinherit)
    xTaskRemoveFromEventList                 0x00005eb9   Thumb Code   200  tasks.o(.text.xTaskRemoveFromEventList)
    xTaskResumeAll                           0x00005f99   Thumb Code   280  tasks.o(.text.xTaskResumeAll)
    xTimerCreateTimerTask                    0x000060d9   Thumb Code    96  timers.o(.text.xTimerCreateTimerTask)
    __0sprintf                               0x0000615d   Thumb Code    36  printfa.o(i.__0sprintf)
    __1sprintf                               0x0000615d   Thumb Code     0  printfa.o(i.__0sprintf)
    __2sprintf                               0x0000615d   Thumb Code     0  printfa.o(i.__0sprintf)
    __c89sprintf                             0x0000615d   Thumb Code     0  printfa.o(i.__0sprintf)
    sprintf                                  0x0000615d   Thumb Code     0  printfa.o(i.__0sprintf)
    __ARM_clz                                0x00006185   Thumb Code    46  depilogue.o(i.__ARM_clz)
    __ARM_common_ll_muluu                    0x000061b3   Thumb Code    50  rred.o(i.__ARM_common_ll_muluu)
    __ARM_fpclassify                         0x000061e5   Thumb Code    40  fpclassify.o(i.__ARM_fpclassify)
    __aeabi_errno_addr                       0x00006211   Thumb Code     4  errno.o(i.__aeabi_errno_addr)
    __rt_errno_addr                          0x00006211   Thumb Code     0  errno.o(i.__aeabi_errno_addr)
    __ieee754_rem_pio2                       0x00006219   Thumb Code   838  rred.o(i.__ieee754_rem_pio2)
    __kernel_cos                             0x000065b5   Thumb Code   224  cos_i.o(i.__kernel_cos)
    __kernel_poly                            0x000066a9   Thumb Code   172  poly.o(i.__kernel_poly)
    __kernel_sin                             0x00006755   Thumb Code   222  sin_i.o(i.__kernel_sin)
    __mathlib_dbl_infnan                     0x00006841   Thumb Code    10  dunder.o(i.__mathlib_dbl_infnan)
    __mathlib_dbl_infnan2                    0x0000684b   Thumb Code     8  dunder.o(i.__mathlib_dbl_infnan2)
    __mathlib_dbl_invalid                    0x00006853   Thumb Code    16  dunder.o(i.__mathlib_dbl_invalid)
    __mathlib_dbl_underflow                  0x00006865   Thumb Code    14  dunder.o(i.__mathlib_dbl_underflow)
    __scatterload_copy                       0x00006879   Thumb Code    14  handlers.o(i.__scatterload_copy)
    __scatterload_null                       0x00006887   Thumb Code     2  handlers.o(i.__scatterload_null)
    __scatterload_zeroinit                   0x00006889   Thumb Code    14  handlers.o(i.__scatterload_zeroinit)
    __set_errno                              0x00006899   Thumb Code     6  errno.o(i.__set_errno)
    atan                                     0x0000715d   Thumb Code   472  atan.o(i.atan)
    atan2                                    0x00007379   Thumb Code   372  atan2.o(i.atan2)
    cos                                      0x00007515   Thumb Code   142  cos.o(i.cos)
    free                                     0x000075ad   Thumb Code    80  malloc.o(i.free)
    malloc                                   0x00007601   Thumb Code    92  malloc.o(i.malloc)
    sin                                      0x0000766d   Thumb Code   146  sin.o(i.sin)
    sqrt                                     0x00007709   Thumb Code    66  sqrt.o(i.sqrt)
    __mathlib_zero                           0x00007828   Data           8  qnan.o(.constdata)
    __ctype_table                            0x00007934   Data         129  ctype_o.o(.constdata)
    GPIO_PORT                                0x000079d0   Data          24  ht32_board.o(.rodata.GPIO_PORT)
    LED_AFIO_MODE                            0x000079e8   Data           3  ht32_board.o(.rodata.LED_AFIO_MODE)
    LED_GPIO_ID                              0x000079eb   Data           3  ht32_board.o(.rodata.LED_GPIO_ID)
    LED_GPIO_PIN                             0x000079ee   Data           6  ht32_board.o(.rodata.LED_GPIO_PIN)
    uxTopUsedPriority                        0x00007d74   Data           4  tasks.o(.rodata.uxTopUsedPriority)
    Region$$Table$$Base                      0x00007d78   Number         0  anon$$obj.o(Region$$Table)
    Region$$Table$$Limit                     0x00007d98   Number         0  anon$$obj.o(Region$$Table)
    __microlib_freelist                      0x20000004   Data           4  mvars.o(.data)
    __microlib_freelist_initialised          0x20000008   Data           4  mvars.o(.data)
    SystemCoreClock                          0x20000010   Data           4  system_ht32f5xxxx_03.o(.data.SystemCoreClock)
    TaskHandle_1                             0x20000024   Data           4  main.o(.bss.TaskHandle_1)
    TaskHandle_2                             0x20000028   Data           4  main.o(.bss.TaskHandle_2)
    TaskHandle_3                             0x2000002c   Data           4  main.o(.bss.TaskHandle_3)
    TaskHandle_4                             0x20000030   Data           4  main.o(.bss.TaskHandle_4)
    board871                                 0x20000034   Data         160  main.o(.bss.board871)
    pxCurrentTCB                             0x200000d8   Data           4  tasks.o(.bss.pxCurrentTCB)
    __HT_check_heap                          0x20004240   Data           0  startup_ht32f5xxxx_03.o(HEAP)
    __HT_check_sp                            0x20004240   Data           0  startup_ht32f5xxxx_03.o(STACK)
    __heap_base                              0x20004240   Data           0  startup_ht32f5xxxx_03.o(HEAP)
    __heap_limit                             0x20004240   Data           0  startup_ht32f5xxxx_03.o(HEAP)
    __initial_sp                             0x20004440   Data           0  startup_ht32f5xxxx_03.o(STACK)



==============================================================================

Memory Map of the image

  Image Entry point : 0x000000c1

  Load Region LR_1 (Base: 0x00000000, Size: 0x00007db0, Max: 0xffffffff, ABSOLUTE)

    Execution Region ER_RO (Exec base: 0x00000000, Load base: 0x00000000, Size: 0x00007d98, Max: 0xffffffff, ABSOLUTE)

    Exec Addr    Load Addr    Size         Type   Attr      Idx    E Section Name        Object

    0x00000000   0x00000000   0x00000164   Code   RO          252  * RESET               startup_ht32f5xxxx_03.o
    0x00000164   0x00000164   0x00000000   Code   RO         1973  * .ARM.Collect$$$$00000000  mc_p.l(entry.o)
    0x00000164   0x00000164   0x00000004   Code   RO         2373    .ARM.Collect$$$$00000001  mc_p.l(entry2.o)
    0x00000168   0x00000168   0x00000004   Code   RO         2376    .ARM.Collect$$$$00000004  mc_p.l(entry5.o)
    0x0000016c   0x0000016c   0x00000000   Code   RO         2378    .ARM.Collect$$$$00000008  mc_p.l(entry7b.o)
    0x0000016c   0x0000016c   0x00000000   Code   RO         2380    .ARM.Collect$$$$0000000A  mc_p.l(entry8b.o)
    0x0000016c   0x0000016c   0x00000008   Code   RO         2381    .ARM.Collect$$$$0000000B  mc_p.l(entry9a.o)
    0x00000174   0x00000174   0x00000000   Code   RO         2383    .ARM.Collect$$$$0000000D  mc_p.l(entry10a.o)
    0x00000174   0x00000174   0x00000000   Code   RO         2385    .ARM.Collect$$$$0000000F  mc_p.l(entry11a.o)
    0x00000174   0x00000174   0x00000004   Code   RO         2374    .ARM.Collect$$$$00002712  mc_p.l(entry2.o)
    0x00000178   0x00000178   0x00000030   Code   RO         1984    .text               mc_p.l(llmul.o)
    0x000001a8   0x000001a8   0x0000008c   Code   RO         1986    .text               mc_p.l(mktime.o)
    0x00000234   0x00000234   0x00000040   Code   RO         1991    .text               mc_p.l(memmovea.o)
    0x00000274   0x00000274   0x00000024   Code   RO         1993    .text               mc_p.l(memseta.o)
    0x00000298   0x00000298   0x00000018   Code   RO         1995    .text               mc_p.l(strcat.o)
    0x000002b0   0x000002b0   0x00000028   Code   RO         1997    .text               mc_p.l(strstr.o)
    0x000002d8   0x000002d8   0x0000001a   Code   RO         1999    .text               mc_p.l(strncpy.o)
    0x000002f2   0x000002f2   0x00000014   Code   RO         2001    .text               mc_p.l(strchr.o)
    0x00000306   0x00000306   0x0000000e   Code   RO         2003    .text               mc_p.l(strlen.o)
    0x00000314   0x00000314   0x0000001c   Code   RO         2005    .text               mc_p.l(strcmp.o)
    0x00000330   0x00000330   0x00000012   Code   RO         2007    .text               mc_p.l(strcpy.o)
    0x00000342   0x00000342   0x00000002   PAD
    0x00000344   0x00000344   0x00000048   Code   RO         2009    .text               mc_p.l(strtok.o)
    0x0000038c   0x0000038c   0x0000001a   Code   RO         2308    .text               mc_p.l(atoi.o)
    0x000003a6   0x000003a6   0x000000b2   Code   RO         2310    .text               mf_p.l(fadd.o)
    0x00000458   0x00000458   0x0000007a   Code   RO         2312    .text               mf_p.l(fmul.o)
    0x000004d2   0x000004d2   0x0000007c   Code   RO         2314    .text               mf_p.l(fdiv.o)
    0x0000054e   0x0000054e   0x00000002   PAD
    0x00000550   0x00000550   0x00000164   Code   RO         2316    .text               mf_p.l(dadd.o)
    0x000006b4   0x000006b4   0x000000d0   Code   RO         2318    .text               mf_p.l(dmul.o)
    0x00000784   0x00000784   0x000000f0   Code   RO         2320    .text               mf_p.l(ddiv.o)
    0x00000874   0x00000874   0x0000001c   Code   RO         2322    .text               mf_p.l(fcmpge.o)
    0x00000890   0x00000890   0x0000002c   Code   RO         2324    .text               mf_p.l(dcmple.o)
    0x000008bc   0x000008bc   0x0000000e   Code   RO         2328    .text               mf_p.l(ffltui.o)
    0x000008ca   0x000008ca   0x00000002   PAD
    0x000008cc   0x000008cc   0x00000028   Code   RO         2330    .text               mf_p.l(dflti.o)
    0x000008f4   0x000008f4   0x0000001c   Code   RO         2332    .text               mf_p.l(dfltui.o)
    0x00000910   0x00000910   0x00000028   Code   RO         2336    .text               mf_p.l(f2d.o)
    0x00000938   0x00000938   0x00000038   Code   RO         2338    .text               mf_p.l(d2f.o)
    0x00000970   0x00000970   0x0000003e   Code   RO         2392    .text               mc_p.l(uidiv_div0.o)
    0x000009ae   0x000009ae   0x00000002   PAD
    0x000009b0   0x000009b0   0x00000050   Code   RO         2394    .text               mc_p.l(idiv_div0.o)
    0x00000a00   0x00000a00   0x00000060   Code   RO         2398    .text               mc_p.l(uldiv.o)
    0x00000a60   0x00000a60   0x00000020   Code   RO         2400    .text               mc_p.l(llshl.o)
    0x00000a80   0x00000a80   0x00000026   Code   RO         2402    .text               mc_p.l(llsshr.o)
    0x00000aa6   0x00000aa6   0x00000002   PAD
    0x00000aa8   0x00000aa8   0x00000074   Code   RO         2407    .text               mc_p.l(localtime_i.o)
    0x00000b1c   0x00000b1c   0x00000070   Code   RO         2419    .text               mc_p.l(strtol.o)
    0x00000b8c   0x00000b8c   0x00000000   Code   RO         2421    .text               mc_p.l(iusefp.o)
    0x00000b8c   0x00000b8c   0x00000082   Code   RO         2422    .text               mf_p.l(fepilogue.o)
    0x00000c0e   0x00000c0e   0x000000be   Code   RO         2424    .text               mf_p.l(depilogue.o)
    0x00000ccc   0x00000ccc   0x000000a2   Code   RO         2428    .text               mf_p.l(dsqrt.o)
    0x00000d6e   0x00000d6e   0x00000002   PAD
    0x00000d70   0x00000d70   0x00000040   Code   RO         2430    .text               mf_p.l(dfixul.o)
    0x00000db0   0x00000db0   0x00000028   Code   RO         2432    .text               mf_p.l(cdcmple.o)
    0x00000dd8   0x00000dd8   0x00000028   Code   RO         2434    .text               mf_p.l(cdrcmple.o)
    0x00000e00   0x00000e00   0x00000024   Code   RO         2440    .text               mc_p.l(init.o)
    0x00000e24   0x00000e24   0x00000022   Code   RO         2442    .text               mc_p.l(llushr.o)
    0x00000e46   0x00000e46   0x00000002   PAD
    0x00000e48   0x00000e48   0x00000008   Code   RO         2444    .text               mc_p.l(ctype_o.o)
    0x00000e50   0x00000e50   0x000000a6   Code   RO         2472    .text               mc_p.l(_strtoul.o)
    0x00000ef6   0x00000ef6   0x0000002c   Code   RO         2474    .text               mf_p.l(dscalb.o)
    0x00000f22   0x00000f22   0x00000002   PAD
    0x00000f24   0x00000f24   0x00000048   Code   RO         2476    .text               mf_p.l(dfixi.o)
    0x00000f6c   0x00000f6c   0x0000001e   Code   RO         2478    .text               mc_p.l(_chval.o)
    0x00000f8a   0x00000f8a   0x00000002   PAD
    0x00000f8c   0x00000f8c   0x0000017c   Code   RO          739    .text.AFIO_GPxConfig  ht32f5xxxx_gpio.o
    0x00001108   0x00001108   0x000000a0   Code   RO           16    .text.Add_Node      board871.o
    0x000011a8   0x000011a8   0x000000bc   Code   RO           36    .text.BC660K_Initialize  bc660k.o
    0x00001264   0x00001264   0x000001c8   Code   RO           46    .text.BC660K_Send_Command  bc660k.o
    0x0000142c   0x0000142c   0x00000070   Code   RO           44    .text.BC660K_USART0_Receive  bc660k.o
    0x0000149c   0x0000149c   0x000000d8   Code   RO            2    .text.Board871_Initialize  board871.o
    0x00001574   0x00001574   0x0000009c   Code   RO          475    .text.CKCU_GetPeripFrequency  ht32f5xxxx_ckcu.o
    0x00001610   0x00001610   0x00000038   Code   RO          501    .text.CKCU_PeripClockConfig  ht32f5xxxx_ckcu.o
    0x00001648   0x00001648   0x00000304   Code   RO          127    .text.Calculate_Distance  lc76f.o
    0x0000194c   0x0000194c   0x000000f4   Code   RO          121    .text.Calculate_Speed  lc76f.o
    0x00001a40   0x00001a40   0x00000624   Code   RO           24    .text.Connection_Flow  board871.o
    0x00002064   0x00002064   0x00000070   Code   RO          123    .text.DMS_To_Decimal  lc76f.o
    0x000020d4   0x000020d4   0x0000000e   Code   RO          194    .text.Error_Blinking_LED_1  main.o
    0x000020e2   0x000020e2   0x00000014   Code   RO          703    .text.GPIO_DirectionConfig  ht32f5xxxx_gpio.o
    0x000020f6   0x000020f6   0x000000d6   Code   RO          709    .text.GPIO_DriveConfig  ht32f5xxxx_gpio.o
    0x000021cc   0x000021cc   0x00000026   Code   RO          705    .text.GPIO_PullResistorConfig  ht32f5xxxx_gpio.o
    0x000021f2   0x000021f2   0x00000014   Code   RO           22    .text.Get_Accel_Data  board871.o
    0x00002206   0x00002206   0x00000026   Code   RO           20    .text.Get_GPS_Data  board871.o
    0x0000222c   0x0000222c   0x0000017c   Code   RO          117    .text.Get_GPS_String  lc76f.o
    0x000023a8   0x000023a8   0x00000084   Code   RO         1437    .text.HT32F_DVB_LEDInit  ht32_board.o
    0x0000242c   0x0000242c   0x00000014   Code   RO         1439    .text.HT32F_DVB_LEDOff  ht32_board.o
    0x00002440   0x00002440   0x00000024   Code   RO         1443    .text.HT32F_DVB_LEDToggle  ht32_board.o
    0x00002464   0x00002464   0x00000012   Code   RO          761    .text.I2C_Cmd       ht32f5xxxx_i2c.o
    0x00002476   0x00002476   0x0000000a   Code   RO          763    .text.I2C_GenerateSTOP  ht32f5xxxx_i2c.o
    0x00002480   0x00002480   0x000000a0   Code   RO          757    .text.I2C_Init      ht32f5xxxx_i2c.o
    0x00002520   0x00002520   0x00000016   Code   RO          779    .text.I2C_ReadRegister  ht32f5xxxx_i2c.o
    0x00002536   0x00002536   0x00000004   Code   RO          775    .text.I2C_SendData  ht32f5xxxx_i2c.o
    0x0000253a   0x0000253a   0x00000026   Code   RO          773    .text.I2C_TargetAddressConfig  ht32f5xxxx_i2c.o
    0x00002560   0x00002560   0x000000b4   Code   RO          101    .text.LC76F_Initialize  lc76f.o
    0x00002614   0x00002614   0x000000a0   Code   RO          140    .text.MC3416_Initialize  mc3416.o
    0x000026b4   0x000026b4   0x0000014c   Code   RO          152    .text.MC3416_Moving  mc3416.o
    0x00002800   0x00002800   0x000000a8   Code   RO          150    .text.MC3416_Read_Accel  mc3416.o
    0x000028a8   0x000028a8   0x00000104   Code   RO          146    .text.MC3416_Read_Mem_Slave  mc3416.o
    0x000029ac   0x000029ac   0x000000b0   Code   RO          148    .text.MC3416_Write_Mem_Slave  mc3416.o
    0x00002a5c   0x00002a5c   0x00000354   Code   RO           12    .text.Pack_Node_Data  board871.o
    0x00002db0   0x00002db0   0x00000470   Code   RO          119    .text.Parse_GPS_String  lc76f.o
    0x00003220   0x00003220   0x00000044   Code   RO         1638    .text.PendSV_Handler  port.o
    0x00003264   0x00003264   0x00000002   Code   RO         1618    .text.SVC_Handler   port.o
    0x00003266   0x00003266   0x00000002   PAD
    0x00003268   0x00003268   0x00000024   Code   RO         1640    .text.SysTick_Handler  port.o
    0x0000328c   0x0000328c   0x00000088   Code   RO          240    .text.SystemCoreClockUpdate  system_ht32f5xxxx_03.o
    0x00003314   0x00003314   0x0000017c   Code   RO          238    .text.SystemInit    system_ht32f5xxxx_03.o
    0x00003490   0x00003490   0x0000013a   Code   RO          166    .text.Tokenize_String  utilities.o
    0x000035ca   0x000035ca   0x0000000a   Code   RO         1225    .text.USART_GetFlagStatus  ht32f5xxxx_usart.o
    0x000035d4   0x000035d4   0x00000088   Code   RO         1217    .text.USART_Init    ht32f5xxxx_usart.o
    0x0000365c   0x0000365c   0x00000006   Code   RO         1223    .text.USART_ReceiveData  ht32f5xxxx_usart.o
    0x00003662   0x00003662   0x00000004   Code   RO         1221    .text.USART_SendData  ht32f5xxxx_usart.o
    0x00003666   0x00003666   0x00000018   Code   RO         1233    .text.USART_TxRxCmd  ht32f5xxxx_usart.o
    0x0000367e   0x0000367e   0x00000002   PAD
    0x00003680   0x00003680   0x00000214   Code   RO           14    .text.Validate_Node  board871.o
    0x00003894   0x00003894   0x00000058   Code   RO          202    .text.Write_String_Log  main.o
    0x000038ec   0x000038ec   0x0000004c   Code   RO           72    .text.checkMQTT_AT_QMTOPEN  bc660k.o
    0x00003938   0x00003938   0x0000001c   Code   RO           50    .text.checkModule_AT  bc660k.o
    0x00003954   0x00003954   0x0000006c   Code   RO           58    .text.checkNetworkRegister_AT_CEREG  bc660k.o
    0x000039c0   0x000039c0   0x0000002c   Code   RO           82    .text.closeMQTT_AT_QMTCLOSE  bc660k.o
    0x000039ec   0x000039ec   0x00000030   Code   RO           84    .text.configureSleepMode_AT_QSCLK  bc660k.o
    0x00003a1c   0x00003a1c   0x00000054   Code   RO           78    .text.connectClient_AT_QMTCONN  bc660k.o
    0x00003a70   0x00003a70   0x00000044   Code   RO         1839    .text.eTaskConfirmSleepModeStatus  tasks.o
    0x00003ab4   0x00003ab4   0x00000030   Code   RO           88    .text.enableNBIoTRelatedEventReport  bc660k.o
    0x00003ae4   0x00003ae4   0x00000034   Code   RO           70    .text.enableSSL_AT_QMTCFG  bc660k.o
    0x00003b18   0x00003b18   0x0000009c   Code   RO           60    .text.getNetworkStatus_AT_QENG  bc660k.o
    0x00003bb4   0x00003bb4   0x0000013c   Code   RO          212    .text.main          main.o
    0x00003cf0   0x00003cf0   0x00000024   Code   RO           52    .text.offEcho_ATE0  bc660k.o
    0x00003d14   0x00003d14   0x00000044   Code   RO           74    .text.openMQTT_AT_QMTOPEN  bc660k.o
    0x00003d58   0x00003d58   0x00000078   Code   RO           86    .text.powerSavingModeSetting_AT_CPSMS  bc660k.o
    0x00003dd0   0x00003dd0   0x00000090   Code   RO         1767    .text.prvAddCurrentTaskToDelayedList  tasks.o
    0x00003e60   0x00003e60   0x000000f0   Code   RO         1791    .text.prvIdleTask   tasks.o
    0x00003f50   0x00003f50   0x000000a6   Code   RO         1705    .text.prvNotifyQueueSetContainer  queue.o
    0x00003ff6   0x00003ff6   0x00000002   PAD
    0x00003ff8   0x00003ff8   0x00000098   Code   RO         1941    .text.prvSampleTimeNow  timers.o
    0x00004090   0x00004090   0x00000034   Code   RO         1616    .text.prvTaskExitError  port.o
    0x000040c4   0x000040c4   0x00000200   Code   RO         1907    .text.prvTimerTask  timers.o
    0x000042c4   0x000042c4   0x00000090   Code   RO         1707    .text.prvUnlockQueue  queue.o
    0x00004354   0x00004354   0x00000294   Code   RO           80    .text.publishMessage_AT_QMTPUB  bc660k.o
    0x000045e8   0x000045e8   0x00000174   Code   RO         1656    .text.pvPortMalloc  heap_4.o
    0x0000475c   0x0000475c   0x00000024   Code   RO         1614    .text.pxPortInitialiseStack  port.o
    0x00004780   0x00004780   0x00000092   Code   RO          170    .text.removeChars   utilities.o
    0x00004812   0x00004812   0x00000002   PAD
    0x00004814   0x00004814   0x00000038   Code   RO           62    .text.setAuthentication_AT_QSSLCFG  bc660k.o
    0x0000484c   0x0000484c   0x00000298   Code   RO           64    .text.setCACert_AT_QSSLCFG  bc660k.o
    0x00004ae4   0x00004ae4   0x000002b4   Code   RO           66    .text.setClientCert_AT_QSSLCFG  bc660k.o
    0x00004d98   0x00004d98   0x000002b4   Code   RO           68    .text.setClientPrivateKey_AT_QSSLCFG  bc660k.o
    0x0000504c   0x0000504c   0x00000010   Code   RO          174    .text.slice         utilities.o
    0x0000505c   0x0000505c   0x00000018   Code   RO          204    .text.task_1        main.o
    0x00005074   0x00005074   0x00000014   Code   RO          206    .text.task_2        main.o
    0x00005088   0x00005088   0x00000020   Code   RO          208    .text.task_3        main.o
    0x000050a8   0x000050a8   0x00000018   Code   RO          210    .text.task_4        main.o
    0x000050c0   0x000050c0   0x00000008   Code   RO         1634    .text.ulSetInterruptMaskFromISR  port.o
    0x000050c8   0x000050c8   0x00000022   Code   RO         1604    .text.uxListRemove  list.o
    0x000050ea   0x000050ea   0x00000002   PAD
    0x000050ec   0x000050ec   0x0000000c   Code   RO         1801    .text.uxTaskGetNumberOfTasks  tasks.o
    0x000050f8   0x000050f8   0x00000006   Code   RO         1636    .text.vClearInterruptMaskFromISR  port.o
    0x000050fe   0x000050fe   0x00000014   Code   RO         1596    .text.vListInitialise  list.o
    0x00005112   0x00005112   0x00000006   Code   RO         1598    .text.vListInitialiseItem  list.o
    0x00005118   0x00005118   0x0000003c   Code   RO         1602    .text.vListInsert   list.o
    0x00005154   0x00005154   0x00000018   Code   RO         1600    .text.vListInsertEnd  list.o
    0x0000516c   0x0000516c   0x00000014   Code   RO         1630    .text.vPortEnterCritical  port.o
    0x00005180   0x00005180   0x0000001c   Code   RO         1632    .text.vPortExitCritical  port.o
    0x0000519c   0x0000519c   0x00000098   Code   RO         1658    .text.vPortFree     heap_4.o
    0x00005234   0x00005234   0x00000048   Code   RO         1622    .text.vPortSetupTimerInterrupt  port.o
    0x0000527c   0x0000527c   0x00000004   PAD
    0x00005280   0x00005280   0x00000034   Code   RO         1624    .text.vPortStartFirstTask  port.o
    0x000052b4   0x000052b4   0x00000104   Code   RO         1642    .text.vPortSuppressTicksAndSleep  port.o
    0x000053b8   0x000053b8   0x00000018   Code   RO         1628    .text.vPortYield    port.o
    0x000053d0   0x000053d0   0x00000044   Code   RO         1739    .text.vQueueWaitForMessageRestricted  queue.o
    0x00005414   0x00005414   0x00000070   Code   RO         1771    .text.vTaskDelay    tasks.o
    0x00005484   0x00005484   0x00000014   Code   RO         1829    .text.vTaskInternalSetTimeOutState  tasks.o
    0x00005498   0x00005498   0x00000008   Code   RO         1833    .text.vTaskMissedYield  tasks.o
    0x000054a0   0x000054a0   0x00000020   Code   RO         1817    .text.vTaskPlaceOnEventList  tasks.o
    0x000054c0   0x000054c0   0x00000048   Code   RO         1821    .text.vTaskPlaceOnEventListRestricted  tasks.o
    0x00005508   0x00005508   0x0000006c   Code   RO         1785    .text.vTaskResume   tasks.o
    0x00005574   0x00005574   0x00000060   Code   RO         1789    .text.vTaskStartScheduler  tasks.o
    0x000055d4   0x000055d4   0x00000058   Code   RO         1811    .text.vTaskStepTick  tasks.o
    0x0000562c   0x0000562c   0x00000144   Code   RO         1781    .text.vTaskSuspend  tasks.o
    0x00005770   0x00005770   0x00000010   Code   RO         1765    .text.vTaskSuspendAll  tasks.o
    0x00005780   0x00005780   0x000000a4   Code   RO         1783    .text.vTaskSwitchContext  tasks.o
    0x00005824   0x00005824   0x0000005c   Code   RO         1620    .text.xPortStartScheduler  port.o
    0x00005880   0x00005880   0x00000098   Code   RO         1687    .text.xQueueGenericCreate  queue.o
    0x00005918   0x00005918   0x0000012e   Code   RO         1713    .text.xQueueReceive  queue.o
    0x00005a46   0x00005a46   0x00000002   PAD
    0x00005a48   0x00005a48   0x00000088   Code   RO         1831    .text.xTaskCheckForTimeOut  tasks.o
    0x00005ad0   0x00005ad0   0x000001f8   Code   RO         1759    .text.xTaskCreate   tasks.o
    0x00005cc8   0x00005cc8   0x0000001c   Code   RO         1849    .text.xTaskGetSchedulerState  tasks.o
    0x00005ce4   0x00005ce4   0x0000000c   Code   RO         1797    .text.xTaskGetTickCount  tasks.o
    0x00005cf0   0x00005cf0   0x00000154   Code   RO         1795    .text.xTaskIncrementTick  tasks.o
    0x00005e44   0x00005e44   0x00000074   Code   RO         1853    .text.xTaskPriorityDisinherit  tasks.o
    0x00005eb8   0x00005eb8   0x000000e0   Code   RO         1823    .text.xTaskRemoveFromEventList  tasks.o
    0x00005f98   0x00005f98   0x00000140   Code   RO         1769    .text.xTaskResumeAll  tasks.o
    0x000060d8   0x000060d8   0x00000084   Code   RO         1905    .text.xTimerCreateTimerTask  timers.o
    0x0000615c   0x0000615c   0x00000028   Code   RO         2254    i.__0sprintf        mc_p.l(printfa.o)
    0x00006184   0x00006184   0x0000002e   Code   RO         2426    i.__ARM_clz         mf_p.l(depilogue.o)
    0x000061b2   0x000061b2   0x00000032   Code   RO         2368    i.__ARM_common_ll_muluu  m_ps.l(rred.o)
    0x000061e4   0x000061e4   0x0000002c   Code   RO         2436    i.__ARM_fpclassify  m_ps.l(fpclassify.o)
    0x00006210   0x00006210   0x00000008   Code   RO         2412    i.__aeabi_errno_addr  mc_p.l(errno.o)
    0x00006218   0x00006218   0x0000039c   Code   RO         2363    i.__ieee754_rem_pio2  m_ps.l(rred.o)
    0x000065b4   0x000065b4   0x000000f4   Code   RO         2345    i.__kernel_cos      m_ps.l(cos_i.o)
    0x000066a8   0x000066a8   0x000000ac   Code   RO         2438    i.__kernel_poly     m_ps.l(poly.o)
    0x00006754   0x00006754   0x000000ec   Code   RO         2370    i.__kernel_sin      m_ps.l(sin_i.o)
    0x00006840   0x00006840   0x0000000a   Code   RO         2349    i.__mathlib_dbl_infnan  m_ps.l(dunder.o)
    0x0000684a   0x0000684a   0x00000008   Code   RO         2350    i.__mathlib_dbl_infnan2  m_ps.l(dunder.o)
    0x00006852   0x00006852   0x00000010   Code   RO         2351    i.__mathlib_dbl_invalid  m_ps.l(dunder.o)
    0x00006862   0x00006862   0x00000002   PAD
    0x00006864   0x00006864   0x00000014   Code   RO         2354    i.__mathlib_dbl_underflow  m_ps.l(dunder.o)
    0x00006878   0x00006878   0x0000000e   Code   RO         2482    i.__scatterload_copy  mc_p.l(handlers.o)
    0x00006886   0x00006886   0x00000002   Code   RO         2483    i.__scatterload_null  mc_p.l(handlers.o)
    0x00006888   0x00006888   0x0000000e   Code   RO         2484    i.__scatterload_zeroinit  mc_p.l(handlers.o)
    0x00006896   0x00006896   0x00000002   PAD
    0x00006898   0x00006898   0x0000000c   Code   RO         2414    i.__set_errno       mc_p.l(errno.o)
    0x000068a4   0x000068a4   0x00000174   Code   RO         2259    i._fp_digits        mc_p.l(printfa.o)
    0x00006a18   0x00006a18   0x000006ec   Code   RO         2260    i._printf_core      mc_p.l(printfa.o)
    0x00007104   0x00007104   0x00000020   Code   RO         2261    i._printf_post_padding  mc_p.l(printfa.o)
    0x00007124   0x00007124   0x0000002c   Code   RO         2262    i._printf_pre_padding  mc_p.l(printfa.o)
    0x00007150   0x00007150   0x0000000a   Code   RO         2264    i._sputc            mc_p.l(printfa.o)
    0x0000715a   0x0000715a   0x00000002   PAD
    0x0000715c   0x0000715c   0x0000021c   Code   RO         2341    i.atan              m_ps.l(atan.o)
    0x00007378   0x00007378   0x0000019c   Code   RO         1958    i.atan2             m_ps.l(atan2.o)
    0x00007514   0x00007514   0x00000098   Code   RO         1962    i.cos               m_ps.l(cos.o)
    0x000075ac   0x000075ac   0x00000054   Code   RO         2280    i.free              mc_p.l(malloc.o)
    0x00007600   0x00007600   0x0000006c   Code   RO         2281    i.malloc            mc_p.l(malloc.o)
    0x0000766c   0x0000766c   0x0000009c   Code   RO         1966    i.sin               m_ps.l(sin.o)
    0x00007708   0x00007708   0x00000048   Code   RO         1970    i.sqrt              m_ps.l(sqrt.o)
    0x00007750   0x00007750   0x0000000c   Data   RO         1987    .constdata          mc_p.l(mktime.o)
    0x0000775c   0x0000775c   0x00000004   PAD
    0x00007760   0x00007760   0x00000098   Data   RO         2342    .constdata          m_ps.l(atan.o)
    0x000077f8   0x000077f8   0x00000030   Data   RO         2346    .constdata          m_ps.l(cos_i.o)
    0x00007828   0x00007828   0x00000008   Data   RO         2362    .constdata          m_ps.l(qnan.o)
    0x00007830   0x00007830   0x000000cc   Data   RO         2365    .constdata          m_ps.l(rred.o)
    0x000078fc   0x000078fc   0x00000004   PAD
    0x00007900   0x00007900   0x00000028   Data   RO         2371    .constdata          m_ps.l(sin_i.o)
    0x00007928   0x00007928   0x0000000c   Data   RO         2408    .constdata          mc_p.l(localtime_i.o)
    0x00007934   0x00007934   0x00000081   Data   RO         2445    .constdata          mc_p.l(ctype_o.o)
    0x000079b5   0x000079b5   0x00000003   PAD
    0x000079b8   0x000079b8   0x00000004   Data   RO         2446    .constdata          mc_p.l(ctype_o.o)
    0x000079bc   0x000079bc   0x00000014   Data   RO           92    .rodata..Lswitch.table.setClientPrivateKey_AT_QSSLCFG  bc660k.o
    0x000079d0   0x000079d0   0x00000018   Data   RO         1455    .rodata.GPIO_PORT   ht32_board.o
    0x000079e8   0x000079e8   0x00000003   Data   RO         1458    .rodata.LED_AFIO_MODE  ht32_board.o
    0x000079eb   0x000079eb   0x00000003   Data   RO         1456    .rodata.LED_GPIO_ID  ht32_board.o
    0x000079ee   0x000079ee   0x00000006   Data   RO         1457    .rodata.LED_GPIO_PIN  ht32_board.o
    0x000079f4   0x000079f4   0x000001fb   Data   RO           27    .rodata.str1.1      board871.o
    0x00007bef   0x00007bef   0x00000078   Data   RO           90    .rodata.str1.1      bc660k.o
    0x00007c67   0x00007c67   0x0000000b   Data   RO          131    .rodata.str1.1      lc76f.o
    0x00007c72   0x00007c72   0x00000002   PAD
    0x00007c74   0x00007c74   0x000000ab   Data   RO           26    .rodata.str1.4      board871.o
    0x00007d1f   0x00007d1f   0x00000001   PAD
    0x00007d20   0x00007d20   0x00000053   Data   RO           91    .rodata.str1.4      bc660k.o
    0x00007d73   0x00007d73   0x00000001   PAD
    0x00007d74   0x00007d74   0x00000004   Data   RO         1876    .rodata.uxTopUsedPriority  tasks.o
    0x00007d78   0x00007d78   0x00000020   Data   RO         2481    Region$$Table       anon$$obj.o


    Execution Region ER_RW (Exec base: 0x20000000, Load base: 0x00007d98, Size: 0x00000018, Max: 0xffffffff, ABSOLUTE)

    Exec Addr    Load Addr    Size         Type   Attr      Idx    E Section Name        Object

    0x20000000   0x00007d98   0x00000004   Data   RW         2010    .data               mc_p.l(strtok.o)
    0x20000004   0x00007d9c   0x00000004   Data   RW         2410    .data               mc_p.l(mvars.o)
    0x20000008   0x00007da0   0x00000004   Data   RW         2411    .data               mc_p.l(mvars.o)
    0x2000000c   0x00007da4   0x00000004   Data   RW         2415    .data               mc_p.l(errno.o)
    0x20000010   0x00007da8   0x00000004   Data   RW          242    .data.SystemCoreClock  system_ht32f5xxxx_03.o
    0x20000014   0x00007dac   0x00000004   Data   RW         1644    .data.uxCriticalNesting  port.o


    Execution Region ER_ZI (Exec base: 0x20000018, Load base: 0x00007db0, Size: 0x00004428, Max: 0xffffffff, ABSOLUTE)

    Exec Addr    Load Addr    Size         Type   Attr      Idx    E Section Name        Object

    0x20000018        -       0x00000002   Zero   RW          155    .bss.MC3416_Moving.previous_accel.0  mc3416.o
    0x2000001a        -       0x00000002   Zero   RW          156    .bss.MC3416_Moving.previous_accel.1  mc3416.o
    0x2000001c        -       0x00000002   Zero   RW          157    .bss.MC3416_Moving.previous_accel.2  mc3416.o
    0x2000001e        -       0x00000006   Zero   RW          154    .bss.MC3416_Read_Accel.Rec_Data  mc3416.o
    0x20000024        -       0x00000004   Zero   RW          219    .bss.TaskHandle_1   main.o
    0x20000028        -       0x00000004   Zero   RW          220    .bss.TaskHandle_2   main.o
    0x2000002c        -       0x00000004   Zero   RW          221    .bss.TaskHandle_3   main.o
    0x20000030        -       0x00000004   Zero   RW          222    .bss.TaskHandle_4   main.o
    0x20000034        -       0x000000a0   Zero   RW          218    .bss.board871       main.o
    0x200000d4        -       0x00000004   Zero   RW         1947    .bss.prvSampleTimeNow.xLastTime  timers.o
    0x200000d8        -       0x00000004   Zero   RW         1875    .bss.pxCurrentTCB   tasks.o
    0x200000dc        -       0x00000004   Zero   RW         1945    .bss.pxCurrentTimerList  timers.o
    0x200000e0        -       0x00000004   Zero   RW         1884    .bss.pxDelayedTaskList  tasks.o
    0x200000e4        -       0x00000004   Zero   RW         1670    .bss.pxEnd          heap_4.o
    0x200000e8        -       0x00000004   Zero   RW         1885    .bss.pxOverflowDelayedTaskList  tasks.o
    0x200000ec        -       0x00000004   Zero   RW         1946    .bss.pxOverflowTimerList  timers.o
    0x200000f0        -       0x00000064   Zero   RW         1887    .bss.pxReadyTasksLists  tasks.o
    0x20000154        -       0x00004000   Zero   RW         1676    .bss.ucHeap         heap_4.o
    0x20004154        -       0x00000001   Zero   RW         1647    .bss.ulStoppedTimerCompensation  port.o
    0x20004155   0x00007db0   0x00000003   PAD
    0x20004158        -       0x00000004   Zero   RW         1645    .bss.ulTimerCountsForOneTick  port.o
    0x2000415c        -       0x00000004   Zero   RW         1880    .bss.uxCurrentNumberOfTasks  tasks.o
    0x20004160        -       0x00000004   Zero   RW         1879    .bss.uxDeletedTasksWaitingCleanUp  tasks.o
    0x20004164        -       0x00000004   Zero   RW         1882    .bss.uxSchedulerSuspended  tasks.o
    0x20004168        -       0x00000004   Zero   RW         1877    .bss.uxTaskNumber   tasks.o
    0x2000416c        -       0x00000004   Zero   RW         1888    .bss.uxTopReadyPriority  tasks.o
    0x20004170        -       0x00000014   Zero   RW         1948    .bss.xActiveTimerList1  timers.o
    0x20004184        -       0x00000014   Zero   RW         1949    .bss.xActiveTimerList2  timers.o
    0x20004198        -       0x00000014   Zero   RW         1895    .bss.xDelayedTaskList1  tasks.o
    0x200041ac        -       0x00000014   Zero   RW         1896    .bss.xDelayedTaskList2  tasks.o
    0x200041c0        -       0x00000004   Zero   RW         1671    .bss.xFreeBytesRemaining  heap_4.o
    0x200041c4        -       0x00000004   Zero   RW         1891    .bss.xIdleTaskHandle  tasks.o
    0x200041c8        -       0x00000004   Zero   RW         1646    .bss.xMaximumPossibleSuppressedTicks  port.o
    0x200041cc        -       0x00000004   Zero   RW         1673    .bss.xMinimumEverFreeBytesRemaining  heap_4.o
    0x200041d0        -       0x00000004   Zero   RW         1892    .bss.xNextTaskUnblockTime  tasks.o
    0x200041d4        -       0x00000004   Zero   RW         1894    .bss.xNumOfOverflows  tasks.o
    0x200041d8        -       0x00000004   Zero   RW         1674    .bss.xNumberOfSuccessfulAllocations  heap_4.o
    0x200041dc        -       0x00000004   Zero   RW         1675    .bss.xNumberOfSuccessfulFrees  heap_4.o
    0x200041e0        -       0x00000004   Zero   RW         1893    .bss.xPendedTicks   tasks.o
    0x200041e4        -       0x00000014   Zero   RW         1890    .bss.xPendingReadyList  tasks.o
    0x200041f8        -       0x00000004   Zero   RW         1881    .bss.xSchedulerRunning  tasks.o
    0x200041fc        -       0x00000008   Zero   RW         1672    .bss.xStart         heap_4.o
    0x20004204        -       0x00000014   Zero   RW         1886    .bss.xSuspendedTaskList  tasks.o
    0x20004218        -       0x00000014   Zero   RW         1878    .bss.xTasksWaitingTermination  tasks.o
    0x2000422c        -       0x00000004   Zero   RW         1883    .bss.xTickCount     tasks.o
    0x20004230        -       0x00000004   Zero   RW         1943    .bss.xTimerQueue    timers.o
    0x20004234        -       0x00000004   Zero   RW         1944    .bss.xTimerTaskHandle  timers.o
    0x20004238        -       0x00000004   Zero   RW         1889    .bss.xYieldPending  tasks.o
    0x2000423c   0x00007db0   0x00000004   PAD
    0x20004240        -       0x00000000   Zero   RW          251    HEAP                startup_ht32f5xxxx_03.o
    0x20004240        -       0x00000200   Zero   RW          250    STACK               startup_ht32f5xxxx_03.o


==============================================================================

Image component sizes


      Code (inc. data)   RO Data    RW Data    ZI Data      Debug   Object Name

      4388        624        223          0          0      19522   bc660k.o
      3390        536        678          0          0      11040   board871.o
       524         40          0          0      16412       5246   heap_4.o
       188         16         36          0          0      12637   ht32_board.o
       212         20          0          0          0      17540   ht32f5xxxx_ckcu.o
       652          4          0          0          0      11381   ht32f5xxxx_gpio.o
       252          4          0          0          0       8884   ht32f5xxxx_i2c.o
       180         24          0          0          0      10217   ht32f5xxxx_usart.o
      2824        156         11          0          0      18196   lc76f.o
       144          0          0          0          0       2431   list.o
       518         88          0          0        176       8791   main.o
      1096         64          0          0         12       7302   mc3416.o
       756         60          0          4          9       4290   port.o
       832          0          0          0          0      22742   queue.o
       356        238          0          0        512        732   startup_ht32f5xxxx_03.o
       516         36          0          4          0       3064   system_ht32f5xxxx_03.o
      3184        276          4          0        260      44203   tasks.o
       796         62          0          0         60      13654   timers.o
       476          0          0          0          0       4763   utilities.o

    ----------------------------------------------------------------------
     21300       2252        988          8      17448     226635   Object Totals
         0          0         32          0          0          0   (incl. Generated)
        16          4          4          0          7          0   (incl. Padding)

    ----------------------------------------------------------------------

      Code (inc. data)   RO Data    RW Data    ZI Data      Debug   Library Member Name

       540         68        152          0          0        112   atan.o
       412         40          0          0          0        144   atan2.o
       152         10          0          0          0        104   cos.o
       244         20         48          0          0         92   cos_i.o
        54          6          0          0          0        272   dunder.o
        44          4          0          0          0         60   fpclassify.o
       172          0          0          0          0         76   poly.o
         0          0          8          0          0          0   qnan.o
       974         86        204          0          0        200   rred.o
       156         10          0          0          0        104   sin.o
       236         14         40          0          0        100   sin_i.o
        72          6          0          0          0         76   sqrt.o
        30          0          0          0          0         60   _chval.o
       166          0          0          0          0         84   _strtoul.o
        26          0          0          0          0         72   atoi.o
         8          4        133          0          0         60   ctype_o.o
         0          0          0          0          0          0   entry.o
         0          0          0          0          0          0   entry10a.o
         0          0          0          0          0          0   entry11a.o
         8          4          0          0          0          0   entry2.o
         4          0          0          0          0          0   entry5.o
         0          0          0          0          0          0   entry7b.o
         0          0          0          0          0          0   entry8b.o
         8          4          0          0          0          0   entry9a.o
        20         10          0          4          0        120   errno.o
        30          0          0          0          0          0   handlers.o
        80          6          0          0          0         72   idiv_div0.o
        36          8          0          0          0         68   init.o
         0          0          0          0          0          0   iusefp.o
        48          0          0          0          0         72   llmul.o
        32          0          0          0          0         68   llshl.o
        38          0          0          0          0         68   llsshr.o
        34          0          0          0          0         68   llushr.o
       116         12         12          0          0         72   localtime_i.o
       192         20          0          0          0        144   malloc.o
        64          0          0          0          0         68   memmovea.o
        36          0          0          0          0        100   memseta.o
       140         16         12          0          0         72   mktime.o
         0          0          0          8          0          0   mvars.o
      2270         94          0          0          0        472   printfa.o
        24          0          0          0          0         60   strcat.o
        20          0          0          0          0         60   strchr.o
        28          0          0          0          0         68   strcmp.o
        18          0          0          0          0         60   strcpy.o
        14          0          0          0          0         60   strlen.o
        26          0          0          0          0         68   strncpy.o
        40          0          0          0          0         72   strstr.o
        72          4          0          4          0         72   strtok.o
       112          4          0          0          0         76   strtol.o
        62          0          0          0          0         72   uidiv_div0.o
        96          0          0          0          0         84   uldiv.o
        40          2          0          0          0         68   cdcmple.o
        40          2          0          0          0         68   cdrcmple.o
        56          0          0          0          0         68   d2f.o
       356          4          0          0          0        140   dadd.o
        44          0          0          0          0         68   dcmple.o
       240          6          0          0          0         84   ddiv.o
       236          0          0          0          0        216   depilogue.o
        72         10          0          0          0         72   dfixi.o
        64         10          0          0          0         68   dfixul.o
        40          6          0          0          0         68   dflti.o
        28          4          0          0          0         68   dfltui.o
       208          6          0          0          0         88   dmul.o
        44          0          0          0          0         72   dscalb.o
       162          0          0          0          0         80   dsqrt.o
        40          0          0          0          0         60   f2d.o
       178          0          0          0          0        108   fadd.o
        28          0          0          0          0         60   fcmpge.o
       124          0          0          0          0         72   fdiv.o
       130          0          0          0          0        144   fepilogue.o
        14          0          0          0          0         68   ffltui.o
       122          0          0          0          0         72   fmul.o

    ----------------------------------------------------------------------
      9244        500        620         16          0       5644   Library Totals
        24          0         11          0          0          0   (incl. Padding)

    ----------------------------------------------------------------------

      Code (inc. data)   RO Data    RW Data    ZI Data      Debug   Library Name

      3056        264        452          0          0       1340   m_ps.l
      3898        186        157         16          0       2492   mc_p.l
      2266         50          0          0          0       1812   mf_p.l

    ----------------------------------------------------------------------
      9244        500        620         16          0       5644   Library Totals

    ----------------------------------------------------------------------

==============================================================================


      Code (inc. data)   RO Data    RW Data    ZI Data      Debug   

     30544       2752       1608         24      17448     229083   Grand Totals
     30544       2752       1608         24      17448     229083   ELF Image Totals
     30544       2752       1608         24          0          0   ROM Totals

==============================================================================

    Total RO  Size (Code + RO Data)                32152 (  31.40kB)
    Total RW  Size (RW Data + ZI Data)             17472 (  17.06kB)
    Total ROM Size (Code + RO Data + RW Data)      32176 (  31.42kB)

==============================================================================

