Component: Arm Compiler for Embedded 6.19 Tool: armlink [5e73cb00]

==============================================================================

Section Cross References

    main.o(.text.task_1) refers to ht32_board.o(.text.HT32F_DVB_LEDToggle) for HT32F_DVB_LEDToggle
    main.o(.text.task_1) refers to tasks.o(.text.vTaskDelay) for vTaskDelay
    main.o(.ARM.exidx.text.task_1) refers to main.o(.text.task_1) for [Anonymous Symbol]
    main.o(.text.Toggle_LED_1) refers to ht32_board.o(.text.HT32F_DVB_LEDToggle) for HT32F_DVB_LEDToggle
    main.o(.ARM.exidx.text.Toggle_LED_1) refers to main.o(.text.Toggle_LED_1) for [Anonymous Symbol]
    main.o(.text.task_2) refers to ht32_board.o(.text.HT32F_DVB_LEDToggle) for HT32F_DVB_LEDToggle
    main.o(.text.task_2) refers to tasks.o(.text.vTaskDelay) for vTaskDelay
    main.o(.ARM.exidx.text.task_2) refers to main.o(.text.task_2) for [Anonymous Symbol]
    main.o(.text.Toggle_LED_2) refers to ht32_board.o(.text.HT32F_DVB_LEDToggle) for HT32F_DVB_LEDToggle
    main.o(.ARM.exidx.text.Toggle_LED_2) refers to main.o(.text.Toggle_LED_2) for [Anonymous Symbol]
    main.o(.text.task_3) refers to tasks.o(.text.vTaskDelay) for vTaskDelay
    main.o(.ARM.exidx.text.task_3) refers to main.o(.text.task_3) for [Anonymous Symbol]
    main.o(.text.task_4) refers to tasks.o(.text.vTaskDelay) for vTaskDelay
    main.o(.ARM.exidx.text.task_4) refers to main.o(.text.task_4) for [Anonymous Symbol]
    main.o(.text.main) refers to ht32_board.o(.text.HT32F_DVB_LEDInit) for HT32F_DVB_LEDInit
    main.o(.text.main) refers to ht32_board.o(.text.HT32F_DVB_LEDOff) for HT32F_DVB_LEDOff
    main.o(.text.main) refers to system_ht32f5xxxx_03.o(.text.SystemCoreClockUpdate) for SystemCoreClockUpdate
    main.o(.text.main) refers to tasks.o(.text.xTaskCreate) for xTaskCreate
    main.o(.text.main) refers to tasks.o(.text.vTaskStartScheduler) for vTaskStartScheduler
    main.o(.text.main) refers to main.o(.text.task_1) for task_1
    main.o(.text.main) refers to main.o(.text.task_2) for task_2
    main.o(.text.main) refers to main.o(.text.task_3) for task_3
    main.o(.text.main) refers to main.o(.text.task_4) for task_4
    main.o(.ARM.exidx.text.main) refers to main.o(.text.main) for [Anonymous Symbol]
    main.o(.text.LED_Init) refers to ht32_board.o(.text.HT32F_DVB_LEDInit) for HT32F_DVB_LEDInit
    main.o(.text.LED_Init) refers to ht32_board.o(.text.HT32F_DVB_LEDOff) for HT32F_DVB_LEDOff
    main.o(.ARM.exidx.text.LED_Init) refers to main.o(.text.LED_Init) for [Anonymous Symbol]
    main.o(.text.setup) refers to uidiv_div0.o(.text) for __aeabi_uidiv
    main.o(.text.setup) refers to ht32_board.o(.text.HT32F_DVB_LEDInit) for HT32F_DVB_LEDInit
    main.o(.text.setup) refers to ht32_board.o(.text.HT32F_DVB_LEDOff) for HT32F_DVB_LEDOff
    main.o(.text.setup) refers to ht32f5xxxx_ckcu.o(.text.CKCU_PeripClockConfig) for CKCU_PeripClockConfig
    main.o(.text.setup) refers to ht32f5xxxx_gpio.o(.text.GPIO_PullResistorConfig) for GPIO_PullResistorConfig
    main.o(.text.setup) refers to ht32f5xxxx_gpio.o(.text.AFIO_GPxConfig) for AFIO_GPxConfig
    main.o(.text.setup) refers to ht32f5xxxx_usart.o(.text.USART_Init) for USART_Init
    main.o(.text.setup) refers to ht32f5xxxx_usart.o(.text.USART_TxRxCmd) for USART_TxRxCmd
    main.o(.text.setup) refers to mc3416.o(.text.I2C_Configuration) for I2C_Configuration
    main.o(.text.setup) refers to mc3416.o(.text.MC3416_Init) for MC3416_Init
    main.o(.text.setup) refers to malloc.o(i.malloc) for malloc
    main.o(.text.setup) refers to memcpya.o(.text) for __aeabi_memcpy
    main.o(.text.setup) refers to ht32f5xxxx_usart.o(.text.USART_GetFlagStatus) for USART_GetFlagStatus
    main.o(.text.setup) refers to ht32f5xxxx_usart.o(.text.USART_SendData) for USART_SendData
    main.o(.text.setup) refers to strlen.o(.text) for strlen
    main.o(.text.setup) refers to main.o(.text.sendCommand) for sendCommand
    main.o(.text.setup) refers to main.o(.text.setCACert_AT_QSSLCFG) for setCACert_AT_QSSLCFG
    main.o(.text.setup) refers to main.o(.text.setClientCert_AT_QSSLCFG) for setClientCert_AT_QSSLCFG
    main.o(.text.setup) refers to main.o(.text.setClientPrivateKey_AT_QSSLCFG) for setClientPrivateKey_AT_QSSLCFG
    main.o(.text.setup) refers to ht32_board.o(.text.HT32F_DVB_LEDToggle) for HT32F_DVB_LEDToggle
    main.o(.text.setup) refers to system_ht32f5xxxx_03.o(.data.SystemCoreClock) for SystemCoreClock
    main.o(.text.setup) refers to main.o(.rodata.str1.1) for [Anonymous Symbol]
    main.o(.text.setup) refers to main.o(.rodata.str1.4) for [Anonymous Symbol]
    main.o(.ARM.exidx.text.setup) refers to main.o(.text.setup) for [Anonymous Symbol]
    main.o(.text.UART0_GNSS_Configuration) refers to ht32f5xxxx_ckcu.o(.text.CKCU_PeripClockConfig) for CKCU_PeripClockConfig
    main.o(.text.UART0_GNSS_Configuration) refers to ht32f5xxxx_gpio.o(.text.GPIO_PullResistorConfig) for GPIO_PullResistorConfig
[...]
    Removing queue.o(.text.ucQueueGetQueueType), (6 bytes).
    Removing queue.o(.ARM.exidx.text.ucQueueGetQueueType), (8 bytes).
    Removing queue.o(.text.xQueueIsQueueEmptyFromISR), (16 bytes).
    Removing queue.o(.ARM.exidx.text.xQueueIsQueueEmptyFromISR), (8 bytes).
    Removing queue.o(.text.xQueueIsQueueFullFromISR), (20 bytes).
    Removing queue.o(.ARM.exidx.text.xQueueIsQueueFullFromISR), (8 bytes).
    Removing queue.o(.ARM.exidx.text.vQueueWaitForMessageRestricted), (8 bytes).
    Removing queue.o(.text.xQueueCreateSet), (12 bytes).
    Removing queue.o(.ARM.exidx.text.xQueueCreateSet), (8 bytes).
    Removing queue.o(.text.xQueueAddToSet), (36 bytes).
    Removing queue.o(.ARM.exidx.text.xQueueAddToSet), (8 bytes).
    Removing queue.o(.text.xQueueRemoveFromSet), (36 bytes).
    Removing queue.o(.ARM.exidx.text.xQueueRemoveFromSet), (8 bytes).
    Removing queue.o(.text.xQueueSelectFromSet), (22 bytes).
    Removing queue.o(.ARM.exidx.text.xQueueSelectFromSet), (8 bytes).
    Removing queue.o(.text.xQueueSelectFromSetFromISR), (20 bytes).
    Removing queue.o(.ARM.exidx.text.xQueueSelectFromSetFromISR), (8 bytes).
    Removing tasks.o(.text), (0 bytes).
    Removing tasks.o(.ARM.exidx.text.xTaskCreate), (8 bytes).
    Removing tasks.o(.text.vTaskDelete), (200 bytes).
    Removing tasks.o(.ARM.exidx.text.vTaskDelete), (8 bytes).
    Removing tasks.o(.text.xTaskDelayUntil), (188 bytes).
    Removing tasks.o(.ARM.exidx.text.xTaskDelayUntil), (8 bytes).
    Removing tasks.o(.ARM.exidx.text.vTaskSuspendAll), (8 bytes).
    Removing tasks.o(.ARM.exidx.text.prvAddCurrentTaskToDelayedList), (8 bytes).
    Removing tasks.o(.ARM.exidx.text.xTaskResumeAll), (8 bytes).
    Removing tasks.o(.ARM.exidx.text.vTaskDelay), (8 bytes).
    Removing tasks.o(.text.eTaskGetState), (132 bytes).
    Removing tasks.o(.ARM.exidx.text.eTaskGetState), (8 bytes).
    Removing tasks.o(.text.uxTaskPriorityGet), (32 bytes).
    Removing tasks.o(.ARM.exidx.text.uxTaskPriorityGet), (8 bytes).
    Removing tasks.o(.text.uxTaskPriorityGetFromISR), (32 bytes).
    Removing tasks.o(.ARM.exidx.text.uxTaskPriorityGetFromISR), (8 bytes).
    Removing tasks.o(.text.vTaskPrioritySet), (180 bytes).
    Removing tasks.o(.ARM.exidx.text.vTaskPrioritySet), (8 bytes).
    Removing tasks.o(.text.vTaskSuspend), (340 bytes).
    Removing tasks.o(.ARM.exidx.text.vTaskSuspend), (8 bytes).
    Removing tasks.o(.ARM.exidx.text.vTaskSwitchContext), (8 bytes).
    Removing tasks.o(.text.vTaskResume), (124 bytes).
    Removing tasks.o(.ARM.exidx.text.vTaskResume), (8 bytes).
    Removing tasks.o(.text.xTaskResumeFromISR), (168 bytes).
    Removing tasks.o(.ARM.exidx.text.xTaskResumeFromISR), (8 bytes).
    Removing tasks.o(.ARM.exidx.text.vTaskStartScheduler), (8 bytes).
    Removing tasks.o(.ARM.exidx.text.prvIdleTask), (8 bytes).
    Removing tasks.o(.text.vTaskEndScheduler), (20 bytes).
    Removing tasks.o(.ARM.exidx.text.vTaskEndScheduler), (8 bytes).
    Removing tasks.o(.ARM.exidx.text.xTaskIncrementTick), (8 bytes).
    Removing tasks.o(.ARM.exidx.text.xTaskGetTickCount), (8 bytes).
    Removing tasks.o(.text.xTaskGetTickCountFromISR), (12 bytes).
    Removing tasks.o(.ARM.exidx.text.xTaskGetTickCountFromISR), (8 bytes).
    Removing tasks.o(.ARM.exidx.text.uxTaskGetNumberOfTasks), (8 bytes).
    Removing tasks.o(.text.pcTaskGetName), (24 bytes).
    Removing tasks.o(.ARM.exidx.text.pcTaskGetName), (8 bytes).
    Removing tasks.o(.text.xTaskGetHandle), (1572 bytes).
    Removing tasks.o(.ARM.exidx.text.xTaskGetHandle), (8 bytes).
    Removing tasks.o(.text.uxTaskGetSystemState), (1144 bytes).
    Removing tasks.o(.ARM.exidx.text.uxTaskGetSystemState), (8 bytes).
    Removing tasks.o(.text.xTaskGetIdleTaskHandle), (20 bytes).
    Removing tasks.o(.ARM.exidx.text.xTaskGetIdleTaskHandle), (8 bytes).
    Removing tasks.o(.ARM.exidx.text.vTaskStepTick), (8 bytes).
    Removing tasks.o(.text.xTaskCatchUpTicks), (52 bytes).
    Removing tasks.o(.ARM.exidx.text.xTaskCatchUpTicks), (8 bytes).
    Removing tasks.o(.text.xTaskAbortDelay), (228 bytes).
    Removing tasks.o(.ARM.exidx.text.xTaskAbortDelay), (8 bytes).
    Removing tasks.o(.ARM.exidx.text.vTaskPlaceOnEventList), (8 bytes).
    Removing tasks.o(.text.vTaskPlaceOnUnorderedEventList), (96 bytes).
    Removing tasks.o(.ARM.exidx.text.vTaskPlaceOnUnorderedEventList), (8 bytes).
    Removing tasks.o(.ARM.exidx.text.vTaskPlaceOnEventListRestricted), (8 bytes).
    Removing tasks.o(.ARM.exidx.text.xTaskRemoveFromEventList), (8 bytes).
    Removing tasks.o(.text.vTaskRemoveFromUnorderedEventList), (204 bytes).
    Removing tasks.o(.ARM.exidx.text.vTaskRemoveFromUnorderedEventList), (8 bytes).
    Removing tasks.o(.text.vTaskSetTimeOutState), (44 bytes).
    Removing tasks.o(.ARM.exidx.text.vTaskSetTimeOutState), (8 bytes).
    Removing tasks.o(.ARM.exidx.text.vTaskInternalSetTimeOutState), (8 bytes).
    Removing tasks.o(.ARM.exidx.text.xTaskCheckForTimeOut), (8 bytes).
    Removing tasks.o(.ARM.exidx.text.vTaskMissedYield), (8 bytes).
    Removing tasks.o(.text.uxTaskGetTaskNumber), (12 bytes).
    Removing tasks.o(.ARM.exidx.text.uxTaskGetTaskNumber), (8 bytes).
    Removing tasks.o(.text.vTaskSetTaskNumber), (8 bytes).
    Removing tasks.o(.ARM.exidx.text.vTaskSetTaskNumber), (8 bytes).
    Removing tasks.o(.ARM.exidx.text.eTaskConfirmSleepModeStatus), (8 bytes).
    Removing tasks.o(.text.vTaskGetInfo), (284 bytes).
    Removing tasks.o(.ARM.exidx.text.vTaskGetInfo), (8 bytes).
    Removing tasks.o(.text.uxTaskGetStackHighWaterMark2), (76 bytes).
    Removing tasks.o(.ARM.exidx.text.uxTaskGetStackHighWaterMark2), (8 bytes).
    Removing tasks.o(.text.uxTaskGetStackHighWaterMark), (72 bytes).
    Removing tasks.o(.ARM.exidx.text.uxTaskGetStackHighWaterMark), (8 bytes).
    Removing tasks.o(.text.xTaskGetCurrentTaskHandle), (12 bytes).
    Removing tasks.o(.ARM.exidx.text.xTaskGetCurrentTaskHandle), (8 bytes).
    Removing tasks.o(.ARM.exidx.text.xTaskGetSchedulerState), (8 bytes).
    Removing tasks.o(.text.xTaskPriorityInherit), (148 bytes).
    Removing tasks.o(.ARM.exidx.text.xTaskPriorityInherit), (8 bytes).
    Removing tasks.o(.ARM.exidx.text.xTaskPriorityDisinherit), (8 bytes).
    Removing tasks.o(.text.vTaskPriorityDisinheritAfterTimeout), (144 bytes).
    Removing tasks.o(.ARM.exidx.text.vTaskPriorityDisinheritAfterTimeout), (8 bytes).
    Removing tasks.o(.text.uxTaskResetEventItemValue), (24 bytes).
    Removing tasks.o(.ARM.exidx.text.uxTaskResetEventItemValue), (8 bytes).
    Removing tasks.o(.text.pvTaskIncrementMutexHeldCount), (24 bytes).
    Removing tasks.o(.ARM.exidx.text.pvTaskIncrementMutexHeldCount), (8 bytes).
    Removing tasks.o(.text.ulTaskGenericNotifyTake), (104 bytes).
    Removing tasks.o(.ARM.exidx.text.ulTaskGenericNotifyTake), (8 bytes).
    Removing tasks.o(.text.xTaskGenericNotifyWait), (124 bytes).
    Removing tasks.o(.ARM.exidx.text.xTaskGenericNotifyWait), (8 bytes).
    Removing tasks.o(.text.xTaskGenericNotify), (264 bytes).
    Removing tasks.o(.ARM.exidx.text.xTaskGenericNotify), (8 bytes).
    Removing tasks.o(.text.xTaskGenericNotifyFromISR), (292 bytes).
    Removing tasks.o(.ARM.exidx.text.xTaskGenericNotifyFromISR), (8 bytes).
    Removing tasks.o(.text.vTaskGenericNotifyGiveFromISR), (224 bytes).
    Removing tasks.o(.ARM.exidx.text.vTaskGenericNotifyGiveFromISR), (8 bytes).
    Removing tasks.o(.text.xTaskGenericNotifyStateClear), (56 bytes).
    Removing tasks.o(.ARM.exidx.text.xTaskGenericNotifyStateClear), (8 bytes).
    Removing tasks.o(.text.ulTaskGenericNotifyValueClear), (40 bytes).
    Removing tasks.o(.ARM.exidx.text.ulTaskGenericNotifyValueClear), (8 bytes).
    Removing timers.o(.text), (0 bytes).
    Removing timers.o(.ARM.exidx.text.xTimerCreateTimerTask), (8 bytes).
    Removing timers.o(.ARM.exidx.text.prvTimerTask), (8 bytes).
    Removing timers.o(.text.xTimerCreate), (156 bytes).
    Removing timers.o(.ARM.exidx.text.xTimerCreate), (8 bytes).
    Removing timers.o(.text.xTimerGenericCommand), (92 bytes).
    Removing timers.o(.ARM.exidx.text.xTimerGenericCommand), (8 bytes).
    Removing timers.o(.text.xTimerGetTimerDaemonTaskHandle), (20 bytes).
    Removing timers.o(.ARM.exidx.text.xTimerGetTimerDaemonTaskHandle), (8 bytes).
    Removing timers.o(.text.xTimerGetPeriod), (12 bytes).
    Removing timers.o(.ARM.exidx.text.xTimerGetPeriod), (8 bytes).
    Removing timers.o(.text.vTimerSetReloadMode), (40 bytes).
    Removing timers.o(.ARM.exidx.text.vTimerSetReloadMode), (8 bytes).
    Removing timers.o(.text.xTimerGetReloadMode), (32 bytes).
    Removing timers.o(.ARM.exidx.text.xTimerGetReloadMode), (8 bytes).
    Removing timers.o(.text.uxTimerGetReloadMode), (32 bytes).
    Removing timers.o(.ARM.exidx.text.uxTimerGetReloadMode), (8 bytes).
    Removing timers.o(.text.xTimerGetExpiryTime), (12 bytes).
    Removing timers.o(.ARM.exidx.text.xTimerGetExpiryTime), (8 bytes).
    Removing timers.o(.text.pcTimerGetName), (12 bytes).
    Removing timers.o(.ARM.exidx.text.pcTimerGetName), (8 bytes).
    Removing timers.o(.text.xTimerIsTimerActive), (32 bytes).
    Removing timers.o(.ARM.exidx.text.xTimerIsTimerActive), (8 bytes).
    Removing timers.o(.text.pvTimerGetTimerID), (26 bytes).
    Removing timers.o(.ARM.exidx.text.pvTimerGetTimerID), (8 bytes).
    Removing timers.o(.text.vTimerSetTimerID), (26 bytes).
    Removing timers.o(.ARM.exidx.text.vTimerSetTimerID), (8 bytes).
    Removing timers.o(.text.xTimerPendFunctionCallFromISR), (40 bytes).
    Removing timers.o(.ARM.exidx.text.xTimerPendFunctionCallFromISR), (8 bytes).
    Removing timers.o(.text.xTimerPendFunctionCall), (48 bytes).
    Removing timers.o(.ARM.exidx.text.xTimerPendFunctionCall), (8 bytes).
    Removing timers.o(.text.uxTimerGetTimerNumber), (4 bytes).
    Removing timers.o(.ARM.exidx.text.uxTimerGetTimerNumber), (8 bytes).
    Removing timers.o(.text.vTimerSetTimerNumber), (4 bytes).
    Removing timers.o(.ARM.exidx.text.vTimerSetTimerNumber), (8 bytes).
    Removing timers.o(.ARM.exidx.text.prvSampleTimeNow), (8 bytes).
    Removing fadd.o(.text), (178 bytes).
    Removing fdiv.o(.text), (124 bytes).
    Removing dadd.o(.text), (356 bytes).
    Removing dmul.o(.text), (208 bytes).
    Removing ddiv.o(.text), (240 bytes).
    Removing fflti.o(.text), (22 bytes).
    Removing ffixi.o(.text), (50 bytes).
    Removing f2d.o(.text), (40 bytes).
    Removing d2f.o(.text), (56 bytes).
    Removing fepilogue.o(.text), (130 bytes).
    Removing depilogue.o(.text), (190 bytes).
    Removing dscalb.o(.text), (44 bytes).
    Removing dsqrt.o(.text), (162 bytes).
    Removing dfixul.o(.text), (64 bytes).
    Removing cdrcmple.o(.text), (40 bytes).
    Removing dflti.o(.text), (40 bytes).
    Removing dfltui.o(.text), (28 bytes).
    Removing dfixi.o(.text), (72 bytes).
    Removing dfltul.o(.text), (28 bytes).
    Removing depilogue.o(i.__ARM_clz), (46 bytes).

1489 unused section(s) (total 64214 bytes) removed from the image.

==============================================================================

Image Symbol Table

    Local Symbols

    Symbol Name                              Value     Ov Type        Size  Object(Section)

    ../clib/division.s                       0x00000000   Number         0  aeabi_sdivfast.o ABSOLUTE
    ../clib/division.s                       0x00000000   Number         0  aeabi_sdivfast_div0.o ABSOLUTE
    ../clib/longlong.c                       0x00000000   Number         0  llmul.o ABSOLUTE
    ../clib/microlib/ctype/ctype.c           0x00000000   Number         0  isspace_c.o ABSOLUTE
    ../clib/microlib/ctype/ctype.c           0x00000000   Number         0  ctype_c.o ABSOLUTE
    ../clib/microlib/division.c              0x00000000   Number         0  uidiv.o ABSOLUTE
    ../clib/microlib/division.c              0x00000000   Number         0  uidiv_div0.o ABSOLUTE
    ../clib/microlib/division.c              0x00000000   Number         0  idiv_div0.o ABSOLUTE
    ../clib/microlib/division.c              0x00000000   Number         0  idiv0.o ABSOLUTE
    ../clib/microlib/division.c              0x00000000   Number         0  uldiv.o ABSOLUTE
    ../clib/microlib/errno.c                 0x00000000   Number         0  errno.o ABSOLUTE
    ../clib/microlib/init/entry.s            0x00000000   Number         0  entry.o ABSOLUTE
    ../clib/microlib/init/entry.s            0x00000000   Number         0  entry2.o ABSOLUTE
    ../clib/microlib/init/entry.s            0x00000000   Number         0  entry5.o ABSOLUTE
    ../clib/microlib/init/entry.s            0x00000000   Number         0  entry7a.o ABSOLUTE
    ../clib/microlib/init/entry.s            0x00000000   Number         0  entry7b.o ABSOLUTE
    ../clib/microlib/init/entry.s            0x00000000   Number         0  entry8a.o ABSOLUTE
    ../clib/microlib/init/entry.s            0x00000000   Number         0  entry8b.o ABSOLUTE
    ../clib/microlib/init/entry.s            0x00000000   Number         0  entry9a.o ABSOLUTE
    ../clib/microlib/init/entry.s            0x00000000   Number         0  entry9b.o ABSOLUTE
    ../clib/microlib/init/entry.s            0x00000000   Number         0  entry10a.o ABSOLUTE
    ../clib/microlib/init/entry.s            0x00000000   Number         0  entry10b.o ABSOLUTE
    ../clib/microlib/init/entry.s            0x00000000   Number         0  entry11a.o ABSOLUTE
    ../clib/microlib/init/entry.s            0x00000000   Number         0  entry11b.o ABSOLUTE
    ../clib/microlib/longlong.c              0x00000000   Number         0  llshl.o ABSOLUTE
    ../clib/microlib/longlong.c              0x00000000   Number         0  llsshr.o ABSOLUTE
    ../clib/microlib/longlong.c              0x00000000   Number         0  llushr.o ABSOLUTE
    ../clib/microlib/malloc/malloc.c         0x00000000   Number         0  malloc.o ABSOLUTE
    ../clib/microlib/malloc/malloc.c         0x00000000   Number         0  mallocr.o ABSOLUTE
    ../clib/microlib/malloc/malloc.c         0x00000000   Number         0  malloca.o ABSOLUTE
    ../clib/microlib/malloc/malloc.c         0x00000000   Number         0  mallocra.o ABSOLUTE
    ../clib/microlib/malloc/mvars.c          0x00000000   Number         0  mvars.o ABSOLUTE
    ../clib/microlib/printf/printf.c         0x00000000   Number         0  printfb.o ABSOLUTE
    ../clib/microlib/printf/printf.c         0x00000000   Number         0  printf0.o ABSOLUTE
    ../clib/microlib/printf/printf.c         0x00000000   Number         0  printf1.o ABSOLUTE
    ../clib/microlib/printf/printf.c         0x00000000   Number         0  printf2.o ABSOLUTE
    ../clib/microlib/printf/printf.c         0x00000000   Number         0  printf3.o ABSOLUTE
    ../clib/microlib/printf/printf.c         0x00000000   Number         0  printf4.o ABSOLUTE
    ../clib/microlib/printf/printf.c         0x00000000   Number         0  printf5.o ABSOLUTE
    ../clib/microlib/printf/printf.c         0x00000000   Number         0  printf6.o ABSOLUTE
    ../clib/microlib/printf/printf.c         0x00000000   Number         0  printf7.o ABSOLUTE
    ../clib/microlib/printf/printf.c         0x00000000   Number         0  printf8.o ABSOLUTE
    ../clib/microlib/printf/printf.c         0x00000000   Number         0  printfa.o ABSOLUTE
    ../clib/microlib/printf/stubs.s          0x00000000   Number         0  printfstubs.o ABSOLUTE
    ../clib/microlib/stdio/streams.c         0x00000000   Number         0  stdout.o ABSOLUTE
    ../clib/microlib/string/memcpy.c         0x00000000   Number         0  memcpya.o ABSOLUTE
    ../clib/microlib/string/memcpy.c         0x00000000   Number         0  memcpyb.o ABSOLUTE
    ../clib/microlib/string/memset.c         0x00000000   Number         0  memseta.o ABSOLUTE
    ../clib/microlib/string/strcmp.c         0x00000000   Number         0  strcmp.o ABSOLUTE
    ../clib/microlib/string/strcpy.c         0x00000000   Number         0  strcpy.o ABSOLUTE
    ../clib/microlib/string/strlen.c         0x00000000   Number         0  strlen.o ABSOLUTE
    ../clib/microlib/string/strstr.c         0x00000000   Number         0  strstr.o ABSOLUTE
    ../clib/microlib/string/strtok.c         0x00000000   Number         0  strtok.o ABSOLUTE
    ../clib/microlib/string/strtok.c         0x00000000   Number         0  strtok_r.o ABSOLUTE
    ../clib/microlib/stubs.s                 0x00000000   Number         0  iusefp.o ABSOLUTE
    ../clib/scanf.c                          0x00000000   Number         0  strtod.o ABSOLUTE
    ../clib/scanf.c                          0x00000000   Number         0  scanf_fp.o ABSOLUTE
    ../clib/scanf.c                          0x00000000   Number         0  _sgetc.o ABSOLUTE
    ../fplib/microlib/d2f.c                  0x00000000   Number         0  d2f.o ABSOLUTE
    ../fplib/microlib/f2d.c                  0x00000000   Number         0  f2d.o ABSOLUTE
    ../fplib/microlib/fpadd.c                0x00000000   Number         0  fadd.o ABSOLUTE
    ../fplib/microlib/fpadd.c                0x00000000   Number         0  dadd.o ABSOLUTE
    ../fplib/microlib/fpdiv.c                0x00000000   Number         0  fdiv.o ABSOLUTE
    ../fplib/microlib/fpdiv.c                0x00000000   Number         0  ddiv.o ABSOLUTE
    ../fplib/microlib/fpepilogue.c           0x00000000   Number         0  fepilogue.o ABSOLUTE
    ../fplib/microlib/fpepilogue.c           0x00000000   Number         0  depilogue.o ABSOLUTE
    ../fplib/microlib/fpfix.c                0x00000000   Number         0  ffixi.o ABSOLUTE
    ../fplib/microlib/fpfix.c                0x00000000   Number         0  dfixul.o ABSOLUTE
    ../fplib/microlib/fpfix.c                0x00000000   Number         0  dfixi.o ABSOLUTE
    ../fplib/microlib/fpflt.c                0x00000000   Number         0  fflti.o ABSOLUTE
    ../fplib/microlib/fpflt.c                0x00000000   Number         0  dflti.o ABSOLUTE
    ../fplib/microlib/fpflt.c                0x00000000   Number         0  dfltui.o ABSOLUTE
    ../fplib/microlib/fpflt.c                0x00000000   Number         0  dfltul.o ABSOLUTE
    ../fplib/microlib/fpmul.c                0x00000000   Number         0  dmul.o ABSOLUTE
    ../fplib/microlib/fpscalb.c              0x00000000   Number         0  dscalb.o ABSOLUTE
    ../fplib/microlib/fpsqrt.c               0x00000000   Number         0  dsqrt.o ABSOLUTE
    ../mathlib/asin.c                        0x00000000   Number         0  asin.o ABSOLUTE
    ../mathlib/atof.c                        0x00000000   Number         0  atof.o ABSOLUTE
    ../mathlib/cos.c                         0x00000000   Number         0  cos.o ABSOLUTE
    ../mathlib/cos_i.c                       0x00000000   Number         0  cos_i.o ABSOLUTE
    ../mathlib/dunder.c                      0x00000000   Number         0  dunder.o ABSOLUTE
    ../mathlib/fpclassify.c                  0x00000000   Number         0  fpclassify.o ABSOLUTE
    ../mathlib/poly.c                        0x00000000   Number         0  poly.o ABSOLUTE
    ../mathlib/rred.c                        0x00000000   Number         0  rred.o ABSOLUTE
    ../mathlib/sin.c                         0x00000000   Number         0  sin.o ABSOLUTE
    ../mathlib/sin_i.c                       0x00000000   Number         0  sin_i.o ABSOLUTE
    ../mathlib/sqrt.c                        0x00000000   Number         0  sqrt.o ABSOLUTE
    BC660K.c                                 0x00000000   Number         0  bc660k.o ABSOLUTE
    LC76F.c                                  0x00000000   Number         0  lc76f.o ABSOLUTE
    MC3416.c                                 0x00000000   Number         0  mc3416.o ABSOLUTE
    cdrcmple.s                               0x00000000   Number         0  cdrcmple.o ABSOLUTE
    dc.s                                     0x00000000   Number         0  dc.o ABSOLUTE
    ebi_lcd.c                                0x00000000   Number         0  ebi_lcd.o ABSOLUTE
    freertos_evr.c                           0x00000000   Number         0  freertos_evr.o ABSOLUTE
    handlers.s                               0x00000000   Number         0  handlers.o ABSOLUTE
    heap_4.c                                 0x00000000   Number         0  heap_4.o ABSOLUTE
    ht32_board.c                             0x00000000   Number         0  ht32_board.o ABSOLUTE
    ht32_cm0plus_misc.c                      0x00000000   Number         0  ht32_cm0plus_misc.o ABSOLUTE
    ht32_op.s                                0x00000000   Number         0  ht32_op.o ABSOLUTE
    ht32_retarget.c                          0x00000000   Number         0  ht32_retarget.o ABSOLUTE
    ht32_serial.c                            0x00000000   Number         0  ht32_serial.o ABSOLUTE
    ht32_usbd_core.c                         0x00000000   Number         0  ht32_usbd_core.o ABSOLUTE
    ht32f5xxxx_01_it.c                       0x00000000   Number         0  ht32f5xxxx_01_it.o ABSOLUTE
    ht32f5xxxx_adc.c                         0x00000000   Number         0  ht32f5xxxx_adc.o ABSOLUTE
    ht32f5xxxx_aes.c                         0x00000000   Number         0  ht32f5xxxx_aes.o ABSOLUTE
    ht32f5xxxx_bftm.c                        0x00000000   Number         0  ht32f5xxxx_bftm.o ABSOLUTE
    ht32f5xxxx_ckcu.c                        0x00000000   Number         0  ht32f5xxxx_ckcu.o ABSOLUTE
    ht32f5xxxx_cmp.c                         0x00000000   Number         0  ht32f5xxxx_cmp.o ABSOLUTE
    ht32f5xxxx_crc.c                         0x00000000   Number         0  ht32f5xxxx_crc.o ABSOLUTE
    ht32f5xxxx_dac.c                         0x00000000   Number         0  ht32f5xxxx_dac.o ABSOLUTE
    ht32f5xxxx_div.c                         0x00000000   Number         0  ht32f5xxxx_div.o ABSOLUTE
    ht32f5xxxx_ebi.c                         0x00000000   Number         0  ht32f5xxxx_ebi.o ABSOLUTE
    ht32f5xxxx_exti.c                        0x00000000   Number         0  ht32f5xxxx_exti.o ABSOLUTE
    ht32f5xxxx_flash.c                       0x00000000   Number         0  ht32f5xxxx_flash.o ABSOLUTE
    ht32f5xxxx_gpio.c                        0x00000000   Number         0  ht32f5xxxx_gpio.o ABSOLUTE
    ht32f5xxxx_i2c.c                         0x00000000   Number         0  ht32f5xxxx_i2c.o ABSOLUTE
    ht32f5xxxx_i2s.c                         0x00000000   Number         0  ht32f5xxxx_i2s.o ABSOLUTE
    ht32f5xxxx_mctm.c                        0x00000000   Number         0  ht32f5xxxx_mctm.o ABSOLUTE
    ht32f5xxxx_pdma.c                        0x00000000   Number         0  ht32f5xxxx_pdma.o ABSOLUTE
    ht32f5xxxx_pwrcu.c                       0x00000000   Number         0  ht32f5xxxx_pwrcu.o ABSOLUTE
    ht32f5xxxx_rstcu.c                       0x00000000   Number         0  ht32f5xxxx_rstcu.o ABSOLUTE
    ht32f5xxxx_rtc.c                         0x00000000   Number         0  ht32f5xxxx_rtc.o ABSOLUTE
    ht32f5xxxx_sci.c                         0x00000000   Number         0  ht32f5xxxx_sci.o ABSOLUTE
    ht32f5xxxx_spi.c                         0x00000000   Number         0  ht32f5xxxx_spi.o ABSOLUTE
    ht32f5xxxx_tm.c                          0x00000000   Number         0  ht32f5xxxx_tm.o ABSOLUTE
    ht32f5xxxx_usart.c                       0x00000000   Number         0  ht32f5xxxx_usart.o ABSOLUTE
    ht32f5xxxx_usbd.c                        0x00000000   Number         0  ht32f5xxxx_usbd.o ABSOLUTE
    ht32f5xxxx_wdt.c                         0x00000000   Number         0  ht32f5xxxx_wdt.o ABSOLUTE
    i2c_eeprom.c                             0x00000000   Number         0  i2c_eeprom.o ABSOLUTE
    init.s                                   0x00000000   Number         0  init.o ABSOLUTE
    list.c                                   0x00000000   Number         0  list.o ABSOLUTE
    main.c                                   0x00000000   Number         0  main.o ABSOLUTE
    port.c                                   0x00000000   Number         0  port.o ABSOLUTE
    queue.c                                  0x00000000   Number         0  queue.o ABSOLUTE
    spi_flash.c                              0x00000000   Number         0  spi_flash.o ABSOLUTE
    startup_ht32f5xxxx_03.s                  0x00000000   Number         0  startup_ht32f5xxxx_03.o ABSOLUTE
    system_ht32f5xxxx_03.c                   0x00000000   Number         0  system_ht32f5xxxx_03.o ABSOLUTE
    tasks.c                                  0x00000000   Number         0  tasks.o ABSOLUTE
    timers.c                                 0x00000000   Number         0  timers.o ABSOLUTE
    RESET                                    0x00000000   Section      356  startup_ht32f5xxxx_03.o(RESET)
    BootProcess                              0x000000cd   Thumb Code    94  startup_ht32f5xxxx_03.o(RESET)
    .ARM.Collect$$$$00000000                 0x00000164   Section        0  entry.o(.ARM.Collect$$$$00000000)
    .ARM.Collect$$$$00000001                 0x00000164   Section        4  entry2.o(.ARM.Collect$$$$00000001)
    .ARM.Collect$$$$00000004                 0x00000168   Section        4  entry5.o(.ARM.Collect$$$$00000004)
    .ARM.Collect$$$$00000008                 0x0000016c   Section        0  entry7b.o(.ARM.Collect$$$$00000008)
    .ARM.Collect$$$$0000000A                 0x0000016c   Section        0  entry8b.o(.ARM.Collect$$$$0000000A)
    .ARM.Collect$$$$0000000B                 0x0000016c   Section        8  entry9a.o(.ARM.Collect$$$$0000000B)
    __lit__00000000                          0x00000174   Data           4  entry2.o(.ARM.Collect$$$$00002712)
    .ARM.Collect$$$$0000000D                 0x00000174   Section        0  entry10a.o(.ARM.Collect$$$$0000000D)
    .ARM.Collect$$$$0000000F                 0x00000174   Section        0  entry11a.o(.ARM.Collect$$$$0000000F)
    .ARM.Collect$$$$00002712                 0x00000174   Section        4  entry2.o(.ARM.Collect$$$$00002712)
    .text                                    0x00000178   Section        0  llmul.o(.text)
    .text                                    0x000001a8   Section        0  memcpya.o(.text)
    .text                                    0x000001cc   Section        0  memseta.o(.text)
    .text                                    0x000001f0   Section        0  uidiv_div0.o(.text)
    .text                                    0x00000230   Section       36  init.o(.text)
    [Anonymous Symbol]                       0x00000254   Section        0  ht32f5xxxx_gpio.o(.text.AFIO_GPxConfig)
    __arm_cp.19_0                            0x000003cc   Number         4  ht32f5xxxx_gpio.o(.text.AFIO_GPxConfig)
    [Anonymous Symbol]                       0x000003d0   Section        0  ht32f5xxxx_ckcu.o(.text.CKCU_PeripClockConfig)
    __arm_cp.31_0                            0x00000404   Number         4  ht32f5xxxx_ckcu.o(.text.CKCU_PeripClockConfig)
    [Anonymous Symbol]                       0x00000408   Section        0  ht32f5xxxx_gpio.o(.text.GPIO_DirectionConfig)
    [Anonymous Symbol]                       0x0000041c   Section        0  ht32f5xxxx_gpio.o(.text.GPIO_DriveConfig)
    [Anonymous Symbol]                       0x000004f2   Section        0  ht32f5xxxx_gpio.o(.text.GPIO_PullResistorConfig)
    [Anonymous Symbol]                       0x00000518   Section        0  ht32_board.o(.text.HT32F_DVB_LEDInit)
    __arm_cp.0_1                             0x00000598   Number         4  ht32_board.o(.text.HT32F_DVB_LEDInit)
    [Anonymous Symbol]                       0x0000059c   Section        0  ht32_board.o(.text.HT32F_DVB_LEDOff)
    [Anonymous Symbol]                       0x000005b0   Section        0  ht32_board.o(.text.HT32F_DVB_LEDToggle)
    __arm_cp.3_0                             0x000005c8   Number         4  ht32_board.o(.text.HT32F_DVB_LEDToggle)
    __arm_cp.3_1                             0x000005cc   Number         4  ht32_board.o(.text.HT32F_DVB_LEDToggle)
    __arm_cp.3_2                             0x000005d0   Number         4  ht32_board.o(.text.HT32F_DVB_LEDToggle)
    [Anonymous Symbol]                       0x000005d4   Section        0  ht32f5xxxx_01_it.o(.text.HardFault_Handler)
    __arm_cp.1_0                             0x000005f0   Number         4  ht32f5xxxx_01_it.o(.text.HardFault_Handler)
    [Anonymous Symbol]                       0x000005f4   Section        0  ht32f5xxxx_01_it.o(.text.NMI_Handler)
    [Anonymous Symbol]                       0x00000600   Section        0  port.o(.text.PendSV_Handler)
    pxCurrentTCBConst                        0x00000640   Number         0  port.o(.text.PendSV_Handler)
    [Anonymous Symbol]                       0x00000644   Section        0  port.o(.text.SVC_Handler)
    [Anonymous Symbol]                       0x00000648   Section        0  port.o(.text.SysTick_Handler)
    __arm_cp.13_0                            0x00000668   Number         4  port.o(.text.SysTick_Handler)
    [Anonymous Symbol]                       0x0000066c   Section        0  system_ht32f5xxxx_03.o(.text.SystemCoreClockUpdate)
    __arm_cp.1_0                             0x000006e8   Number         4  system_ht32f5xxxx_03.o(.text.SystemCoreClockUpdate)
    __arm_cp.1_1                             0x000006ec   Number         4  system_ht32f5xxxx_03.o(.text.SystemCoreClockUpdate)
    __arm_cp.1_2                             0x000006f0   Number         4  system_ht32f5xxxx_03.o(.text.SystemCoreClockUpdate)
    [Anonymous Symbol]                       0x000006f4   Section        0  system_ht32f5xxxx_03.o(.text.SystemInit)
    __arm_cp.0_0                             0x00000860   Number         4  system_ht32f5xxxx_03.o(.text.SystemInit)
    __arm_cp.0_1                             0x00000864   Number         4  system_ht32f5xxxx_03.o(.text.SystemInit)
    __arm_cp.0_2                             0x00000868   Number         4  system_ht32f5xxxx_03.o(.text.SystemInit)
    __arm_cp.0_3                             0x0000086c   Number         4  system_ht32f5xxxx_03.o(.text.SystemInit)
    [Anonymous Symbol]                       0x00000870   Section        0  tasks.o(.text.eTaskConfirmSleepModeStatus)
    __arm_cp.40_0                            0x000008a4   Number         4  tasks.o(.text.eTaskConfirmSleepModeStatus)
    __arm_cp.40_1                            0x000008a8   Number         4  tasks.o(.text.eTaskConfirmSleepModeStatus)
    __arm_cp.40_2                            0x000008ac   Number         4  tasks.o(.text.eTaskConfirmSleepModeStatus)
    [Anonymous Symbol]                       0x000008b0   Section        0  main.o(.text.main)
    __arm_cp.6_0                             0x00000928   Number         4  main.o(.text.main)
    __arm_cp.6_2                             0x00000934   Number         4  main.o(.text.main)
    __arm_cp.6_4                             0x00000940   Number         4  main.o(.text.main)
    __arm_cp.6_6                             0x0000094c   Number         4  main.o(.text.main)
    prvAddCurrentTaskToDelayedList           0x00000959   Thumb Code   132  tasks.o(.text.prvAddCurrentTaskToDelayedList)
    [Anonymous Symbol]                       0x00000958   Section        0  tasks.o(.text.prvAddCurrentTaskToDelayedList)
    __arm_cp.4_2                             0x000009dc   Number         4  tasks.o(.text.prvAddCurrentTaskToDelayedList)
    __arm_cp.4_4                             0x000009e0   Number         4  tasks.o(.text.prvAddCurrentTaskToDelayedList)
    __arm_cp.4_5                             0x000009e4   Number         4  tasks.o(.text.prvAddCurrentTaskToDelayedList)
    prvIdleTask                              0x000009e9   Thumb Code   204  tasks.o(.text.prvIdleTask)
    [Anonymous Symbol]                       0x000009e8   Section        0  tasks.o(.text.prvIdleTask)
    __arm_cp.16_0                            0x00000ab4   Number         4  tasks.o(.text.prvIdleTask)
    __arm_cp.16_1                            0x00000ab8   Number         4  tasks.o(.text.prvIdleTask)
    __arm_cp.16_2                            0x00000abc   Number         4  tasks.o(.text.prvIdleTask)
    __arm_cp.16_3                            0x00000ac0   Number         4  tasks.o(.text.prvIdleTask)
    __arm_cp.16_4                            0x00000ac4   Number         4  tasks.o(.text.prvIdleTask)
    __arm_cp.16_5                            0x00000ac8   Number         4  tasks.o(.text.prvIdleTask)
    __arm_cp.16_6                            0x00000acc   Number         4  tasks.o(.text.prvIdleTask)
    __arm_cp.16_7                            0x00000ad0   Number         4  tasks.o(.text.prvIdleTask)
    __arm_cp.16_8                            0x00000ad4   Number         4  tasks.o(.text.prvIdleTask)
    prvNotifyQueueSetContainer               0x00000ad9   Thumb Code   166  queue.o(.text.prvNotifyQueueSetContainer)
    [Anonymous Symbol]                       0x00000ad8   Section        0  queue.o(.text.prvNotifyQueueSetContainer)
    prvSampleTimeNow                         0x00000b81   Thumb Code   148  timers.o(.text.prvSampleTimeNow)
    [Anonymous Symbol]                       0x00000b80   Section        0  timers.o(.text.prvSampleTimeNow)
    __arm_cp.18_0                            0x00000c14   Number         4  timers.o(.text.prvSampleTimeNow)
    prvTaskExitError                         0x00000c19   Thumb Code    48  port.o(.text.prvTaskExitError)
    [Anonymous Symbol]                       0x00000c18   Section        0  port.o(.text.prvTaskExitError)
    __arm_cp.1_0                             0x00000c48   Number         4  port.o(.text.prvTaskExitError)
    prvTimerTask                             0x00000c4d   Thumb Code   500  timers.o(.text.prvTimerTask)
    [Anonymous Symbol]                       0x00000c4c   Section        0  timers.o(.text.prvTimerTask)
    __arm_cp.1_0                             0x00000e40   Number         4  timers.o(.text.prvTimerTask)
    __arm_cp.1_1                             0x00000e44   Number         4  timers.o(.text.prvTimerTask)
    __arm_cp.1_2                             0x00000e48   Number         4  timers.o(.text.prvTimerTask)
    prvUnlockQueue                           0x00000e4d   Thumb Code   144  queue.o(.text.prvUnlockQueue)
    [Anonymous Symbol]                       0x00000e4c   Section        0  queue.o(.text.prvUnlockQueue)
    [Anonymous Symbol]                       0x00000edc   Section        0  heap_4.o(.text.pvPortMalloc)
    __arm_cp.0_2                             0x00001038   Number         4  heap_4.o(.text.pvPortMalloc)
    __arm_cp.0_3                             0x0000103c   Number         4  heap_4.o(.text.pvPortMalloc)
    __arm_cp.0_5                             0x00001040   Number         4  heap_4.o(.text.pvPortMalloc)
    [Anonymous Symbol]                       0x00001044   Section        0  port.o(.text.pxPortInitialiseStack)
    __arm_cp.0_0                             0x00001064   Number         4  port.o(.text.pxPortInitialiseStack)
    [Anonymous Symbol]                       0x00001068   Section        0  main.o(.text.task_1)
    [Anonymous Symbol]                       0x00001076   Section        0  main.o(.text.task_2)
    [Anonymous Symbol]                       0x00001086   Section        0  main.o(.text.task_3)
    [Anonymous Symbol]                       0x0000108e   Section        0  main.o(.text.task_4)
    [Anonymous Symbol]                       0x00001096   Section        0  port.o(.text.ulSetInterruptMaskFromISR)
    [Anonymous Symbol]                       0x0000109e   Section        0  list.o(.text.uxListRemove)
    [Anonymous Symbol]                       0x000010c0   Section        0  tasks.o(.text.uxTaskGetNumberOfTasks)
    __arm_cp.21_0                            0x000010c8   Number         4  tasks.o(.text.uxTaskGetNumberOfTasks)
    [Anonymous Symbol]                       0x000010cc   Section        0  port.o(.text.vClearInterruptMaskFromISR)
    [Anonymous Symbol]                       0x000010d2   Section        0  list.o(.text.vListInitialise)
    [Anonymous Symbol]                       0x000010e6   Section        0  list.o(.text.vListInitialiseItem)
    [Anonymous Symbol]                       0x000010ec   Section        0  list.o(.text.vListInsert)
    [Anonymous Symbol]                       0x00001128   Section        0  port.o(.text.vPortEnterCritical)
    [Anonymous Symbol]                       0x0000113c   Section        0  port.o(.text.vPortExitCritical)
    __arm_cp.9_0                             0x00001154   Number         4  port.o(.text.vPortExitCritical)
    [Anonymous Symbol]                       0x00001158   Section        0  heap_4.o(.text.vPortFree)
    __arm_cp.1_0                             0x000011e0   Number         4  heap_4.o(.text.vPortFree)
    __arm_cp.1_1                             0x000011e4   Number         4  heap_4.o(.text.vPortFree)
    __arm_cp.1_2                             0x000011e8   Number         4  heap_4.o(.text.vPortFree)
    __arm_cp.1_3                             0x000011ec   Number         4  heap_4.o(.text.vPortFree)
    [Anonymous Symbol]                       0x000011f0   Section        0  port.o(.text.vPortSetupTimerInterrupt)
    __arm_cp.4_1                             0x00001230   Number         4  port.o(.text.vPortSetupTimerInterrupt)
    __arm_cp.4_3                             0x00001234   Number         4  port.o(.text.vPortSetupTimerInterrupt)
    vPortStartFirstTask                      0x00001241   Thumb Code    52  port.o(.text.vPortStartFirstTask)
    [Anonymous Symbol]                       0x00001240   Section        0  port.o(.text.vPortStartFirstTask)
    pxCurrentTCBConst2                       0x00001270   Number         0  port.o(.text.vPortStartFirstTask)
    [Anonymous Symbol]                       0x00001274   Section        0  port.o(.text.vPortSuppressTicksAndSleep)
    __arm_cp.14_0                            0x00001368   Number         4  port.o(.text.vPortSuppressTicksAndSleep)
    __arm_cp.14_1                            0x0000136c   Number         4  port.o(.text.vPortSuppressTicksAndSleep)
    __arm_cp.14_2                            0x00001370   Number         4  port.o(.text.vPortSuppressTicksAndSleep)
    __arm_cp.14_4                            0x00001374   Number         4  port.o(.text.vPortSuppressTicksAndSleep)
    [Anonymous Symbol]                       0x00001378   Section        0  port.o(.text.vPortYield)
    __arm_cp.7_0                             0x0000138c   Number         4  port.o(.text.vPortYield)
    [Anonymous Symbol]                       0x00001390   Section        0  queue.o(.text.vQueueWaitForMessageRestricted)
    [Anonymous Symbol]                       0x000013d4   Section        0  tasks.o(.text.vTaskDelay)
    __arm_cp.6_3                             0x00001440   Number         4  tasks.o(.text.vTaskDelay)
    __arm_cp.6_5                             0x00001444   Number         4  tasks.o(.text.vTaskDelay)
    [Anonymous Symbol]                       0x00001448   Section        0  tasks.o(.text.vTaskInternalSetTimeOutState)
    __arm_cp.35_0                            0x00001458   Number         4  tasks.o(.text.vTaskInternalSetTimeOutState)
    [Anonymous Symbol]                       0x0000145c   Section        0  tasks.o(.text.vTaskMissedYield)
    [Anonymous Symbol]                       0x00001464   Section        0  tasks.o(.text.vTaskPlaceOnEventList)
    [Anonymous Symbol]                       0x00001484   Section        0  tasks.o(.text.vTaskPlaceOnEventListRestricted)
    [Anonymous Symbol]                       0x000014cc   Section        0  tasks.o(.text.vTaskStartScheduler)
    __arm_cp.15_0                            0x00001518   Number         4  tasks.o(.text.vTaskStartScheduler)
    __arm_cp.15_1                            0x0000151c   Number         4  tasks.o(.text.vTaskStartScheduler)
    __arm_cp.15_4                            0x00001528   Number         4  tasks.o(.text.vTaskStartScheduler)
    __arm_cp.15_6                            0x0000152c   Number         4  tasks.o(.text.vTaskStartScheduler)
    [Anonymous Symbol]                       0x00001530   Section        0  tasks.o(.text.vTaskStepTick)
    __arm_cp.26_0                            0x00001580   Number         4  tasks.o(.text.vTaskStepTick)
    __arm_cp.26_1                            0x00001584   Number         4  tasks.o(.text.vTaskStepTick)
    __arm_cp.26_3                            0x00001588   Number         4  tasks.o(.text.vTaskStepTick)
    [Anonymous Symbol]                       0x0000158c   Section        0  tasks.o(.text.vTaskSuspendAll)
    __tagsym$$used.0                         0x00001598   Number         0  tasks.o(.text.vTaskSwitchContext)
    [Anonymous Symbol]                       0x00001598   Section        0  tasks.o(.text.vTaskSwitchContext)
    __arm_cp.12_0                            0x00001628   Number         4  tasks.o(.text.vTaskSwitchContext)
    __arm_cp.12_1                            0x0000162c   Number         4  tasks.o(.text.vTaskSwitchContext)
    __arm_cp.12_2                            0x00001630   Number         4  tasks.o(.text.vTaskSwitchContext)
    __arm_cp.12_3                            0x00001634   Number         4  tasks.o(.text.vTaskSwitchContext)
    __arm_cp.12_4                            0x00001638   Number         4  tasks.o(.text.vTaskSwitchContext)
    [Anonymous Symbol]                       0x0000163c   Section        0  port.o(.text.xPortStartScheduler)
    __arm_cp.3_0                             0x00001690   Number         4  port.o(.text.xPortStartScheduler)
    __arm_cp.3_1                             0x00001694   Number         4  port.o(.text.xPortStartScheduler)
    [Anonymous Symbol]                       0x00001698   Section        0  queue.o(.text.xQueueGenericCreate)
    [Anonymous Symbol]                       0x00001730   Section        0  queue.o(.text.xQueueReceive)
    [Anonymous Symbol]                       0x00001860   Section        0  tasks.o(.text.xTaskCheckForTimeOut)
    __arm_cp.36_0                            0x000018e4   Number         4  tasks.o(.text.xTaskCheckForTimeOut)
    __arm_cp.36_1                            0x000018e8   Number         4  tasks.o(.text.xTaskCheckForTimeOut)
    [Anonymous Symbol]                       0x000018ec   Section        0  tasks.o(.text.xTaskCreate)
    __arm_cp.0_0                             0x00001ac8   Number         4  tasks.o(.text.xTaskCreate)
    __arm_cp.0_1                             0x00001acc   Number         4  tasks.o(.text.xTaskCreate)
    __arm_cp.0_4                             0x00001ad0   Number         4  tasks.o(.text.xTaskCreate)
    __arm_cp.0_5                             0x00001ad4   Number         4  tasks.o(.text.xTaskCreate)
    __arm_cp.0_7                             0x00001ad8   Number         4  tasks.o(.text.xTaskCreate)
    __arm_cp.0_8                             0x00001adc   Number         4  tasks.o(.text.xTaskCreate)
    __arm_cp.0_11                            0x00001ae0   Number         4  tasks.o(.text.xTaskCreate)
    [Anonymous Symbol]                       0x00001ae4   Section        0  tasks.o(.text.xTaskGetSchedulerState)
    __arm_cp.45_0                            0x00001afc   Number         4  tasks.o(.text.xTaskGetSchedulerState)
    [Anonymous Symbol]                       0x00001b00   Section        0  tasks.o(.text.xTaskGetTickCount)
    __arm_cp.19_0                            0x00001b08   Number         4  tasks.o(.text.xTaskGetTickCount)
    [Anonymous Symbol]                       0x00001b0c   Section        0  tasks.o(.text.xTaskIncrementTick)
    __arm_cp.18_1                            0x00001c50   Number         4  tasks.o(.text.xTaskIncrementTick)
    __arm_cp.18_2                            0x00001c54   Number         4  tasks.o(.text.xTaskIncrementTick)
    __arm_cp.18_4                            0x00001c58   Number         4  tasks.o(.text.xTaskIncrementTick)
    __arm_cp.18_5                            0x00001c5c   Number         4  tasks.o(.text.xTaskIncrementTick)
    [Anonymous Symbol]                       0x00001c60   Section        0  tasks.o(.text.xTaskPriorityDisinherit)
    __arm_cp.47_0                            0x00001cd0   Number         4  tasks.o(.text.xTaskPriorityDisinherit)
    [Anonymous Symbol]                       0x00001cd4   Section        0  tasks.o(.text.xTaskRemoveFromEventList)
    __arm_cp.32_0                            0x00001d9c   Number         4  tasks.o(.text.xTaskRemoveFromEventList)
    __arm_cp.32_1                            0x00001da0   Number         4  tasks.o(.text.xTaskRemoveFromEventList)
    __arm_cp.32_2                            0x00001da4   Number         4  tasks.o(.text.xTaskRemoveFromEventList)
    __arm_cp.32_3                            0x00001da8   Number         4  tasks.o(.text.xTaskRemoveFromEventList)
    __arm_cp.32_4                            0x00001dac   Number         4  tasks.o(.text.xTaskRemoveFromEventList)
    __arm_cp.32_6                            0x00001db0   Number         4  tasks.o(.text.xTaskRemoveFromEventList)
    [Anonymous Symbol]                       0x00001db4   Section        0  tasks.o(.text.xTaskResumeAll)
    __arm_cp.5_0                             0x00001ecc   Number         4  tasks.o(.text.xTaskResumeAll)
    __arm_cp.5_1                             0x00001ed0   Number         4  tasks.o(.text.xTaskResumeAll)
    __arm_cp.5_2                             0x00001ed4   Number         4  tasks.o(.text.xTaskResumeAll)
    __arm_cp.5_3                             0x00001ed8   Number         4  tasks.o(.text.xTaskResumeAll)
    __arm_cp.5_4                             0x00001edc   Number         4  tasks.o(.text.xTaskResumeAll)
    __arm_cp.5_5                             0x00001ee0   Number         4  tasks.o(.text.xTaskResumeAll)
    __arm_cp.5_6                             0x00001ee4   Number         4  tasks.o(.text.xTaskResumeAll)
    __arm_cp.5_7                             0x00001ee8   Number         4  tasks.o(.text.xTaskResumeAll)
    __arm_cp.5_8                             0x00001eec   Number         4  tasks.o(.text.xTaskResumeAll)
    __arm_cp.5_9                             0x00001ef0   Number         4  tasks.o(.text.xTaskResumeAll)
    [Anonymous Symbol]                       0x00001ef4   Section        0  timers.o(.text.xTimerCreateTimerTask)
    __arm_cp.0_0                             0x00001f54   Number         4  timers.o(.text.xTimerCreateTimerTask)
    __arm_cp.0_1                             0x00001f58   Number         4  timers.o(.text.xTimerCreateTimerTask)
    __arm_cp.0_2                             0x00001f5c   Number         4  timers.o(.text.xTimerCreateTimerTask)
    __arm_cp.0_3                             0x00001f60   Number         4  timers.o(.text.xTimerCreateTimerTask)
    __arm_cp.0_4                             0x00001f64   Number         4  timers.o(.text.xTimerCreateTimerTask)
    __arm_cp.0_5                             0x00001f68   Number         4  timers.o(.text.xTimerCreateTimerTask)
    __arm_cp.0_6                             0x00001f6c   Number         4  timers.o(.text.xTimerCreateTimerTask)
    i.__scatterload_copy                     0x00001f78   Section       14  handlers.o(i.__scatterload_copy)
    i.__scatterload_null                     0x00001f86   Section        2  handlers.o(i.__scatterload_null)
    i.__scatterload_zeroinit                 0x00001f88   Section       14  handlers.o(i.__scatterload_zeroinit)
    uxCriticalNesting                        0x20000004   Data           4  port.o(.data.uxCriticalNesting)
    [Anonymous Symbol]                       0x20000004   Section        0  port.o(.data.uxCriticalNesting)
    HardFault_Handler.gIsContinue            0x20000008   Data           4  ht32f5xxxx_01_it.o(.bss.HardFault_Handler.gIsContinue)
    [Anonymous Symbol]                       0x20000008   Section        0  ht32f5xxxx_01_it.o(.bss.HardFault_Handler.gIsContinue)
    prvSampleTimeNow.xLastTime               0x2000000c   Data           4  timers.o(.bss.prvSampleTimeNow.xLastTime)
    [Anonymous Symbol]                       0x2000000c   Section        0  timers.o(.bss.prvSampleTimeNow.xLastTime)
    __tagsym$$used.1                         0x20000010   Number         0  tasks.o(.bss.pxCurrentTCB)
    pxCurrentTimerList                       0x20000014   Data           4  timers.o(.bss.pxCurrentTimerList)
    [Anonymous Symbol]                       0x20000014   Section        0  timers.o(.bss.pxCurrentTimerList)
    pxDelayedTaskList                        0x20000018   Data           4  tasks.o(.bss.pxDelayedTaskList)
    [Anonymous Symbol]                       0x20000018   Section        0  tasks.o(.bss.pxDelayedTaskList)
    pxEnd                                    0x2000001c   Data           4  heap_4.o(.bss.pxEnd)
    [Anonymous Symbol]                       0x2000001c   Section        0  heap_4.o(.bss.pxEnd)
    pxOverflowDelayedTaskList                0x20000020   Data           4  tasks.o(.bss.pxOverflowDelayedTaskList)
    [Anonymous Symbol]                       0x20000020   Section        0  tasks.o(.bss.pxOverflowDelayedTaskList)
    pxOverflowTimerList                      0x20000024   Data           4  timers.o(.bss.pxOverflowTimerList)
    [Anonymous Symbol]                       0x20000024   Section        0  timers.o(.bss.pxOverflowTimerList)
    pxReadyTasksLists                        0x20000028   Data         100  tasks.o(.bss.pxReadyTasksLists)
    [Anonymous Symbol]                       0x20000028   Section        0  tasks.o(.bss.pxReadyTasksLists)
    ucHeap                                   0x2000008c   Data        8192  heap_4.o(.bss.ucHeap)
    [Anonymous Symbol]                       0x2000008c   Section        0  heap_4.o(.bss.ucHeap)
    ulStoppedTimerCompensation               0x2000208c   Data           1  port.o(.bss.ulStoppedTimerCompensation)
    [Anonymous Symbol]                       0x2000208c   Section        0  port.o(.bss.ulStoppedTimerCompensation)
    ulTimerCountsForOneTick                  0x20002090   Data           4  port.o(.bss.ulTimerCountsForOneTick)
    [Anonymous Symbol]                       0x20002090   Section        0  port.o(.bss.ulTimerCountsForOneTick)
    uxCurrentNumberOfTasks                   0x20002094   Data           4  tasks.o(.bss.uxCurrentNumberOfTasks)
    [Anonymous Symbol]                       0x20002094   Section        0  tasks.o(.bss.uxCurrentNumberOfTasks)
    uxDeletedTasksWaitingCleanUp             0x20002098   Data           4  tasks.o(.bss.uxDeletedTasksWaitingCleanUp)
    [Anonymous Symbol]                       0x20002098   Section        0  tasks.o(.bss.uxDeletedTasksWaitingCleanUp)
    uxSchedulerSuspended                     0x2000209c   Data           4  tasks.o(.bss.uxSchedulerSuspended)
    [Anonymous Symbol]                       0x2000209c   Section        0  tasks.o(.bss.uxSchedulerSuspended)
    uxTaskNumber                             0x200020a0   Data           4  tasks.o(.bss.uxTaskNumber)
    [Anonymous Symbol]                       0x200020a0   Section        0  tasks.o(.bss.uxTaskNumber)
    uxTopReadyPriority                       0x200020a4   Data           4  tasks.o(.bss.uxTopReadyPriority)
    [Anonymous Symbol]                       0x200020a4   Section        0  tasks.o(.bss.uxTopReadyPriority)
    xActiveTimerList1                        0x200020a8   Data          20  timers.o(.bss.xActiveTimerList1)
    [Anonymous Symbol]                       0x200020a8   Section        0  timers.o(.bss.xActiveTimerList1)
    xActiveTimerList2                        0x200020bc   Data          20  timers.o(.bss.xActiveTimerList2)
    [Anonymous Symbol]                       0x200020bc   Section        0  timers.o(.bss.xActiveTimerList2)
    xDelayedTaskList1                        0x200020d0   Data          20  tasks.o(.bss.xDelayedTaskList1)
    [Anonymous Symbol]                       0x200020d0   Section        0  tasks.o(.bss.xDelayedTaskList1)
    xDelayedTaskList2                        0x200020e4   Data          20  tasks.o(.bss.xDelayedTaskList2)
    [Anonymous Symbol]                       0x200020e4   Section        0  tasks.o(.bss.xDelayedTaskList2)
    xFreeBytesRemaining                      0x200020f8   Data           4  heap_4.o(.bss.xFreeBytesRemaining)
    [Anonymous Symbol]                       0x200020f8   Section        0  heap_4.o(.bss.xFreeBytesRemaining)
    xIdleTaskHandle                          0x200020fc   Data           4  tasks.o(.bss.xIdleTaskHandle)
    [Anonymous Symbol]                       0x200020fc   Section        0  tasks.o(.bss.xIdleTaskHandle)
    xMaximumPossibleSuppressedTicks          0x20002100   Data           4  port.o(.bss.xMaximumPossibleSuppressedTicks)
    [Anonymous Symbol]                       0x20002100   Section        0  port.o(.bss.xMaximumPossibleSuppressedTicks)
    xMinimumEverFreeBytesRemaining           0x20002104   Data           4  heap_4.o(.bss.xMinimumEverFreeBytesRemaining)
    [Anonymous Symbol]                       0x20002104   Section        0  heap_4.o(.bss.xMinimumEverFreeBytesRemaining)
    xNextTaskUnblockTime                     0x20002108   Data           4  tasks.o(.bss.xNextTaskUnblockTime)
    [Anonymous Symbol]                       0x20002108   Section        0  tasks.o(.bss.xNextTaskUnblockTime)
    xNumOfOverflows                          0x2000210c   Data           4  tasks.o(.bss.xNumOfOverflows)
    [Anonymous Symbol]                       0x2000210c   Section        0  tasks.o(.bss.xNumOfOverflows)
    xNumberOfSuccessfulAllocations           0x20002110   Data           4  heap_4.o(.bss.xNumberOfSuccessfulAllocations)
    [Anonymous Symbol]                       0x20002110   Section        0  heap_4.o(.bss.xNumberOfSuccessfulAllocations)
    xNumberOfSuccessfulFrees                 0x20002114   Data           4  heap_4.o(.bss.xNumberOfSuccessfulFrees)
    [Anonymous Symbol]                       0x20002114   Section        0  heap_4.o(.bss.xNumberOfSuccessfulFrees)
    xPendedTicks                             0x20002118   Data           4  tasks.o(.bss.xPendedTicks)
    [Anonymous Symbol]                       0x20002118   Section        0  tasks.o(.bss.xPendedTicks)
    xPendingReadyList                        0x2000211c   Data          20  tasks.o(.bss.xPendingReadyList)
    [Anonymous Symbol]                       0x2000211c   Section        0  tasks.o(.bss.xPendingReadyList)
    xSchedulerRunning                        0x20002130   Data           4  tasks.o(.bss.xSchedulerRunning)
    [Anonymous Symbol]                       0x20002130   Section        0  tasks.o(.bss.xSchedulerRunning)
    xStart                                   0x20002134   Data           8  heap_4.o(.bss.xStart)
    [Anonymous Symbol]                       0x20002134   Section        0  heap_4.o(.bss.xStart)
    xSuspendedTaskList                       0x2000213c   Data          20  tasks.o(.bss.xSuspendedTaskList)
    [Anonymous Symbol]                       0x2000213c   Section        0  tasks.o(.bss.xSuspendedTaskList)
    xTasksWaitingTermination                 0x20002150   Data          20  tasks.o(.bss.xTasksWaitingTermination)
    [Anonymous Symbol]                       0x20002150   Section        0  tasks.o(.bss.xTasksWaitingTermination)
    xTickCount                               0x20002164   Data           4  tasks.o(.bss.xTickCount)
    [Anonymous Symbol]                       0x20002164   Section        0  tasks.o(.bss.xTickCount)
    xTimerQueue                              0x20002168   Data           4  timers.o(.bss.xTimerQueue)
    [Anonymous Symbol]                       0x20002168   Section        0  timers.o(.bss.xTimerQueue)
    xTimerTaskHandle                         0x2000216c   Data           4  timers.o(.bss.xTimerTaskHandle)
    [Anonymous Symbol]                       0x2000216c   Section        0  timers.o(.bss.xTimerTaskHandle)
    xYieldPending                            0x20002170   Data           4  tasks.o(.bss.xYieldPending)
    [Anonymous Symbol]                       0x20002170   Section        0  tasks.o(.bss.xYieldPending)
    STACK                                    0x20002178   Section      512  startup_ht32f5xxxx_03.o(STACK)

    Global Symbols

    Symbol Name                              Value     Ov Type        Size  Object(Section)

    BuildAttributes$$THM_ISAv3M$S$PE$A:L22$X:L11$S22$IEEE1$IW$~IW$USESV6$~STKCKD$USESV7$~SHL$OTIME$ROPI$IEEEX$EBA8$MICROLIB$REQ8$PRES8$EABIv2 0x00000000   Number         0  anon$$obj.o ABSOLUTE
    __Vectors                                0x00000000   Data           0  startup_ht32f5xxxx_03.o(RESET)
    _printf_a                                0x00000000   Number         0  printfstubs.o ABSOLUTE
    _printf_c                                0x00000000   Number         0  printfstubs.o ABSOLUTE
    _printf_charcount                        0x00000000   Number         0  printfstubs.o ABSOLUTE
    _printf_d                                0x00000000   Number         0  printfstubs.o ABSOLUTE
    _printf_e                                0x00000000   Number         0  printfstubs.o ABSOLUTE
    _printf_f                                0x00000000   Number         0  printfstubs.o ABSOLUTE
    _printf_flags                            0x00000000   Number         0  printfstubs.o ABSOLUTE
    _printf_fp_dec                           0x00000000   Number         0  printfstubs.o ABSOLUTE
    _printf_fp_hex                           0x00000000   Number         0  printfstubs.o ABSOLUTE
    _printf_g                                0x00000000   Number         0  printfstubs.o ABSOLUTE
    _printf_i                                0x00000000   Number         0  printfstubs.o ABSOLUTE
    _printf_int_dec                          0x00000000   Number         0  printfstubs.o ABSOLUTE
    _printf_l                                0x00000000   Number         0  printfstubs.o ABSOLUTE
    _printf_lc                               0x00000000   Number         0  printfstubs.o ABSOLUTE
    _printf_ll                               0x00000000   Number         0  printfstubs.o ABSOLUTE
    _printf_lld                              0x00000000   Number         0  printfstubs.o ABSOLUTE
    _printf_lli                              0x00000000   Number         0  printfstubs.o ABSOLUTE
    _printf_llo                              0x00000000   Number         0  printfstubs.o ABSOLUTE
    _printf_llu                              0x00000000   Number         0  printfstubs.o ABSOLUTE
    _printf_llx                              0x00000000   Number         0  printfstubs.o ABSOLUTE
    _printf_longlong_dec                     0x00000000   Number         0  printfstubs.o ABSOLUTE
    _printf_longlong_hex                     0x00000000   Number         0  printfstubs.o ABSOLUTE
    _printf_longlong_oct                     0x00000000   Number         0  printfstubs.o ABSOLUTE
    _printf_ls                               0x00000000   Number         0  printfstubs.o ABSOLUTE
    _printf_mbtowc                           0x00000000   Number         0  printfstubs.o ABSOLUTE
    _printf_n                                0x00000000   Number         0  printfstubs.o ABSOLUTE
    _printf_o                                0x00000000   Number         0  printfstubs.o ABSOLUTE
    _printf_p                                0x00000000   Number         0  printfstubs.o ABSOLUTE
    _printf_percent                          0x00000000   Number         0  printfstubs.o ABSOLUTE
    _printf_pre_padding                      0x00000000   Number         0  printfstubs.o ABSOLUTE
    _printf_return_value                     0x00000000   Number         0  printfstubs.o ABSOLUTE
    _printf_s                                0x00000000   Number         0  printfstubs.o ABSOLUTE
    _printf_sizespec                         0x00000000   Number         0  printfstubs.o ABSOLUTE
    _printf_str                              0x00000000   Number         0  printfstubs.o ABSOLUTE
    _printf_truncate_signed                  0x00000000   Number         0  printfstubs.o ABSOLUTE
    _printf_truncate_unsigned                0x00000000   Number         0  printfstubs.o ABSOLUTE
    _printf_u                                0x00000000   Number         0  printfstubs.o ABSOLUTE
    _printf_wc                               0x00000000   Number         0  printfstubs.o ABSOLUTE
    _printf_wctomb                           0x00000000   Number         0  printfstubs.o ABSOLUTE
    _printf_widthprec                        0x00000000   Number         0  printfstubs.o ABSOLUTE
    _printf_x                                0x00000000   Number         0  printfstubs.o ABSOLUTE
    __cpp_initialize__aeabi_                  - Undefined Weak Reference
    __cxa_finalize                            - Undefined Weak Reference
    __decompress                              - Undefined Weak Reference
    _clock_init                               - Undefined Weak Reference
    _microlib_exit                            - Undefined Weak Reference
    Reset_Handler                            0x000000c1   Thumb Code    12  startup_ht32f5xxxx_03.o(RESET)
    ADC_IRQHandler                           0x00000135   Thumb Code     0  startup_ht32f5xxxx_03.o(RESET)
    AES_IRQHandler                           0x00000135   Thumb Code     0  startup_ht32f5xxxx_03.o(RESET)
    BFTM0_IRQHandler                         0x00000135   Thumb Code     0  startup_ht32f5xxxx_03.o(RESET)
    BFTM1_IRQHandler                         0x00000135   Thumb Code     0  startup_ht32f5xxxx_03.o(RESET)
    COMP_DAC_IRQHandler                      0x00000135   Thumb Code     0  startup_ht32f5xxxx_03.o(RESET)
    COMP_IRQHandler                          0x00000135   Thumb Code     0  startup_ht32f5xxxx_03.o(RESET)
    EVWUP_IRQHandler                         0x00000135   Thumb Code     0  startup_ht32f5xxxx_03.o(RESET)
    EXTI0_1_IRQHandler                       0x00000135   Thumb Code     0  startup_ht32f5xxxx_03.o(RESET)
    EXTI2_3_IRQHandler                       0x00000135   Thumb Code     0  startup_ht32f5xxxx_03.o(RESET)
    EXTI4_15_IRQHandler                      0x00000135   Thumb Code     0  startup_ht32f5xxxx_03.o(RESET)
    FLASH_IRQHandler                         0x00000135   Thumb Code     0  startup_ht32f5xxxx_03.o(RESET)
    GPTM0_IRQHandler                         0x00000135   Thumb Code     0  startup_ht32f5xxxx_03.o(RESET)
    I2C0_IRQHandler                          0x00000135   Thumb Code     0  startup_ht32f5xxxx_03.o(RESET)
    I2C1_IRQHandler                          0x00000135   Thumb Code     0  startup_ht32f5xxxx_03.o(RESET)
    I2S_IRQHandler                           0x00000135   Thumb Code     0  startup_ht32f5xxxx_03.o(RESET)
    LVD_BOD_IRQHandler                       0x00000135   Thumb Code     0  startup_ht32f5xxxx_03.o(RESET)
    MCTM0_IRQHandler                         0x00000135   Thumb Code     0  startup_ht32f5xxxx_03.o(RESET)
    PDMA_CH0_1_IRQHandler                    0x00000135   Thumb Code     0  startup_ht32f5xxxx_03.o(RESET)
    PDMA_CH2_5_IRQHandler                    0x00000135   Thumb Code     0  startup_ht32f5xxxx_03.o(RESET)
    PWM0_IRQHandler                          0x00000135   Thumb Code     0  startup_ht32f5xxxx_03.o(RESET)
    PWM1_IRQHandler                          0x00000135   Thumb Code     0  startup_ht32f5xxxx_03.o(RESET)
    QSPI_IRQHandler                          0x00000135   Thumb Code     0  startup_ht32f5xxxx_03.o(RESET)
    RTC_IRQHandler                           0x00000135   Thumb Code     0  startup_ht32f5xxxx_03.o(RESET)
    SCI_IRQHandler                           0x00000135   Thumb Code     0  startup_ht32f5xxxx_03.o(RESET)
    SCTM0_IRQHandler                         0x00000135   Thumb Code     0  startup_ht32f5xxxx_03.o(RESET)
    SCTM1_IRQHandler                         0x00000135   Thumb Code     0  startup_ht32f5xxxx_03.o(RESET)
    SPI0_IRQHandler                          0x00000135   Thumb Code     0  startup_ht32f5xxxx_03.o(RESET)
    SPI1_IRQHandler                          0x00000135   Thumb Code     0  startup_ht32f5xxxx_03.o(RESET)
    UART0_IRQHandler                         0x00000135   Thumb Code     0  startup_ht32f5xxxx_03.o(RESET)
    UART0_UART2_IRQHandler                   0x00000135   Thumb Code     0  startup_ht32f5xxxx_03.o(RESET)
    UART1_IRQHandler                         0x00000135   Thumb Code     0  startup_ht32f5xxxx_03.o(RESET)
    UART1_UART3_IRQHandler                   0x00000135   Thumb Code     0  startup_ht32f5xxxx_03.o(RESET)
    USART0_IRQHandler                        0x00000135   Thumb Code     0  startup_ht32f5xxxx_03.o(RESET)
    USART1_IRQHandler                        0x00000135   Thumb Code     0  startup_ht32f5xxxx_03.o(RESET)
    USB_IRQHandler                           0x00000135   Thumb Code     0  startup_ht32f5xxxx_03.o(RESET)
    __main                                   0x00000165   Thumb Code     0  entry.o(.ARM.Collect$$$$00000000)
    _main_stk                                0x00000165   Thumb Code     0  entry2.o(.ARM.Collect$$$$00000001)
    _main_scatterload                        0x00000169   Thumb Code     0  entry5.o(.ARM.Collect$$$$00000004)
    __main_after_scatterload                 0x0000016d   Thumb Code     0  entry5.o(.ARM.Collect$$$$00000004)
    _main_clock                              0x0000016d   Thumb Code     0  entry7b.o(.ARM.Collect$$$$00000008)
    _main_cpp_init                           0x0000016d   Thumb Code     0  entry8b.o(.ARM.Collect$$$$0000000A)
    _main_init                               0x0000016d   Thumb Code     0  entry9a.o(.ARM.Collect$$$$0000000B)
    __rt_final_cpp                           0x00000175   Thumb Code     0  entry10a.o(.ARM.Collect$$$$0000000D)
    __rt_final_exit                          0x00000175   Thumb Code     0  entry11a.o(.ARM.Collect$$$$0000000F)
    __aeabi_lmul                             0x00000179   Thumb Code    48  llmul.o(.text)
    _ll_mul                                  0x00000179   Thumb Code     0  llmul.o(.text)
    __aeabi_memcpy                           0x000001a9   Thumb Code    36  memcpya.o(.text)
    __aeabi_memcpy4                          0x000001a9   Thumb Code     0  memcpya.o(.text)
    __aeabi_memcpy8                          0x000001a9   Thumb Code     0  memcpya.o(.text)
    __aeabi_memset                           0x000001cd   Thumb Code    14  memseta.o(.text)
    __aeabi_memset4                          0x000001cd   Thumb Code     0  memseta.o(.text)
    __aeabi_memset8                          0x000001cd   Thumb Code     0  memseta.o(.text)
    __aeabi_memclr                           0x000001db   Thumb Code     4  memseta.o(.text)
    __aeabi_memclr4                          0x000001db   Thumb Code     0  memseta.o(.text)
    __aeabi_memclr8                          0x000001db   Thumb Code     0  memseta.o(.text)
    _memset$wrapper                          0x000001df   Thumb Code    18  memseta.o(.text)
    __aeabi_uidiv                            0x000001f1   Thumb Code     0  uidiv_div0.o(.text)
    __aeabi_uidivmod                         0x000001f1   Thumb Code    62  uidiv_div0.o(.text)
    __scatterload                            0x00000231   Thumb Code    28  init.o(.text)
    __scatterload_rt2                        0x00000231   Thumb Code     0  init.o(.text)
    AFIO_GPxConfig                           0x00000255   Thumb Code   376  ht32f5xxxx_gpio.o(.text.AFIO_GPxConfig)
    CKCU_PeripClockConfig                    0x000003d1   Thumb Code    52  ht32f5xxxx_ckcu.o(.text.CKCU_PeripClockConfig)
    GPIO_DirectionConfig                     0x00000409   Thumb Code    20  ht32f5xxxx_gpio.o(.text.GPIO_DirectionConfig)
    GPIO_DriveConfig                         0x0000041d   Thumb Code   214  ht32f5xxxx_gpio.o(.text.GPIO_DriveConfig)
    GPIO_PullResistorConfig                  0x000004f3   Thumb Code    38  ht32f5xxxx_gpio.o(.text.GPIO_PullResistorConfig)
    HT32F_DVB_LEDInit                        0x00000519   Thumb Code   128  ht32_board.o(.text.HT32F_DVB_LEDInit)
    HT32F_DVB_LEDOff                         0x0000059d   Thumb Code    20  ht32_board.o(.text.HT32F_DVB_LEDOff)
    HT32F_DVB_LEDToggle                      0x000005b1   Thumb Code    24  ht32_board.o(.text.HT32F_DVB_LEDToggle)
    HardFault_Handler                        0x000005d5   Thumb Code    28  ht32f5xxxx_01_it.o(.text.HardFault_Handler)
    NMI_Handler                              0x000005f5   Thumb Code     2  ht32f5xxxx_01_it.o(.text.NMI_Handler)
    PendSV_Handler                           0x00000601   Thumb Code    68  port.o(.text.PendSV_Handler)
    SVC_Handler                              0x00000645   Thumb Code     2  port.o(.text.SVC_Handler)
    SysTick_Handler                          0x00000649   Thumb Code    32  port.o(.text.SysTick_Handler)
    SystemCoreClockUpdate                    0x0000066d   Thumb Code   124  system_ht32f5xxxx_03.o(.text.SystemCoreClockUpdate)
    SystemInit                               0x000006f5   Thumb Code   364  system_ht32f5xxxx_03.o(.text.SystemInit)
    eTaskConfirmSleepModeStatus              0x00000871   Thumb Code    52  tasks.o(.text.eTaskConfirmSleepModeStatus)
    main                                     0x000008b1   Thumb Code   120  main.o(.text.main)
    pvPortMalloc                             0x00000edd   Thumb Code   348  heap_4.o(.text.pvPortMalloc)
    pxPortInitialiseStack                    0x00001045   Thumb Code    32  port.o(.text.pxPortInitialiseStack)
    task_1                                   0x00001069   Thumb Code    14  main.o(.text.task_1)
    task_2                                   0x00001077   Thumb Code    16  main.o(.text.task_2)
    task_3                                   0x00001087   Thumb Code     8  main.o(.text.task_3)
    task_4                                   0x0000108f   Thumb Code     8  main.o(.text.task_4)
    ulSetInterruptMaskFromISR                0x00001097   Thumb Code     8  port.o(.text.ulSetInterruptMaskFromISR)
    uxListRemove                             0x0000109f   Thumb Code    34  list.o(.text.uxListRemove)
    uxTaskGetNumberOfTasks                   0x000010c1   Thumb Code     8  tasks.o(.text.uxTaskGetNumberOfTasks)
    vClearInterruptMaskFromISR               0x000010cd   Thumb Code     6  port.o(.text.vClearInterruptMaskFromISR)
    vListInitialise                          0x000010d3   Thumb Code    20  list.o(.text.vListInitialise)
    vListInitialiseItem                      0x000010e7   Thumb Code     6  list.o(.text.vListInitialiseItem)
    vListInsert                              0x000010ed   Thumb Code    60  list.o(.text.vListInsert)
    vPortEnterCritical                       0x00001129   Thumb Code    20  port.o(.text.vPortEnterCritical)
    vPortExitCritical                        0x0000113d   Thumb Code    24  port.o(.text.vPortExitCritical)
    vPortFree                                0x00001159   Thumb Code   136  heap_4.o(.text.vPortFree)
    vPortSetupTimerInterrupt                 0x000011f1   Thumb Code    64  port.o(.text.vPortSetupTimerInterrupt)
    vPortSuppressTicksAndSleep               0x00001275   Thumb Code   244  port.o(.text.vPortSuppressTicksAndSleep)
    vPortYield                               0x00001379   Thumb Code    20  port.o(.text.vPortYield)
    vQueueWaitForMessageRestricted           0x00001391   Thumb Code    68  queue.o(.text.vQueueWaitForMessageRestricted)
    vTaskDelay                               0x000013d5   Thumb Code   108  tasks.o(.text.vTaskDelay)
    vTaskInternalSetTimeOutState             0x00001449   Thumb Code    16  tasks.o(.text.vTaskInternalSetTimeOutState)
    vTaskMissedYield                         0x0000145d   Thumb Code     8  tasks.o(.text.vTaskMissedYield)
    vTaskPlaceOnEventList                    0x00001465   Thumb Code    32  tasks.o(.text.vTaskPlaceOnEventList)
    vTaskPlaceOnEventListRestricted          0x00001485   Thumb Code    72  tasks.o(.text.vTaskPlaceOnEventListRestricted)
    vTaskStartScheduler                      0x000014cd   Thumb Code    76  tasks.o(.text.vTaskStartScheduler)
    vTaskStepTick                            0x00001531   Thumb Code    80  tasks.o(.text.vTaskStepTick)
    vTaskSuspendAll                          0x0000158d   Thumb Code    12  tasks.o(.text.vTaskSuspendAll)
    vTaskSwitchContext                       0x00001599   Thumb Code   144  tasks.o(.text.vTaskSwitchContext)
    xPortStartScheduler                      0x0000163d   Thumb Code    84  port.o(.text.xPortStartScheduler)
    xQueueGenericCreate                      0x00001699   Thumb Code   152  queue.o(.text.xQueueGenericCreate)
    xQueueReceive                            0x00001731   Thumb Code   302  queue.o(.text.xQueueReceive)
    xTaskCheckForTimeOut                     0x00001861   Thumb Code   132  tasks.o(.text.xTaskCheckForTimeOut)
    xTaskCreate                              0x000018ed   Thumb Code   476  tasks.o(.text.xTaskCreate)
    xTaskGetSchedulerState                   0x00001ae5   Thumb Code    24  tasks.o(.text.xTaskGetSchedulerState)
    xTaskGetTickCount                        0x00001b01   Thumb Code     8  tasks.o(.text.xTaskGetTickCount)
    xTaskIncrementTick                       0x00001b0d   Thumb Code   324  tasks.o(.text.xTaskIncrementTick)
    xTaskPriorityDisinherit                  0x00001c61   Thumb Code   112  tasks.o(.text.xTaskPriorityDisinherit)
    xTaskRemoveFromEventList                 0x00001cd5   Thumb Code   200  tasks.o(.text.xTaskRemoveFromEventList)
    xTaskResumeAll                           0x00001db5   Thumb Code   280  tasks.o(.text.xTaskResumeAll)
    xTimerCreateTimerTask                    0x00001ef5   Thumb Code    96  timers.o(.text.xTimerCreateTimerTask)
    __scatterload_copy                       0x00001f79   Thumb Code    14  handlers.o(i.__scatterload_copy)
    __scatterload_null                       0x00001f87   Thumb Code     2  handlers.o(i.__scatterload_null)
    __scatterload_zeroinit                   0x00001f89   Thumb Code    14  handlers.o(i.__scatterload_zeroinit)
    GPIO_PORT                                0x00001f98   Data          24  ht32_board.o(.rodata.GPIO_PORT)
    LED_AFIO_MODE                            0x00001fb0   Data           3  ht32_board.o(.rodata.LED_AFIO_MODE)
    LED_GPIO_ID                              0x00001fb3   Data           3  ht32_board.o(.rodata.LED_GPIO_ID)
    LED_GPIO_PIN                             0x00001fb6   Data           6  ht32_board.o(.rodata.LED_GPIO_PIN)
    uxTopUsedPriority                        0x00001fbc   Data           4  tasks.o(.rodata.uxTopUsedPriority)
    Region$$Table$$Base                      0x00001fc0   Number         0  anon$$obj.o(Region$$Table)
    Region$$Table$$Limit                     0x00001fe0   Number         0  anon$$obj.o(Region$$Table)
    SystemCoreClock                          0x20000000   Data           4  system_ht32f5xxxx_03.o(.data.SystemCoreClock)
    pxCurrentTCB                             0x20000010   Data           4  tasks.o(.bss.pxCurrentTCB)
    __HT_check_sp                            0x20002178   Data           0  startup_ht32f5xxxx_03.o(STACK)
    __initial_sp                             0x20002378   Data           0  startup_ht32f5xxxx_03.o(STACK)



==============================================================================

Memory Map of the image

  Image Entry point : 0x000000c1

  Load Region LR_1 (Base: 0x00000000, Size: 0x00001fe8, Max: 0xffffffff, ABSOLUTE)

    Execution Region ER_RO (Exec base: 0x00000000, Load base: 0x00000000, Size: 0x00001fe0, Max: 0xffffffff, ABSOLUTE)

    Exec Addr    Load Addr    Size         Type   Attr      Idx    E Section Name        Object

    0x00000000   0x00000000   0x00000164   Code   RO          183  * RESET               startup_ht32f5xxxx_03.o
    0x00000164   0x00000164   0x00000000   Code   RO         1909  * .ARM.Collect$$$$00000000  mc_p.l(entry.o)
    0x00000164   0x00000164   0x00000004   Code   RO         2278    .ARM.Collect$$$$00000001  mc_p.l(entry2.o)
    0x00000168   0x00000168   0x00000004   Code   RO         2281    .ARM.Collect$$$$00000004  mc_p.l(entry5.o)
    0x0000016c   0x0000016c   0x00000000   Code   RO         2283    .ARM.Collect$$$$00000008  mc_p.l(entry7b.o)
    0x0000016c   0x0000016c   0x00000000   Code   RO         2285    .ARM.Collect$$$$0000000A  mc_p.l(entry8b.o)
    0x0000016c   0x0000016c   0x00000008   Code   RO         2286    .ARM.Collect$$$$0000000B  mc_p.l(entry9a.o)
    0x00000174   0x00000174   0x00000000   Code   RO         2288    .ARM.Collect$$$$0000000D  mc_p.l(entry10a.o)
    0x00000174   0x00000174   0x00000000   Code   RO         2290    .ARM.Collect$$$$0000000F  mc_p.l(entry11a.o)
    0x00000174   0x00000174   0x00000004   Code   RO         2279    .ARM.Collect$$$$00002712  mc_p.l(entry2.o)
    0x00000178   0x00000178   0x00000030   Code   RO         1918    .text               mc_p.l(llmul.o)
    0x000001a8   0x000001a8   0x00000024   Code   RO         1920    .text               mc_p.l(memcpya.o)
    0x000001cc   0x000001cc   0x00000024   Code   RO         1922    .text               mc_p.l(memseta.o)
    0x000001f0   0x000001f0   0x0000003e   Code   RO         2297    .text               mc_p.l(uidiv_div0.o)
    0x0000022e   0x0000022e   0x00000002   PAD
    0x00000230   0x00000230   0x00000024   Code   RO         2335    .text               mc_p.l(init.o)
    0x00000254   0x00000254   0x0000017c   Code   RO          670    .text.AFIO_GPxConfig  ht32f5xxxx_gpio.o
    0x000003d0   0x000003d0   0x00000038   Code   RO          432    .text.CKCU_PeripClockConfig  ht32f5xxxx_ckcu.o
    0x00000408   0x00000408   0x00000014   Code   RO          634    .text.GPIO_DirectionConfig  ht32f5xxxx_gpio.o
    0x0000041c   0x0000041c   0x000000d6   Code   RO          640    .text.GPIO_DriveConfig  ht32f5xxxx_gpio.o
    0x000004f2   0x000004f2   0x00000026   Code   RO          636    .text.GPIO_PullResistorConfig  ht32f5xxxx_gpio.o
    0x00000518   0x00000518   0x00000084   Code   RO         1368    .text.HT32F_DVB_LEDInit  ht32_board.o
    0x0000059c   0x0000059c   0x00000014   Code   RO         1370    .text.HT32F_DVB_LEDOff  ht32_board.o
    0x000005b0   0x000005b0   0x00000024   Code   RO         1374    .text.HT32F_DVB_LEDToggle  ht32_board.o
    0x000005d4   0x000005d4   0x00000020   Code   RO          138    .text.HardFault_Handler  ht32f5xxxx_01_it.o
    0x000005f4   0x000005f4   0x00000002   Code   RO          136    .text.NMI_Handler   ht32f5xxxx_01_it.o
    0x000005f6   0x000005f6   0x0000000a   PAD
    0x00000600   0x00000600   0x00000044   Code   RO         1569    .text.PendSV_Handler  port.o
    0x00000644   0x00000644   0x00000002   Code   RO         1549    .text.SVC_Handler   port.o
    0x00000646   0x00000646   0x00000002   PAD
    0x00000648   0x00000648   0x00000024   Code   RO         1571    .text.SysTick_Handler  port.o
    0x0000066c   0x0000066c   0x00000088   Code   RO          171    .text.SystemCoreClockUpdate  system_ht32f5xxxx_03.o
    0x000006f4   0x000006f4   0x0000017c   Code   RO          169    .text.SystemInit    system_ht32f5xxxx_03.o
    0x00000870   0x00000870   0x00000040   Code   RO         1770    .text.eTaskConfirmSleepModeStatus  tasks.o
    0x000008b0   0x000008b0   0x000000a8   Code   RO           14    .text.main          main.o
    0x00000958   0x00000958   0x00000090   Code   RO         1698    .text.prvAddCurrentTaskToDelayedList  tasks.o
    0x000009e8   0x000009e8   0x000000f0   Code   RO         1722    .text.prvIdleTask   tasks.o
    0x00000ad8   0x00000ad8   0x000000a6   Code   RO         1636    .text.prvNotifyQueueSetContainer  queue.o
    0x00000b7e   0x00000b7e   0x00000002   PAD
    0x00000b80   0x00000b80   0x00000098   Code   RO         1872    .text.prvSampleTimeNow  timers.o
    0x00000c18   0x00000c18   0x00000034   Code   RO         1547    .text.prvTaskExitError  port.o
    0x00000c4c   0x00000c4c   0x00000200   Code   RO         1838    .text.prvTimerTask  timers.o
    0x00000e4c   0x00000e4c   0x00000090   Code   RO         1638    .text.prvUnlockQueue  queue.o
    0x00000edc   0x00000edc   0x00000168   Code   RO         1587    .text.pvPortMalloc  heap_4.o
    0x00001044   0x00001044   0x00000024   Code   RO         1545    .text.pxPortInitialiseStack  port.o
    0x00001068   0x00001068   0x0000000e   Code   RO            2    .text.task_1        main.o
    0x00001076   0x00001076   0x00000010   Code   RO            6    .text.task_2        main.o
    0x00001086   0x00001086   0x00000008   Code   RO           10    .text.task_3        main.o
    0x0000108e   0x0000108e   0x00000008   Code   RO           12    .text.task_4        main.o
    0x00001096   0x00001096   0x00000008   Code   RO         1565    .text.ulSetInterruptMaskFromISR  port.o
    0x0000109e   0x0000109e   0x00000022   Code   RO         1535    .text.uxListRemove  list.o
    0x000010c0   0x000010c0   0x0000000c   Code   RO         1732    .text.uxTaskGetNumberOfTasks  tasks.o
    0x000010cc   0x000010cc   0x00000006   Code   RO         1567    .text.vClearInterruptMaskFromISR  port.o
    0x000010d2   0x000010d2   0x00000014   Code   RO         1527    .text.vListInitialise  list.o
    0x000010e6   0x000010e6   0x00000006   Code   RO         1529    .text.vListInitialiseItem  list.o
    0x000010ec   0x000010ec   0x0000003c   Code   RO         1533    .text.vListInsert   list.o
    0x00001128   0x00001128   0x00000014   Code   RO         1561    .text.vPortEnterCritical  port.o
    0x0000113c   0x0000113c   0x0000001c   Code   RO         1563    .text.vPortExitCritical  port.o
    0x00001158   0x00001158   0x00000098   Code   RO         1589    .text.vPortFree     heap_4.o
    0x000011f0   0x000011f0   0x00000048   Code   RO         1553    .text.vPortSetupTimerInterrupt  port.o
    0x00001238   0x00001238   0x00000008   PAD
    0x00001240   0x00001240   0x00000034   Code   RO         1555    .text.vPortStartFirstTask  port.o
    0x00001274   0x00001274   0x00000104   Code   RO         1573    .text.vPortSuppressTicksAndSleep  port.o
    0x00001378   0x00001378   0x00000018   Code   RO         1559    .text.vPortYield    port.o
    0x00001390   0x00001390   0x00000044   Code   RO         1670    .text.vQueueWaitForMessageRestricted  queue.o
    0x000013d4   0x000013d4   0x00000074   Code   RO         1702    .text.vTaskDelay    tasks.o
    0x00001448   0x00001448   0x00000014   Code   RO         1760    .text.vTaskInternalSetTimeOutState  tasks.o
    0x0000145c   0x0000145c   0x00000008   Code   RO         1764    .text.vTaskMissedYield  tasks.o
    0x00001464   0x00001464   0x00000020   Code   RO         1748    .text.vTaskPlaceOnEventList  tasks.o
    0x00001484   0x00001484   0x00000048   Code   RO         1752    .text.vTaskPlaceOnEventListRestricted  tasks.o
    0x000014cc   0x000014cc   0x00000064   Code   RO         1720    .text.vTaskStartScheduler  tasks.o
    0x00001530   0x00001530   0x0000005c   Code   RO         1742    .text.vTaskStepTick  tasks.o
    0x0000158c   0x0000158c   0x0000000c   Code   RO         1696    .text.vTaskSuspendAll  tasks.o
    0x00001598   0x00001598   0x000000a4   Code   RO         1714    .text.vTaskSwitchContext  tasks.o
    0x0000163c   0x0000163c   0x0000005c   Code   RO         1551    .text.xPortStartScheduler  port.o
    0x00001698   0x00001698   0x00000098   Code   RO         1618    .text.xQueueGenericCreate  queue.o
    0x00001730   0x00001730   0x0000012e   Code   RO         1644    .text.xQueueReceive  queue.o
    0x0000185e   0x0000185e   0x00000002   PAD
    0x00001860   0x00001860   0x0000008c   Code   RO         1762    .text.xTaskCheckForTimeOut  tasks.o
    0x000018ec   0x000018ec   0x000001f8   Code   RO         1690    .text.xTaskCreate   tasks.o
    0x00001ae4   0x00001ae4   0x0000001c   Code   RO         1780    .text.xTaskGetSchedulerState  tasks.o
    0x00001b00   0x00001b00   0x0000000c   Code   RO         1728    .text.xTaskGetTickCount  tasks.o
    0x00001b0c   0x00001b0c   0x00000154   Code   RO         1726    .text.xTaskIncrementTick  tasks.o
    0x00001c60   0x00001c60   0x00000074   Code   RO         1784    .text.xTaskPriorityDisinherit  tasks.o
    0x00001cd4   0x00001cd4   0x000000e0   Code   RO         1754    .text.xTaskRemoveFromEventList  tasks.o
    0x00001db4   0x00001db4   0x00000140   Code   RO         1700    .text.xTaskResumeAll  tasks.o
    0x00001ef4   0x00001ef4   0x00000084   Code   RO         1836    .text.xTimerCreateTimerTask  timers.o
    0x00001f78   0x00001f78   0x0000000e   Code   RO         2360    i.__scatterload_copy  mc_p.l(handlers.o)
    0x00001f86   0x00001f86   0x00000002   Code   RO         2361    i.__scatterload_null  mc_p.l(handlers.o)
    0x00001f88   0x00001f88   0x0000000e   Code   RO         2362    i.__scatterload_zeroinit  mc_p.l(handlers.o)
    0x00001f96   0x00001f96   0x00000002   PAD
    0x00001f98   0x00001f98   0x00000018   Data   RO         1386    .rodata.GPIO_PORT   ht32_board.o
    0x00001fb0   0x00001fb0   0x00000003   Data   RO         1389    .rodata.LED_AFIO_MODE  ht32_board.o
    0x00001fb3   0x00001fb3   0x00000003   Data   RO         1387    .rodata.LED_GPIO_ID  ht32_board.o
    0x00001fb6   0x00001fb6   0x00000006   Data   RO         1388    .rodata.LED_GPIO_PIN  ht32_board.o
    0x00001fbc   0x00001fbc   0x00000004   Data   RO         1807    .rodata.uxTopUsedPriority  tasks.o
    0x00001fc0   0x00001fc0   0x00000020   Data   RO         2359    Region$$Table       anon$$obj.o


    Execution Region ER_RW (Exec base: 0x20000000, Load base: 0x00001fe0, Size: 0x00000008, Max: 0xffffffff, ABSOLUTE)

    Exec Addr    Load Addr    Size         Type   Attr      Idx    E Section Name        Object

    0x20000000   0x00001fe0   0x00000004   Data   RW          173    .data.SystemCoreClock  system_ht32f5xxxx_03.o
    0x20000004   0x00001fe4   0x00000004   Data   RW         1575    .data.uxCriticalNesting  port.o


    Execution Region ER_ZI (Exec base: 0x20000008, Load base: 0x00001fe8, Size: 0x00002370, Max: 0xffffffff, ABSOLUTE)

    Exec Addr    Load Addr    Size         Type   Attr      Idx    E Section Name        Object

    0x20000008        -       0x00000004   Zero   RW          140    .bss.HardFault_Handler.gIsContinue  ht32f5xxxx_01_it.o
    0x2000000c        -       0x00000004   Zero   RW         1878    .bss.prvSampleTimeNow.xLastTime  timers.o
    0x20000010        -       0x00000004   Zero   RW         1806    .bss.pxCurrentTCB   tasks.o
    0x20000014        -       0x00000004   Zero   RW         1876    .bss.pxCurrentTimerList  timers.o
    0x20000018        -       0x00000004   Zero   RW         1815    .bss.pxDelayedTaskList  tasks.o
    0x2000001c        -       0x00000004   Zero   RW         1601    .bss.pxEnd          heap_4.o
    0x20000020        -       0x00000004   Zero   RW         1816    .bss.pxOverflowDelayedTaskList  tasks.o
    0x20000024        -       0x00000004   Zero   RW         1877    .bss.pxOverflowTimerList  timers.o
    0x20000028        -       0x00000064   Zero   RW         1818    .bss.pxReadyTasksLists  tasks.o
    0x2000008c        -       0x00002000   Zero   RW         1607    .bss.ucHeap         heap_4.o
    0x2000208c        -       0x00000001   Zero   RW         1578    .bss.ulStoppedTimerCompensation  port.o
    0x2000208d   0x00001fe8   0x00000003   PAD
    0x20002090        -       0x00000004   Zero   RW         1576    .bss.ulTimerCountsForOneTick  port.o
    0x20002094        -       0x00000004   Zero   RW         1811    .bss.uxCurrentNumberOfTasks  tasks.o
    0x20002098        -       0x00000004   Zero   RW         1810    .bss.uxDeletedTasksWaitingCleanUp  tasks.o
    0x2000209c        -       0x00000004   Zero   RW         1813    .bss.uxSchedulerSuspended  tasks.o
    0x200020a0        -       0x00000004   Zero   RW         1808    .bss.uxTaskNumber   tasks.o
    0x200020a4        -       0x00000004   Zero   RW         1819    .bss.uxTopReadyPriority  tasks.o
    0x200020a8        -       0x00000014   Zero   RW         1879    .bss.xActiveTimerList1  timers.o
    0x200020bc        -       0x00000014   Zero   RW         1880    .bss.xActiveTimerList2  timers.o
    0x200020d0        -       0x00000014   Zero   RW         1826    .bss.xDelayedTaskList1  tasks.o
    0x200020e4        -       0x00000014   Zero   RW         1827    .bss.xDelayedTaskList2  tasks.o
    0x200020f8        -       0x00000004   Zero   RW         1602    .bss.xFreeBytesRemaining  heap_4.o
    0x200020fc        -       0x00000004   Zero   RW         1822    .bss.xIdleTaskHandle  tasks.o
    0x20002100        -       0x00000004   Zero   RW         1577    .bss.xMaximumPossibleSuppressedTicks  port.o
    0x20002104        -       0x00000004   Zero   RW         1604    .bss.xMinimumEverFreeBytesRemaining  heap_4.o
    0x20002108        -       0x00000004   Zero   RW         1823    .bss.xNextTaskUnblockTime  tasks.o
    0x2000210c        -       0x00000004   Zero   RW         1825    .bss.xNumOfOverflows  tasks.o
    0x20002110        -       0x00000004   Zero   RW         1605    .bss.xNumberOfSuccessfulAllocations  heap_4.o
    0x20002114        -       0x00000004   Zero   RW         1606    .bss.xNumberOfSuccessfulFrees  heap_4.o
    0x20002118        -       0x00000004   Zero   RW         1824    .bss.xPendedTicks   tasks.o
    0x2000211c        -       0x00000014   Zero   RW         1821    .bss.xPendingReadyList  tasks.o
    0x20002130        -       0x00000004   Zero   RW         1812    .bss.xSchedulerRunning  tasks.o
    0x20002134        -       0x00000008   Zero   RW         1603    .bss.xStart         heap_4.o
    0x2000213c        -       0x00000014   Zero   RW         1817    .bss.xSuspendedTaskList  tasks.o
    0x20002150        -       0x00000014   Zero   RW         1809    .bss.xTasksWaitingTermination  tasks.o
    0x20002164        -       0x00000004   Zero   RW         1814    .bss.xTickCount     tasks.o
    0x20002168        -       0x00000004   Zero   RW         1874    .bss.xTimerQueue    timers.o
    0x2000216c        -       0x00000004   Zero   RW         1875    .bss.xTimerTaskHandle  timers.o
    0x20002170        -       0x00000004   Zero   RW         1820    .bss.xYieldPending  tasks.o
    0x20002174   0x00001fe8   0x00000004   PAD
    0x20002178        -       0x00000200   Zero   RW          181    STACK               startup_ht32f5xxxx_03.o


==============================================================================

Image component sizes


      Code (inc. data)   RO Data    RW Data    ZI Data      Debug   Object Name

       512         28          0          0       8220       5245   heap_4.o
       188         16         36          0          0      12637   ht32_board.o
        34          4          0          0          4        752   ht32f5xxxx_01_it.o
        56          4          0          0          0      17540   ht32f5xxxx_ckcu.o
       652          4          0          0          0      11381   ht32f5xxxx_gpio.o
       120          0          0          0          0       2431   list.o
       214         48          0          0          0      39670   main.o
       756         60          0          4          9       4290   port.o
       832          0          0          0          0      22742   queue.o
       356        238          0          0        512        732   startup_ht32f5xxxx_03.o
       516         36          0          4          0       3064   system_ht32f5xxxx_03.o
      2760        260          4          0        260      44203   tasks.o
       796         62          0          0         60      13654   timers.o

    ----------------------------------------------------------------------
      7816        768         72          8       9072     178341   Object Totals
         0          0         32          0          0          0   (incl. Generated)
        24          8          0          0          7          0   (incl. Padding)

    ----------------------------------------------------------------------

      Code (inc. data)   RO Data    RW Data    ZI Data      Debug   Library Member Name

         0          0          0          0          0          0   entry.o
         0          0          0          0          0          0   entry10a.o
         0          0          0          0          0          0   entry11a.o
         8          4          0          0          0          0   entry2.o
         4          0          0          0          0          0   entry5.o
         0          0          0          0          0          0   entry7b.o
         0          0          0          0          0          0   entry8b.o
         8          4          0          0          0          0   entry9a.o
        30          0          0          0          0          0   handlers.o
        36          8          0          0          0         68   init.o
        48          0          0          0          0         72   llmul.o
        36          0          0          0          0         60   memcpya.o
        36          0          0          0          0        100   memseta.o
        62          0          0          0          0         72   uidiv_div0.o

    ----------------------------------------------------------------------
       272         16          0          0          0        372   Library Totals
         4          0          0          0          0          0   (incl. Padding)

    ----------------------------------------------------------------------

      Code (inc. data)   RO Data    RW Data    ZI Data      Debug   Library Name

       268         16          0          0          0        372   mc_p.l

    ----------------------------------------------------------------------
       272         16          0          0          0        372   Library Totals

    ----------------------------------------------------------------------

==============================================================================


      Code (inc. data)   RO Data    RW Data    ZI Data      Debug   

      8088        784         72          8       9072     178557   Grand Totals
      8088        784         72          8       9072     178557   ELF Image Totals
      8088        784         72          8          0          0   ROM Totals

==============================================================================

    Total RO  Size (Code + RO Data)                 8160 (   7.97kB)
    Total RW  Size (RW Data + ZI Data)              9080 (   8.87kB)
    Total ROM Size (Code + RO Data + RW Data)       8168 (   7.98kB)

==============================================================================

